MPLINK 4.37, Linker
Linker Map File - Created Sun Dec 05 02:17:39 2010

                                 Section Info
                  Section       Type    Address   Location Size(Bytes)
                ---------  ---------  ---------  ---------  ---------
                   .org_1       code   0x000000    program   0x0003da
                   .cinit    romdata   0x0001ed    program   0x000004
                    .code       code   0x0001ef    program   0x0001bc
                   LCDLIB       code   0x0002cd    program   0x000098
                    MYLIB       code   0x000319    program   0x000012
.config_8007_AUDIO-SWITCH.O       code   0x008007    program   0x000002
.config_8008_AUDIO-SWITCH.O       code   0x008008    program   0x000002
                   .org_0       code   0x00f000    program   0x000008
                   .udata      udata   0x000620       data   0x00000d
                  _DELOV2      udata   0x00062d       data   0x000002
                  _DELOV1      udata   0x00062f       data   0x000002
                  _LCDOV1      udata   0x000631       data   0x000001



                              Program Memory Usage 
                               Start         End      
                           ---------   ---------      
                            0x000000    0x000321      
                            0x008007    0x008008      
                            0x00f000    0x00f003      
            808 out of 16647 program addresses used, program memory utilization is 4%



                              Symbols - Sorted by Name
                     Name    Address   Location    Storage File                     
                ---------  ---------  ---------  --------- ---------                
                   DATAEE   0x00f000    program     static C:\Users\Matthew\Documents\PIC Projects\Audio-Switch\Audio-Switch.asm
                   Del2ms   0x0002f1    program     extern LCDlib\LCDlib\Del2ms.asm 
                  Del40us   0x0002f9    program     extern LCDlib\LCDlib\Del40us.asm
                 Del450ns   0x000304    program     extern LCDlib\LCDlib\Del450ns.asm
                 Dis1Name   0x0002b4    program     extern C:\Users\Matthew\Documents\PIC Projects\Audio-Switch\DisLCD.asm
                Dis1NameS   0x0002b5    program     static C:\Users\Matthew\Documents\PIC Projects\Audio-Switch\DisLCD.asm
                 Dis2Name   0x0002bc    program     extern C:\Users\Matthew\Documents\PIC Projects\Audio-Switch\DisLCD.asm
                Dis2NameS   0x0002bd    program     static C:\Users\Matthew\Documents\PIC Projects\Audio-Switch\DisLCD.asm
                DisInName   0x00023b    program     extern C:\Users\Matthew\Documents\PIC Projects\Audio-Switch\DisLCD.asm
               DisInNameS   0x00023d    program     static C:\Users\Matthew\Documents\PIC Projects\Audio-Switch\DisLCD.asm
                 DisLName   0x0002a4    program     extern C:\Users\Matthew\Documents\PIC Projects\Audio-Switch\DisLCD.asm
                DisLNameS   0x0002a5    program     static C:\Users\Matthew\Documents\PIC Projects\Audio-Switch\DisLCD.asm
              DisOutInDiv   0x0002c4    program     extern C:\Users\Matthew\Documents\PIC Projects\Audio-Switch\DisLCD.asm
               DisPortDiv   0x0002c8    program     extern C:\Users\Matthew\Documents\PIC Projects\Audio-Switch\DisLCD.asm
                 DisRName   0x0002ac    program     extern C:\Users\Matthew\Documents\PIC Projects\Audio-Switch\DisLCD.asm
                DisRNameS   0x0002ad    program     static C:\Users\Matthew\Documents\PIC Projects\Audio-Switch\DisLCD.asm
           EEPROM_1_Write   0x0001c5    program     static C:\Users\Matthew\Documents\PIC Projects\Audio-Switch\Audio-Switch.asm
           EEPROM_2_Write   0x0001d9    program     static C:\Users\Matthew\Documents\PIC Projects\Audio-Switch\Audio-Switch.asm
           EEPROM_L_Write   0x00019d    program     static C:\Users\Matthew\Documents\PIC Projects\Audio-Switch\Audio-Switch.asm
           EEPROM_R_Write   0x0001b1    program     static C:\Users\Matthew\Documents\PIC Projects\Audio-Switch\Audio-Switch.asm
                   EEREAD   0x000130    program     static C:\Users\Matthew\Documents\PIC Projects\Audio-Switch\Audio-Switch.asm
           ErrSerialFrame   0x000089    program     static C:\Users\Matthew\Documents\PIC Projects\Audio-Switch\Audio-Switch.asm
           ErrSerialOverr   0x000085    program     static C:\Users\Matthew\Documents\PIC Projects\Audio-Switch\Audio-Switch.asm
                 I2CSetup   0x0000c8    program     static C:\Users\Matthew\Documents\PIC Projects\Audio-Switch\Audio-Switch.asm
               Input1Name   0x000262    program     static C:\Users\Matthew\Documents\PIC Projects\Audio-Switch\DisLCD.asm
              Input1NameT   0x000264    program     static C:\Users\Matthew\Documents\PIC Projects\Audio-Switch\DisLCD.asm
             Input1NameTs   0x000213    program     static C:\Users\Matthew\Documents\PIC Projects\Audio-Switch\DisLCD.asm
              Input2NameT   0x00026c    program     static C:\Users\Matthew\Documents\PIC Projects\Audio-Switch\DisLCD.asm
             Input2NameTs   0x000218    program     static C:\Users\Matthew\Documents\PIC Projects\Audio-Switch\DisLCD.asm
              Input3NameT   0x000274    program     static C:\Users\Matthew\Documents\PIC Projects\Audio-Switch\DisLCD.asm
             Input3NameTs   0x00021d    program     static C:\Users\Matthew\Documents\PIC Projects\Audio-Switch\DisLCD.asm
              Input4NameT   0x00027c    program     static C:\Users\Matthew\Documents\PIC Projects\Audio-Switch\DisLCD.asm
             Input4NameTs   0x000222    program     static C:\Users\Matthew\Documents\PIC Projects\Audio-Switch\DisLCD.asm
              Input5NameT   0x000284    program     static C:\Users\Matthew\Documents\PIC Projects\Audio-Switch\DisLCD.asm
             Input5NameTs   0x000227    program     static C:\Users\Matthew\Documents\PIC Projects\Audio-Switch\DisLCD.asm
              Input6NameT   0x00028c    program     static C:\Users\Matthew\Documents\PIC Projects\Audio-Switch\DisLCD.asm
             Input6NameTs   0x00022c    program     static C:\Users\Matthew\Documents\PIC Projects\Audio-Switch\DisLCD.asm
              Input7NameT   0x000294    program     static C:\Users\Matthew\Documents\PIC Projects\Audio-Switch\DisLCD.asm
             Input7NameTs   0x000231    program     static C:\Users\Matthew\Documents\PIC Projects\Audio-Switch\DisLCD.asm
              Input8NameT   0x00029c    program     static C:\Users\Matthew\Documents\PIC Projects\Audio-Switch\DisLCD.asm
             Input8NameTs   0x000236    program     static C:\Users\Matthew\Documents\PIC Projects\Audio-Switch\DisLCD.asm
                 LCDLine1   0x000138    program     static C:\Users\Matthew\Documents\PIC Projects\Audio-Switch\Audio-Switch.asm
                 LCDLine2   0x000144    program     static C:\Users\Matthew\Documents\PIC Projects\Audio-Switch\Audio-Switch.asm
                  LCDaddr   0x000308    program     extern LCDlib\LCDlib\LCDaddr.asm
                   LCDdig   0x000319    program     extern C:\Users\Matthew\Documents\PIC Projects\Audio-Switch\Myletr.asm
                  LCDinit   0x0002cd    program     extern C:\Users\Matthew\Documents\PIC Projects\Audio-Switch\MyInit.asm
                  LCDletr   0x00031b    program     extern C:\Users\Matthew\Documents\PIC Projects\Audio-Switch\Myletr.asm
                  LCDsend   0x000311    program     extern LCDlib\LCDlib\LCDsend.asm
                  LCDsndD   0x0002e5    program     extern C:\Users\Matthew\Documents\PIC Projects\Audio-Switch\mySnd.asm
                  LCDsndI   0x0002e8    program     extern C:\Users\Matthew\Documents\PIC Projects\Audio-Switch\mySnd.asm
                    L_Mux   0x0000bd    program     static C:\Users\Matthew\Documents\PIC Projects\Audio-Switch\Audio-Switch.asm
                     Loop   0x000034    program     static C:\Users\Matthew\Documents\PIC Projects\Audio-Switch\Audio-Switch.asm
                    MUXS1   0x000120    program     static C:\Users\Matthew\Documents\PIC Projects\Audio-Switch\Audio-Switch.asm
                    MUXS2   0x000122    program     static C:\Users\Matthew\Documents\PIC Projects\Audio-Switch\Audio-Switch.asm
                    MUXS3   0x000124    program     static C:\Users\Matthew\Documents\PIC Projects\Audio-Switch\Audio-Switch.asm
                    MUXS4   0x000126    program     static C:\Users\Matthew\Documents\PIC Projects\Audio-Switch\Audio-Switch.asm
                    MUXS5   0x000128    program     static C:\Users\Matthew\Documents\PIC Projects\Audio-Switch\Audio-Switch.asm
                    MUXS6   0x00012a    program     static C:\Users\Matthew\Documents\PIC Projects\Audio-Switch\Audio-Switch.asm
                    MUXS7   0x00012c    program     static C:\Users\Matthew\Documents\PIC Projects\Audio-Switch\Audio-Switch.asm
                    MUXS8   0x00012e    program     static C:\Users\Matthew\Documents\PIC Projects\Audio-Switch\Audio-Switch.asm
                 MuxSetup   0x0000c2    program     static C:\Users\Matthew\Documents\PIC Projects\Audio-Switch\Audio-Switch.asm
             Mux_Port_Num   0x0000fd    program     static C:\Users\Matthew\Documents\PIC Projects\Audio-Switch\Audio-Switch.asm
               PB_1_Count   0x000177    program     static C:\Users\Matthew\Documents\PIC Projects\Audio-Switch\Audio-Switch.asm
             PB_1_wasDown   0x00017f    program     static C:\Users\Matthew\Documents\PIC Projects\Audio-Switch\Audio-Switch.asm
               PB_1_wasUp   0x00017b    program     static C:\Users\Matthew\Documents\PIC Projects\Audio-Switch\Audio-Switch.asm
               PB_2_Count   0x00018a    program     static C:\Users\Matthew\Documents\PIC Projects\Audio-Switch\Audio-Switch.asm
             PB_2_wasDown   0x000192    program     static C:\Users\Matthew\Documents\PIC Projects\Audio-Switch\Audio-Switch.asm
               PB_2_wasUp   0x00018e    program     static C:\Users\Matthew\Documents\PIC Projects\Audio-Switch\Audio-Switch.asm
               PB_L_Count   0x000150    program     static C:\Users\Matthew\Documents\PIC Projects\Audio-Switch\Audio-Switch.asm
             PB_L_wasDown   0x000158    program     static C:\Users\Matthew\Documents\PIC Projects\Audio-Switch\Audio-Switch.asm
               PB_L_wasUp   0x000154    program     static C:\Users\Matthew\Documents\PIC Projects\Audio-Switch\Audio-Switch.asm
               PB_R_Count   0x000164    program     static C:\Users\Matthew\Documents\PIC Projects\Audio-Switch\Audio-Switch.asm
             PB_R_wasDown   0x00016c    program     static C:\Users\Matthew\Documents\PIC Projects\Audio-Switch\Audio-Switch.asm
               PB_R_wasUp   0x000168    program     static C:\Users\Matthew\Documents\PIC Projects\Audio-Switch\Audio-Switch.asm
               Port1NameT   0x000201    program     static C:\Users\Matthew\Documents\PIC Projects\Audio-Switch\DisLCD.asm
              Port1NameTs   0x000205    program     static C:\Users\Matthew\Documents\PIC Projects\Audio-Switch\DisLCD.asm
               Port2NameT   0x00020a    program     static C:\Users\Matthew\Documents\PIC Projects\Audio-Switch\DisLCD.asm
              Port2NameTs   0x00020e    program     static C:\Users\Matthew\Documents\PIC Projects\Audio-Switch\DisLCD.asm
               PortLNameT   0x0001ef    program     static C:\Users\Matthew\Documents\PIC Projects\Audio-Switch\DisLCD.asm
              PortLNameTs   0x0001f3    program     static C:\Users\Matthew\Documents\PIC Projects\Audio-Switch\DisLCD.asm
               PortRNameT   0x0001f8    program     static C:\Users\Matthew\Documents\PIC Projects\Audio-Switch\DisLCD.asm
              PortRNameTs   0x0001fc    program     static C:\Users\Matthew\Documents\PIC Projects\Audio-Switch\DisLCD.asm
                     Rec1   0x000081    program     static C:\Users\Matthew\Documents\PIC Projects\Audio-Switch\Audio-Switch.asm
                     Rec2   0x000083    program     static C:\Users\Matthew\Documents\PIC Projects\Audio-Switch\Audio-Switch.asm
                     RecD   0x00007b    program     static C:\Users\Matthew\Documents\PIC Projects\Audio-Switch\Audio-Switch.asm
                     RecL   0x00007d    program     static C:\Users\Matthew\Documents\PIC Projects\Audio-Switch\Audio-Switch.asm
                     RecR   0x00007f    program     static C:\Users\Matthew\Documents\PIC Projects\Audio-Switch\Audio-Switch.asm
              ReceiveSer1   0x000062    program     static C:\Users\Matthew\Documents\PIC Projects\Audio-Switch\Audio-Switch.asm
            ReceiveSerial   0x000059    program     static C:\Users\Matthew\Documents\PIC Projects\Audio-Switch\Audio-Switch.asm
                  STARTUP   0x000000    program     static C:\Users\Matthew\Documents\PIC Projects\Audio-Switch\Audio-Switch.asm
                  Serial1   0x0000a9    program     static C:\Users\Matthew\Documents\PIC Projects\Audio-Switch\Audio-Switch.asm
                  Serial2   0x0000b3    program     static C:\Users\Matthew\Documents\PIC Projects\Audio-Switch\Audio-Switch.asm
            SerialDisplay   0x00008c    program     static C:\Users\Matthew\Documents\PIC Projects\Audio-Switch\Audio-Switch.asm
                  SerialL   0x000094    program     static C:\Users\Matthew\Documents\PIC Projects\Audio-Switch\Audio-Switch.asm
                  SerialR   0x00009f    program     static C:\Users\Matthew\Documents\PIC Projects\Audio-Switch\Audio-Switch.asm
              SerialSetup   0x000048    program     static C:\Users\Matthew\Documents\PIC Projects\Audio-Switch\Audio-Switch.asm
                    Start   0x000003    program     static C:\Users\Matthew\Documents\PIC Projects\Audio-Switch\Audio-Switch.asm
             _.org_1_0008   0x000008    program     static C:\Users\Matthew\Documents\PIC Projects\Audio-Switch\Audio-Switch.asm
             _.org_1_008E   0x00008e    program     static C:\Users\Matthew\Documents\PIC Projects\Audio-Switch\Audio-Switch.asm
             _.org_1_00D9   0x0000d9    program     static C:\Users\Matthew\Documents\PIC Projects\Audio-Switch\Audio-Switch.asm
             _.org_1_00E1   0x0000e1    program     static C:\Users\Matthew\Documents\PIC Projects\Audio-Switch\Audio-Switch.asm
             _.org_1_00E4   0x0000e4    program     static C:\Users\Matthew\Documents\PIC Projects\Audio-Switch\Audio-Switch.asm
             _.org_1_00E9   0x0000e9    program     static C:\Users\Matthew\Documents\PIC Projects\Audio-Switch\Audio-Switch.asm
             _.org_1_00F1   0x0000f1    program     static C:\Users\Matthew\Documents\PIC Projects\Audio-Switch\Audio-Switch.asm
             _.org_1_00F6   0x0000f6    program     static C:\Users\Matthew\Documents\PIC Projects\Audio-Switch\Audio-Switch.asm
             _.org_1_00FB   0x0000fb    program     static C:\Users\Matthew\Documents\PIC Projects\Audio-Switch\Audio-Switch.asm
             _.org_1_01AF   0x0001af    program     static C:\Users\Matthew\Documents\PIC Projects\Audio-Switch\Audio-Switch.asm
             _.org_1_01C3   0x0001c3    program     static C:\Users\Matthew\Documents\PIC Projects\Audio-Switch\Audio-Switch.asm
             _.org_1_01D7   0x0001d7    program     static C:\Users\Matthew\Documents\PIC Projects\Audio-Switch\Audio-Switch.asm
             _.org_1_01EB   0x0001eb    program     static C:\Users\Matthew\Documents\PIC Projects\Audio-Switch\Audio-Switch.asm
             _LCDLIB_0002   0x0002e7    program     static C:\Users\Matthew\Documents\PIC Projects\Audio-Switch\mySnd.asm
             _LCDLIB_0008   0x0002d5    program     static C:\Users\Matthew\Documents\PIC Projects\Audio-Switch\MyInit.asm
        i2c_SendLDataByte   0x0000eb    program     static C:\Users\Matthew\Documents\PIC Projects\Audio-Switch\Audio-Switch.asm
       i2c_SendLMuxWrAddr   0x0000dd    program     static C:\Users\Matthew\Documents\PIC Projects\Audio-Switch\Audio-Switch.asm
                 i2c_Stop   0x0000f8    program     static C:\Users\Matthew\Documents\PIC Projects\Audio-Switch\Audio-Switch.asm
                i2c_start   0x0000d6    program     static C:\Users\Matthew\Documents\PIC Projects\Audio-Switch\Audio-Switch.asm
                    jloop   0x0002fb    program     static LCDlib\LCDlib\Del40us.asm
                    kloop   0x0002fc    program     static LCDlib\LCDlib\Del40us.asm
                    lloop   0x0002f3    program     static LCDlib\LCDlib\Del2ms.asm 
                    mloop   0x0002f4    program     static LCDlib\LCDlib\Del2ms.asm 
                     Addr   0x000631       data     static LCDlib\LCDlib\LCDaddr.asm
                  Buttons   0x000624       data     static C:\Users\Matthew\Documents\PIC Projects\Audio-Switch\Audio-Switch.asm
                     CHAR   0x00062b       data     static C:\Users\Matthew\Documents\PIC Projects\Audio-Switch\DisLCD.asm
                  CharIdx   0x000629       data     static C:\Users\Matthew\Documents\PIC Projects\Audio-Switch\DisLCD.asm
                    Count   0x000631       data     static C:\Users\Matthew\Documents\PIC Projects\Audio-Switch\MyInit.asm
                    Flags   0x000628       data     static C:\Users\Matthew\Documents\PIC Projects\Audio-Switch\Audio-Switch.asm
                MuxSource   0x000627       data     static C:\Users\Matthew\Documents\PIC Projects\Audio-Switch\Audio-Switch.asm
                 PB_State   0x000625       data     static C:\Users\Matthew\Documents\PIC Projects\Audio-Switch\Audio-Switch.asm
               Port1Count   0x000622       data     static C:\Users\Matthew\Documents\PIC Projects\Audio-Switch\Audio-Switch.asm
               Port2Count   0x000623       data     static C:\Users\Matthew\Documents\PIC Projects\Audio-Switch\Audio-Switch.asm
                  PortIdx   0x00062a       data     static C:\Users\Matthew\Documents\PIC Projects\Audio-Switch\DisLCD.asm
               PortLCount   0x000620       data     static C:\Users\Matthew\Documents\PIC Projects\Audio-Switch\Audio-Switch.asm
               PortRCount   0x000621       data     static C:\Users\Matthew\Documents\PIC Projects\Audio-Switch\Audio-Switch.asm
                   RXData   0x000626       data     static C:\Users\Matthew\Documents\PIC Projects\Audio-Switch\Audio-Switch.asm
                     Save   0x000631       data     static LCDlib\LCDlib\LCDsend.asm
                 SaveLetr   0x00062c       data     static C:\Users\Matthew\Documents\PIC Projects\Audio-Switch\Myletr.asm
                 _DELV001   0x00062f       data     static LCDlib\LCDlib\Del40us.asm
                 _DELV002   0x000630       data     static LCDlib\LCDlib\Del40us.asm
                 _DELV003   0x00062d       data     static LCDlib\LCDlib\Del2ms.asm 
                 _DELV004   0x00062e       data     static LCDlib\LCDlib\Del2ms.asm 



                              Symbols - Sorted by Address
                     Name    Address   Location    Storage File                     
                ---------  ---------  ---------  --------- ---------                
                  STARTUP   0x000000    program     static C:\Users\Matthew\Documents\PIC Projects\Audio-Switch\Audio-Switch.asm
                    Start   0x000003    program     static C:\Users\Matthew\Documents\PIC Projects\Audio-Switch\Audio-Switch.asm
             _.org_1_0008   0x000008    program     static C:\Users\Matthew\Documents\PIC Projects\Audio-Switch\Audio-Switch.asm
                     Loop   0x000034    program     static C:\Users\Matthew\Documents\PIC Projects\Audio-Switch\Audio-Switch.asm
              SerialSetup   0x000048    program     static C:\Users\Matthew\Documents\PIC Projects\Audio-Switch\Audio-Switch.asm
            ReceiveSerial   0x000059    program     static C:\Users\Matthew\Documents\PIC Projects\Audio-Switch\Audio-Switch.asm
              ReceiveSer1   0x000062    program     static C:\Users\Matthew\Documents\PIC Projects\Audio-Switch\Audio-Switch.asm
                     RecD   0x00007b    program     static C:\Users\Matthew\Documents\PIC Projects\Audio-Switch\Audio-Switch.asm
                     RecL   0x00007d    program     static C:\Users\Matthew\Documents\PIC Projects\Audio-Switch\Audio-Switch.asm
                     RecR   0x00007f    program     static C:\Users\Matthew\Documents\PIC Projects\Audio-Switch\Audio-Switch.asm
                     Rec1   0x000081    program     static C:\Users\Matthew\Documents\PIC Projects\Audio-Switch\Audio-Switch.asm
                     Rec2   0x000083    program     static C:\Users\Matthew\Documents\PIC Projects\Audio-Switch\Audio-Switch.asm
           ErrSerialOverr   0x000085    program     static C:\Users\Matthew\Documents\PIC Projects\Audio-Switch\Audio-Switch.asm
           ErrSerialFrame   0x000089    program     static C:\Users\Matthew\Documents\PIC Projects\Audio-Switch\Audio-Switch.asm
            SerialDisplay   0x00008c    program     static C:\Users\Matthew\Documents\PIC Projects\Audio-Switch\Audio-Switch.asm
             _.org_1_008E   0x00008e    program     static C:\Users\Matthew\Documents\PIC Projects\Audio-Switch\Audio-Switch.asm
                  SerialL   0x000094    program     static C:\Users\Matthew\Documents\PIC Projects\Audio-Switch\Audio-Switch.asm
                  SerialR   0x00009f    program     static C:\Users\Matthew\Documents\PIC Projects\Audio-Switch\Audio-Switch.asm
                  Serial1   0x0000a9    program     static C:\Users\Matthew\Documents\PIC Projects\Audio-Switch\Audio-Switch.asm
                  Serial2   0x0000b3    program     static C:\Users\Matthew\Documents\PIC Projects\Audio-Switch\Audio-Switch.asm
                    L_Mux   0x0000bd    program     static C:\Users\Matthew\Documents\PIC Projects\Audio-Switch\Audio-Switch.asm
                 MuxSetup   0x0000c2    program     static C:\Users\Matthew\Documents\PIC Projects\Audio-Switch\Audio-Switch.asm
                 I2CSetup   0x0000c8    program     static C:\Users\Matthew\Documents\PIC Projects\Audio-Switch\Audio-Switch.asm
                i2c_start   0x0000d6    program     static C:\Users\Matthew\Documents\PIC Projects\Audio-Switch\Audio-Switch.asm
             _.org_1_00D9   0x0000d9    program     static C:\Users\Matthew\Documents\PIC Projects\Audio-Switch\Audio-Switch.asm
       i2c_SendLMuxWrAddr   0x0000dd    program     static C:\Users\Matthew\Documents\PIC Projects\Audio-Switch\Audio-Switch.asm
             _.org_1_00E1   0x0000e1    program     static C:\Users\Matthew\Documents\PIC Projects\Audio-Switch\Audio-Switch.asm
             _.org_1_00E4   0x0000e4    program     static C:\Users\Matthew\Documents\PIC Projects\Audio-Switch\Audio-Switch.asm
             _.org_1_00E9   0x0000e9    program     static C:\Users\Matthew\Documents\PIC Projects\Audio-Switch\Audio-Switch.asm
        i2c_SendLDataByte   0x0000eb    program     static C:\Users\Matthew\Documents\PIC Projects\Audio-Switch\Audio-Switch.asm
             _.org_1_00F1   0x0000f1    program     static C:\Users\Matthew\Documents\PIC Projects\Audio-Switch\Audio-Switch.asm
             _.org_1_00F6   0x0000f6    program     static C:\Users\Matthew\Documents\PIC Projects\Audio-Switch\Audio-Switch.asm
                 i2c_Stop   0x0000f8    program     static C:\Users\Matthew\Documents\PIC Projects\Audio-Switch\Audio-Switch.asm
             _.org_1_00FB   0x0000fb    program     static C:\Users\Matthew\Documents\PIC Projects\Audio-Switch\Audio-Switch.asm
             Mux_Port_Num   0x0000fd    program     static C:\Users\Matthew\Documents\PIC Projects\Audio-Switch\Audio-Switch.asm
                    MUXS1   0x000120    program     static C:\Users\Matthew\Documents\PIC Projects\Audio-Switch\Audio-Switch.asm
                    MUXS2   0x000122    program     static C:\Users\Matthew\Documents\PIC Projects\Audio-Switch\Audio-Switch.asm
                    MUXS3   0x000124    program     static C:\Users\Matthew\Documents\PIC Projects\Audio-Switch\Audio-Switch.asm
                    MUXS4   0x000126    program     static C:\Users\Matthew\Documents\PIC Projects\Audio-Switch\Audio-Switch.asm
                    MUXS5   0x000128    program     static C:\Users\Matthew\Documents\PIC Projects\Audio-Switch\Audio-Switch.asm
                    MUXS6   0x00012a    program     static C:\Users\Matthew\Documents\PIC Projects\Audio-Switch\Audio-Switch.asm
                    MUXS7   0x00012c    program     static C:\Users\Matthew\Documents\PIC Projects\Audio-Switch\Audio-Switch.asm
                    MUXS8   0x00012e    program     static C:\Users\Matthew\Documents\PIC Projects\Audio-Switch\Audio-Switch.asm
                   EEREAD   0x000130    program     static C:\Users\Matthew\Documents\PIC Projects\Audio-Switch\Audio-Switch.asm
                 LCDLine1   0x000138    program     static C:\Users\Matthew\Documents\PIC Projects\Audio-Switch\Audio-Switch.asm
                 LCDLine2   0x000144    program     static C:\Users\Matthew\Documents\PIC Projects\Audio-Switch\Audio-Switch.asm
               PB_L_Count   0x000150    program     static C:\Users\Matthew\Documents\PIC Projects\Audio-Switch\Audio-Switch.asm
               PB_L_wasUp   0x000154    program     static C:\Users\Matthew\Documents\PIC Projects\Audio-Switch\Audio-Switch.asm
             PB_L_wasDown   0x000158    program     static C:\Users\Matthew\Documents\PIC Projects\Audio-Switch\Audio-Switch.asm
               PB_R_Count   0x000164    program     static C:\Users\Matthew\Documents\PIC Projects\Audio-Switch\Audio-Switch.asm
               PB_R_wasUp   0x000168    program     static C:\Users\Matthew\Documents\PIC Projects\Audio-Switch\Audio-Switch.asm
             PB_R_wasDown   0x00016c    program     static C:\Users\Matthew\Documents\PIC Projects\Audio-Switch\Audio-Switch.asm
               PB_1_Count   0x000177    program     static C:\Users\Matthew\Documents\PIC Projects\Audio-Switch\Audio-Switch.asm
               PB_1_wasUp   0x00017b    program     static C:\Users\Matthew\Documents\PIC Projects\Audio-Switch\Audio-Switch.asm
             PB_1_wasDown   0x00017f    program     static C:\Users\Matthew\Documents\PIC Projects\Audio-Switch\Audio-Switch.asm
               PB_2_Count   0x00018a    program     static C:\Users\Matthew\Documents\PIC Projects\Audio-Switch\Audio-Switch.asm
               PB_2_wasUp   0x00018e    program     static C:\Users\Matthew\Documents\PIC Projects\Audio-Switch\Audio-Switch.asm
             PB_2_wasDown   0x000192    program     static C:\Users\Matthew\Documents\PIC Projects\Audio-Switch\Audio-Switch.asm
           EEPROM_L_Write   0x00019d    program     static C:\Users\Matthew\Documents\PIC Projects\Audio-Switch\Audio-Switch.asm
             _.org_1_01AF   0x0001af    program     static C:\Users\Matthew\Documents\PIC Projects\Audio-Switch\Audio-Switch.asm
           EEPROM_R_Write   0x0001b1    program     static C:\Users\Matthew\Documents\PIC Projects\Audio-Switch\Audio-Switch.asm
             _.org_1_01C3   0x0001c3    program     static C:\Users\Matthew\Documents\PIC Projects\Audio-Switch\Audio-Switch.asm
           EEPROM_1_Write   0x0001c5    program     static C:\Users\Matthew\Documents\PIC Projects\Audio-Switch\Audio-Switch.asm
             _.org_1_01D7   0x0001d7    program     static C:\Users\Matthew\Documents\PIC Projects\Audio-Switch\Audio-Switch.asm
           EEPROM_2_Write   0x0001d9    program     static C:\Users\Matthew\Documents\PIC Projects\Audio-Switch\Audio-Switch.asm
             _.org_1_01EB   0x0001eb    program     static C:\Users\Matthew\Documents\PIC Projects\Audio-Switch\Audio-Switch.asm
               PortLNameT   0x0001ef    program     static C:\Users\Matthew\Documents\PIC Projects\Audio-Switch\DisLCD.asm
              PortLNameTs   0x0001f3    program     static C:\Users\Matthew\Documents\PIC Projects\Audio-Switch\DisLCD.asm
               PortRNameT   0x0001f8    program     static C:\Users\Matthew\Documents\PIC Projects\Audio-Switch\DisLCD.asm
              PortRNameTs   0x0001fc    program     static C:\Users\Matthew\Documents\PIC Projects\Audio-Switch\DisLCD.asm
               Port1NameT   0x000201    program     static C:\Users\Matthew\Documents\PIC Projects\Audio-Switch\DisLCD.asm
              Port1NameTs   0x000205    program     static C:\Users\Matthew\Documents\PIC Projects\Audio-Switch\DisLCD.asm
               Port2NameT   0x00020a    program     static C:\Users\Matthew\Documents\PIC Projects\Audio-Switch\DisLCD.asm
              Port2NameTs   0x00020e    program     static C:\Users\Matthew\Documents\PIC Projects\Audio-Switch\DisLCD.asm
             Input1NameTs   0x000213    program     static C:\Users\Matthew\Documents\PIC Projects\Audio-Switch\DisLCD.asm
             Input2NameTs   0x000218    program     static C:\Users\Matthew\Documents\PIC Projects\Audio-Switch\DisLCD.asm
             Input3NameTs   0x00021d    program     static C:\Users\Matthew\Documents\PIC Projects\Audio-Switch\DisLCD.asm
             Input4NameTs   0x000222    program     static C:\Users\Matthew\Documents\PIC Projects\Audio-Switch\DisLCD.asm
             Input5NameTs   0x000227    program     static C:\Users\Matthew\Documents\PIC Projects\Audio-Switch\DisLCD.asm
             Input6NameTs   0x00022c    program     static C:\Users\Matthew\Documents\PIC Projects\Audio-Switch\DisLCD.asm
             Input7NameTs   0x000231    program     static C:\Users\Matthew\Documents\PIC Projects\Audio-Switch\DisLCD.asm
             Input8NameTs   0x000236    program     static C:\Users\Matthew\Documents\PIC Projects\Audio-Switch\DisLCD.asm
                DisInName   0x00023b    program     extern C:\Users\Matthew\Documents\PIC Projects\Audio-Switch\DisLCD.asm
               DisInNameS   0x00023d    program     static C:\Users\Matthew\Documents\PIC Projects\Audio-Switch\DisLCD.asm
               Input1Name   0x000262    program     static C:\Users\Matthew\Documents\PIC Projects\Audio-Switch\DisLCD.asm
              Input1NameT   0x000264    program     static C:\Users\Matthew\Documents\PIC Projects\Audio-Switch\DisLCD.asm
              Input2NameT   0x00026c    program     static C:\Users\Matthew\Documents\PIC Projects\Audio-Switch\DisLCD.asm
              Input3NameT   0x000274    program     static C:\Users\Matthew\Documents\PIC Projects\Audio-Switch\DisLCD.asm
              Input4NameT   0x00027c    program     static C:\Users\Matthew\Documents\PIC Projects\Audio-Switch\DisLCD.asm
              Input5NameT   0x000284    program     static C:\Users\Matthew\Documents\PIC Projects\Audio-Switch\DisLCD.asm
              Input6NameT   0x00028c    program     static C:\Users\Matthew\Documents\PIC Projects\Audio-Switch\DisLCD.asm
              Input7NameT   0x000294    program     static C:\Users\Matthew\Documents\PIC Projects\Audio-Switch\DisLCD.asm
              Input8NameT   0x00029c    program     static C:\Users\Matthew\Documents\PIC Projects\Audio-Switch\DisLCD.asm
                 DisLName   0x0002a4    program     extern C:\Users\Matthew\Documents\PIC Projects\Audio-Switch\DisLCD.asm
                DisLNameS   0x0002a5    program     static C:\Users\Matthew\Documents\PIC Projects\Audio-Switch\DisLCD.asm
                 DisRName   0x0002ac    program     extern C:\Users\Matthew\Documents\PIC Projects\Audio-Switch\DisLCD.asm
                DisRNameS   0x0002ad    program     static C:\Users\Matthew\Documents\PIC Projects\Audio-Switch\DisLCD.asm
                 Dis1Name   0x0002b4    program     extern C:\Users\Matthew\Documents\PIC Projects\Audio-Switch\DisLCD.asm
                Dis1NameS   0x0002b5    program     static C:\Users\Matthew\Documents\PIC Projects\Audio-Switch\DisLCD.asm
                 Dis2Name   0x0002bc    program     extern C:\Users\Matthew\Documents\PIC Projects\Audio-Switch\DisLCD.asm
                Dis2NameS   0x0002bd    program     static C:\Users\Matthew\Documents\PIC Projects\Audio-Switch\DisLCD.asm
              DisOutInDiv   0x0002c4    program     extern C:\Users\Matthew\Documents\PIC Projects\Audio-Switch\DisLCD.asm
               DisPortDiv   0x0002c8    program     extern C:\Users\Matthew\Documents\PIC Projects\Audio-Switch\DisLCD.asm
                  LCDinit   0x0002cd    program     extern C:\Users\Matthew\Documents\PIC Projects\Audio-Switch\MyInit.asm
             _LCDLIB_0008   0x0002d5    program     static C:\Users\Matthew\Documents\PIC Projects\Audio-Switch\MyInit.asm
                  LCDsndD   0x0002e5    program     extern C:\Users\Matthew\Documents\PIC Projects\Audio-Switch\mySnd.asm
             _LCDLIB_0002   0x0002e7    program     static C:\Users\Matthew\Documents\PIC Projects\Audio-Switch\mySnd.asm
                  LCDsndI   0x0002e8    program     extern C:\Users\Matthew\Documents\PIC Projects\Audio-Switch\mySnd.asm
                   Del2ms   0x0002f1    program     extern LCDlib\LCDlib\Del2ms.asm 
                    lloop   0x0002f3    program     static LCDlib\LCDlib\Del2ms.asm 
                    mloop   0x0002f4    program     static LCDlib\LCDlib\Del2ms.asm 
                  Del40us   0x0002f9    program     extern LCDlib\LCDlib\Del40us.asm
                    jloop   0x0002fb    program     static LCDlib\LCDlib\Del40us.asm
                    kloop   0x0002fc    program     static LCDlib\LCDlib\Del40us.asm
                 Del450ns   0x000304    program     extern LCDlib\LCDlib\Del450ns.asm
                  LCDaddr   0x000308    program     extern LCDlib\LCDlib\LCDaddr.asm
                  LCDsend   0x000311    program     extern LCDlib\LCDlib\LCDsend.asm
                   LCDdig   0x000319    program     extern C:\Users\Matthew\Documents\PIC Projects\Audio-Switch\Myletr.asm
                  LCDletr   0x00031b    program     extern C:\Users\Matthew\Documents\PIC Projects\Audio-Switch\Myletr.asm
                   DATAEE   0x00f000    program     static C:\Users\Matthew\Documents\PIC Projects\Audio-Switch\Audio-Switch.asm
               PortLCount   0x000620       data     static C:\Users\Matthew\Documents\PIC Projects\Audio-Switch\Audio-Switch.asm
               PortRCount   0x000621       data     static C:\Users\Matthew\Documents\PIC Projects\Audio-Switch\Audio-Switch.asm
               Port1Count   0x000622       data     static C:\Users\Matthew\Documents\PIC Projects\Audio-Switch\Audio-Switch.asm
               Port2Count   0x000623       data     static C:\Users\Matthew\Documents\PIC Projects\Audio-Switch\Audio-Switch.asm
                  Buttons   0x000624       data     static C:\Users\Matthew\Documents\PIC Projects\Audio-Switch\Audio-Switch.asm
                 PB_State   0x000625       data     static C:\Users\Matthew\Documents\PIC Projects\Audio-Switch\Audio-Switch.asm
                   RXData   0x000626       data     static C:\Users\Matthew\Documents\PIC Projects\Audio-Switch\Audio-Switch.asm
                MuxSource   0x000627       data     static C:\Users\Matthew\Documents\PIC Projects\Audio-Switch\Audio-Switch.asm
                    Flags   0x000628       data     static C:\Users\Matthew\Documents\PIC Projects\Audio-Switch\Audio-Switch.asm
                  CharIdx   0x000629       data     static C:\Users\Matthew\Documents\PIC Projects\Audio-Switch\DisLCD.asm
                  PortIdx   0x00062a       data     static C:\Users\Matthew\Documents\PIC Projects\Audio-Switch\DisLCD.asm
                     CHAR   0x00062b       data     static C:\Users\Matthew\Documents\PIC Projects\Audio-Switch\DisLCD.asm
                 SaveLetr   0x00062c       data     static C:\Users\Matthew\Documents\PIC Projects\Audio-Switch\Myletr.asm
                 _DELV003   0x00062d       data     static LCDlib\LCDlib\Del2ms.asm 
                 _DELV004   0x00062e       data     static LCDlib\LCDlib\Del2ms.asm 
                 _DELV001   0x00062f       data     static LCDlib\LCDlib\Del40us.asm
                 _DELV002   0x000630       data     static LCDlib\LCDlib\Del40us.asm
                     Save   0x000631       data     static LCDlib\LCDlib\LCDsend.asm
                    Count   0x000631       data     static C:\Users\Matthew\Documents\PIC Projects\Audio-Switch\MyInit.asm
                     Addr   0x000631       data     static LCDlib\LCDlib\LCDaddr.asm


