MPLINK 4.46, Linker
Linker Map File - Created Wed Sep 18 17:59:40 2013

                                 Section Info
                  Section       Type    Address   Location Size(Bytes)
                ---------  ---------  ---------  ---------  ---------
                   .org_1       code   0x000000    program   0x000a5e
                   .cinit    romdata   0x00052f    program   0x000004
                    .code       code   0x000531    program   0x000452
                   LCDLIB       code   0x00075a    program   0x00009e
                   .org_2       code   0x000800    program   0x000352
.config_8007_BUILD/DEFAULT/PRODUCTION/_EXT/14       code   0x008007    program   0x000002
.config_8008_BUILD/DEFAULT/PRODUCTION/_EXT/14       code   0x008008    program   0x000002
                   .org_0       code   0x00f000    program   0x000008
                   .udata      udata   0x000020       data   0x000013
                  _DELOV2      udata   0x000033       data   0x000002
                  _DELOV1      udata   0x000035       data   0x000002
                  _LCDOV1      udata   0x000037       data   0x000001



                              Program Memory Usage 
                               Start         End      
                           ---------   ---------      
                            0x000000    0x0007a8      
                            0x000800    0x0009a8      
                            0x008007    0x008008      
                            0x00f000    0x00f003      
            2392 out of 4359 program addresses used, program memory utilization is 54%



                              Symbols - Sorted by Name
                     Name    Address   Location    Storage File                     
                ---------  ---------  ---------  --------- ---------                
                    A_Mux   0x000372    program     static ..\Audio-Switch.asm      
                    B_Mux   0x000393    program     static ..\Audio-Switch.asm      
                  ComRecA   0x00016c    program     static ..\Audio-Switch.asm      
                  ComRecB   0x00016e    program     static ..\Audio-Switch.asm      
                  ComRecE   0x000170    program     static ..\Audio-Switch.asm      
                  ComRecL   0x000168    program     static ..\Audio-Switch.asm      
                  ComRecR   0x00016a    program     static ..\Audio-Switch.asm      
                 CommandA   0x00010a    program     static ..\Audio-Switch.asm      
                CommandA0   0x0001e8    program     static ..\Audio-Switch.asm      
                CommandA1   0x0001ef    program     static ..\Audio-Switch.asm      
                CommandA2   0x0001f6    program     static ..\Audio-Switch.asm      
                CommandA3   0x0001fd    program     static ..\Audio-Switch.asm      
                CommandA4   0x000204    program     static ..\Audio-Switch.asm      
                CommandA5   0x00020b    program     static ..\Audio-Switch.asm      
                CommandA6   0x000212    program     static ..\Audio-Switch.asm      
                CommandA7   0x000219    program     static ..\Audio-Switch.asm      
             CommandAExit   0x000220    program     static ..\Audio-Switch.asm      
                 CommandB   0x000130    program     static ..\Audio-Switch.asm      
                CommandB0   0x000223    program     static ..\Audio-Switch.asm      
                CommandB1   0x00022a    program     static ..\Audio-Switch.asm      
                CommandB2   0x000231    program     static ..\Audio-Switch.asm      
                CommandB3   0x000238    program     static ..\Audio-Switch.asm      
                CommandB4   0x00023f    program     static ..\Audio-Switch.asm      
                CommandB5   0x000246    program     static ..\Audio-Switch.asm      
                CommandB6   0x00024d    program     static ..\Audio-Switch.asm      
                CommandB7   0x000254    program     static ..\Audio-Switch.asm      
             CommandBExit   0x00025b    program     static ..\Audio-Switch.asm      
                 CommandL   0x0000be    program     static ..\Audio-Switch.asm      
                CommandL0   0x000172    program     static ..\Audio-Switch.asm      
                CommandL1   0x000179    program     static ..\Audio-Switch.asm      
                CommandL2   0x000180    program     static ..\Audio-Switch.asm      
                CommandL3   0x000187    program     static ..\Audio-Switch.asm      
                CommandL4   0x00018e    program     static ..\Audio-Switch.asm      
                CommandL5   0x000195    program     static ..\Audio-Switch.asm      
                CommandL6   0x00019c    program     static ..\Audio-Switch.asm      
                CommandL7   0x0001a3    program     static ..\Audio-Switch.asm      
             CommandLExit   0x0001aa    program     static ..\Audio-Switch.asm      
              CommandMode   0x0000a9    program     static ..\Audio-Switch.asm      
                 CommandR   0x0000e4    program     static ..\Audio-Switch.asm      
                CommandR0   0x0001ad    program     static ..\Audio-Switch.asm      
                CommandR1   0x0001b4    program     static ..\Audio-Switch.asm      
                CommandR2   0x0001bb    program     static ..\Audio-Switch.asm      
                CommandR3   0x0001c2    program     static ..\Audio-Switch.asm      
                CommandR4   0x0001c9    program     static ..\Audio-Switch.asm      
                CommandR5   0x0001d0    program     static ..\Audio-Switch.asm      
                CommandR6   0x0001d7    program     static ..\Audio-Switch.asm      
                CommandR7   0x0001de    program     static ..\Audio-Switch.asm      
             CommandRExit   0x0001e5    program     static ..\Audio-Switch.asm      
                   DATAEE   0x00f000    program     static ..\Audio-Switch.asm      
                   Del2ms   0x000763    program     extern LCDlib\LCDlib\Del2ms.asm 
                  Del40us   0x00076b    program     extern LCDlib\LCDlib\Del40us.asm
                 Dis1Name   0x000616    program     extern ..\DisLCD.asm            
                Dis1NameS   0x000617    program     static ..\DisLCD.asm            
                 Dis2Name   0x00061e    program     extern ..\DisLCD.asm            
                Dis2NameS   0x00061f    program     static ..\DisLCD.asm            
                DisInName   0x00059d    program     extern ..\DisLCD.asm            
               DisInNameS   0x00059f    program     static ..\DisLCD.asm            
                 DisLName   0x000606    program     extern ..\DisLCD.asm            
                DisLNameS   0x000607    program     static ..\DisLCD.asm            
              DisOutInDiv   0x000626    program     extern ..\DisLCD.asm            
               DisPortDiv   0x00062a    program     extern ..\DisLCD.asm            
                 DisRName   0x00060e    program     extern ..\DisLCD.asm            
                DisRNameS   0x00060f    program     static ..\DisLCD.asm            
           EEPROM_A_Write   0x000494    program     static ..\Audio-Switch.asm      
           EEPROM_B_Write   0x0004a8    program     static ..\Audio-Switch.asm      
           EEPROM_L_Write   0x00046c    program     static ..\Audio-Switch.asm      
           EEPROM_R_Write   0x000480    program     static ..\Audio-Switch.asm      
                   EEREAD   0x0003f4    program     static ..\Audio-Switch.asm      
              EndLedB1Dim   0x000527    program     static ..\Audio-Switch.asm      
         EndSerialDisplay   0x000677    program     static ..\DisLCD.asm            
           ErrSerialFrame   0x000262    program     static ..\Audio-Switch.asm      
           ErrSerialOverr   0x00025e    program     static ..\Audio-Switch.asm      
     First_Switch_Command   0x000928    program     static ..\Audio-Switch.asm      
            FullBackLight   0x000528    program     static ..\Audio-Switch.asm      
        I2CMultiResetHigh   0x0003b4    program     static ..\Audio-Switch.asm      
                 I2CSetup   0x0003b7    program     static ..\Audio-Switch.asm      
               Input1Name   0x0005c4    program     static ..\DisLCD.asm            
              Input1NameT   0x0005c6    program     static ..\DisLCD.asm            
             Input1NameTs   0x00054d    program     static ..\DisLCD.asm            
              Input1NumTs   0x000585    program     static ..\DisLCD.asm            
              Input2NameT   0x0005ce    program     static ..\DisLCD.asm            
             Input2NameTs   0x000554    program     static ..\DisLCD.asm            
              Input2NumTs   0x000588    program     static ..\DisLCD.asm            
              Input3NameT   0x0005d6    program     static ..\DisLCD.asm            
             Input3NameTs   0x00055b    program     static ..\DisLCD.asm            
              Input3NumTs   0x00058b    program     static ..\DisLCD.asm            
              Input4NameT   0x0005de    program     static ..\DisLCD.asm            
             Input4NameTs   0x000562    program     static ..\DisLCD.asm            
              Input4NumTs   0x00058e    program     static ..\DisLCD.asm            
              Input5NameT   0x0005e6    program     static ..\DisLCD.asm            
             Input5NameTs   0x000569    program     static ..\DisLCD.asm            
              Input5NumTs   0x000591    program     static ..\DisLCD.asm            
              Input6NameT   0x0005ee    program     static ..\DisLCD.asm            
             Input6NameTs   0x000570    program     static ..\DisLCD.asm            
              Input6NumTs   0x000594    program     static ..\DisLCD.asm            
              Input7NameT   0x0005f6    program     static ..\DisLCD.asm            
             Input7NameTs   0x000577    program     static ..\DisLCD.asm            
              Input7NumTs   0x000597    program     static ..\DisLCD.asm            
              Input8NameT   0x0005fe    program     static ..\DisLCD.asm            
             Input8NameTs   0x00057e    program     static ..\DisLCD.asm            
              Input8NumTs   0x00059a    program     static ..\DisLCD.asm            
                 LCDLine1   0x0003fc    program     static ..\Audio-Switch.asm      
                 LCDLine2   0x000408    program     static ..\Audio-Switch.asm      
                  LCDaddr   0x00075a    program     extern LCDlib\LCDlib\LCDaddr.asm
                   LCDdig   0x00078e    program     extern LCDlib\LCDlib\LCDletr.asm
                  LCDinit   0x000776    program     extern LCDlib\LCDlib\LCDinit.asm
                  LCDletr   0x000790    program     extern LCDlib\LCDlib\LCDletr.asm
                  LCDsend   0x000797    program     extern LCDlib\LCDlib\LCDsend.asm
                  LCDsndD   0x00079f    program     extern LCDlib\LCDlib\LCDsnd.asm 
                  LCDsndI   0x0007a2    program     extern LCDlib\LCDlib\LCDsnd.asm 
                    L_Mux   0x000330    program     static ..\Audio-Switch.asm      
                 LedBlDim   0x000502    program     static ..\Audio-Switch.asm      
                     Loop   0x000039    program     static ..\Audio-Switch.asm      
                    MUXS1   0x000999    program     static ..\Audio-Switch.asm      
                    MUXS2   0x00099b    program     static ..\Audio-Switch.asm      
                    MUXS3   0x00099d    program     static ..\Audio-Switch.asm      
                    MUXS4   0x00099f    program     static ..\Audio-Switch.asm      
                    MUXS5   0x0009a1    program     static ..\Audio-Switch.asm      
                    MUXS6   0x0009a3    program     static ..\Audio-Switch.asm      
                    MUXS7   0x0009a5    program     static ..\Audio-Switch.asm      
                    MUXS8   0x0009a7    program     static ..\Audio-Switch.asm      
               PB_A_Count   0x000440    program     static ..\Audio-Switch.asm      
             PB_A_wasDown   0x000449    program     static ..\Audio-Switch.asm      
               PB_A_wasUp   0x000445    program     static ..\Audio-Switch.asm      
               PB_B_Count   0x000456    program     static ..\Audio-Switch.asm      
             PB_B_wasDown   0x00045f    program     static ..\Audio-Switch.asm      
               PB_B_wasUp   0x00045b    program     static ..\Audio-Switch.asm      
               PB_L_Count   0x000414    program     static ..\Audio-Switch.asm      
             PB_L_wasDown   0x00041d    program     static ..\Audio-Switch.asm      
               PB_L_wasUp   0x000419    program     static ..\Audio-Switch.asm      
               PB_R_Count   0x00042a    program     static ..\Audio-Switch.asm      
             PB_R_wasDown   0x000433    program     static ..\Audio-Switch.asm      
               PB_R_wasUp   0x00042f    program     static ..\Audio-Switch.asm      
               Port1NameT   0x00053f    program     static ..\DisLCD.asm            
              Port1NameTs   0x000543    program     static ..\DisLCD.asm            
               Port2NameT   0x000546    program     static ..\DisLCD.asm            
              Port2NameTs   0x00054a    program     static ..\DisLCD.asm            
               PortLNameT   0x000531    program     static ..\DisLCD.asm            
              PortLNameTs   0x000535    program     static ..\DisLCD.asm            
               PortRNameT   0x000538    program     static ..\DisLCD.asm            
              PortRNameTs   0x00053c    program     static ..\DisLCD.asm            
                    R_Mux   0x000351    program     static ..\Audio-Switch.asm      
                     RecA   0x000162    program     static ..\Audio-Switch.asm      
                     RecB   0x000164    program     static ..\Audio-Switch.asm      
                     RecI   0x000166    program     static ..\Audio-Switch.asm      
                    RecIN   0x00015c    program     static ..\Audio-Switch.asm      
                     RecL   0x00015e    program     static ..\Audio-Switch.asm      
                     RecP   0x00015a    program     static ..\Audio-Switch.asm      
                     RecR   0x000160    program     static ..\Audio-Switch.asm      
                     RecS   0x000156    program     static ..\Audio-Switch.asm      
               RecSerStat   0x000158    program     static ..\Audio-Switch.asm      
              ReceiveSer1   0x000075    program     static ..\Audio-Switch.asm      
            ReceiveSerial   0x00006c    program     static ..\Audio-Switch.asm      
                  STARTUP   0x000000    program     static ..\Audio-Switch.asm      
             SWITCHBOTTOM   0x00094d    program     static ..\Audio-Switch.asm      
                SWITCHTOP   0x00094b    program     static ..\Audio-Switch.asm      
        Second_MUX_Bottom   0x000974    program     static ..\Audio-Switch.asm      
           Second_MUX_Top   0x000972    program     static ..\Audio-Switch.asm      
       Second_Switch_Addr   0x00094f    program     static ..\Audio-Switch.asm      
                 SerComma   0x000673    program     extern ..\DisLCD.asm            
              SerDis1Name   0x000652    program     extern ..\DisLCD.asm            
             SerDis1NameS   0x000654    program     static ..\DisLCD.asm            
              SerDis2Name   0x00065d    program     extern ..\DisLCD.asm            
             SerDis2NameS   0x00065f    program     static ..\DisLCD.asm            
             SerDisInName   0x000678    program     extern ..\DisLCD.asm            
            SerDisInNameS   0x00067a    program     static ..\DisLCD.asm            
              SerDisInNum   0x0006e9    program     extern ..\DisLCD.asm            
             SerDisInNumS   0x0006eb    program     static ..\DisLCD.asm            
              SerDisLName   0x00063c    program     extern ..\DisLCD.asm            
             SerDisLNameS   0x00063e    program     static ..\DisLCD.asm            
            SerDisPortDiv   0x00066c    program     extern ..\DisLCD.asm            
              SerDisRName   0x000647    program     extern ..\DisLCD.asm            
             SerDisRNameS   0x000649    program     static ..\DisLCD.asm            
            SerInput1Name   0x00069f    program     static ..\DisLCD.asm            
           SerInput1NameT   0x0006a1    program     static ..\DisLCD.asm            
             SerInput1Num   0x000710    program     static ..\DisLCD.asm            
            SerInput1NumT   0x000712    program     static ..\DisLCD.asm            
           SerInput2NameT   0x0006aa    program     static ..\DisLCD.asm            
            SerInput2NumT   0x00071b    program     static ..\DisLCD.asm            
           SerInput3NameT   0x0006b3    program     static ..\DisLCD.asm            
            SerInput3NumT   0x000724    program     static ..\DisLCD.asm            
           SerInput4NameT   0x0006bc    program     static ..\DisLCD.asm            
            SerInput4NumT   0x00072d    program     static ..\DisLCD.asm            
           SerInput5NameT   0x0006c5    program     static ..\DisLCD.asm            
            SerInput5NumT   0x000736    program     static ..\DisLCD.asm            
           SerInput6NameT   0x0006ce    program     static ..\DisLCD.asm            
            SerInput6NumT   0x00073f    program     static ..\DisLCD.asm            
           SerInput7NameT   0x0006d7    program     static ..\DisLCD.asm            
            SerInput7NumT   0x000748    program     static ..\DisLCD.asm            
           SerInput8NameT   0x0006e0    program     static ..\DisLCD.asm            
            SerInput8NumT   0x000751    program     static ..\DisLCD.asm            
               SerNewLine   0x000635    program     extern ..\DisLCD.asm            
              SerOutInDiv   0x000668    program     extern ..\DisLCD.asm            
                  SerialA   0x00031a    program     static ..\Audio-Switch.asm      
                  SerialB   0x000325    program     static ..\Audio-Switch.asm      
          SerialInDisplay   0x0002c0    program     static ..\Audio-Switch.asm      
                  SerialL   0x000304    program     static ..\Audio-Switch.asm      
        SerialPortDisplay   0x0002a4    program     static ..\Audio-Switch.asm      
                  SerialR   0x00030f    program     static ..\Audio-Switch.asm      
                  SerialS   0x000265    program     static ..\Audio-Switch.asm      
           SerialSendChar   0x00062f    program     static ..\DisLCD.asm            
              SerialSetup   0x000058    program     static ..\Audio-Switch.asm      
      SerialStatusDisplay   0x000281    program     static ..\Audio-Switch.asm      
                    Start   0x000003    program     static ..\Audio-Switch.asm      
          Switch_Port_Num   0x000976    program     static ..\Audio-Switch.asm      
              _.code_0100   0x000631    program     static ..\DisLCD.asm            
             _.org_1_0008   0x000008    program     static ..\Audio-Switch.asm      
             _.org_1_03C8   0x0003c8    program     static ..\Audio-Switch.asm      
             _.org_1_03CE   0x0003ce    program     static ..\Audio-Switch.asm      
             _.org_1_03D1   0x0003d1    program     static ..\Audio-Switch.asm      
             _.org_1_03D6   0x0003d6    program     static ..\Audio-Switch.asm      
             _.org_1_03DC   0x0003dc    program     static ..\Audio-Switch.asm      
             _.org_1_03DF   0x0003df    program     static ..\Audio-Switch.asm      
             _.org_1_03E4   0x0003e4    program     static ..\Audio-Switch.asm      
             _.org_1_03EA   0x0003ea    program     static ..\Audio-Switch.asm      
             _.org_1_03ED   0x0003ed    program     static ..\Audio-Switch.asm      
             _.org_1_03F2   0x0003f2    program     static ..\Audio-Switch.asm      
             _.org_1_047E   0x00047e    program     static ..\Audio-Switch.asm      
             _.org_1_0492   0x000492    program     static ..\Audio-Switch.asm      
             _.org_1_04A6   0x0004a6    program     static ..\Audio-Switch.asm      
             _.org_1_04BA   0x0004ba    program     static ..\Audio-Switch.asm      
             _.org_1_04E1   0x0004e1    program     static ..\Audio-Switch.asm      
             _.org_1_04EA   0x0004ea    program     static ..\Audio-Switch.asm      
             _.org_1_04F1   0x0004f1    program     static ..\Audio-Switch.asm      
             _.org_1_04F8   0x0004f8    program     static ..\Audio-Switch.asm      
             _.org_1_0507   0x000507    program     static ..\Audio-Switch.asm      
             _.org_1_0510   0x000510    program     static ..\Audio-Switch.asm      
             _.org_1_0519   0x000519    program     static ..\Audio-Switch.asm      
             _.org_1_0522   0x000522    program     static ..\Audio-Switch.asm      
             _.org_2_0803   0x000803    program     static ..\Audio-Switch.asm      
             _.org_2_080B   0x00080b    program     static ..\Audio-Switch.asm      
             _.org_2_080E   0x00080e    program     static ..\Audio-Switch.asm      
             _.org_2_0813   0x000813    program     static ..\Audio-Switch.asm      
             _.org_2_0819   0x000819    program     static ..\Audio-Switch.asm      
             _.org_2_081C   0x00081c    program     static ..\Audio-Switch.asm      
             _.org_2_0821   0x000821    program     static ..\Audio-Switch.asm      
             _.org_2_0827   0x000827    program     static ..\Audio-Switch.asm      
             _.org_2_082A   0x00082a    program     static ..\Audio-Switch.asm      
             _.org_2_082F   0x00082f    program     static ..\Audio-Switch.asm      
             _.org_2_0835   0x000835    program     static ..\Audio-Switch.asm      
             _.org_2_0838   0x000838    program     static ..\Audio-Switch.asm      
             _.org_2_083D   0x00083d    program     static ..\Audio-Switch.asm      
             _.org_2_0843   0x000843    program     static ..\Audio-Switch.asm      
             _.org_2_0846   0x000846    program     static ..\Audio-Switch.asm      
             _.org_2_084B   0x00084b    program     static ..\Audio-Switch.asm      
             _.org_2_0851   0x000851    program     static ..\Audio-Switch.asm      
             _.org_2_0854   0x000854    program     static ..\Audio-Switch.asm      
             _.org_2_0859   0x000859    program     static ..\Audio-Switch.asm      
             _.org_2_0862   0x000862    program     static ..\Audio-Switch.asm      
             _.org_2_0865   0x000865    program     static ..\Audio-Switch.asm      
             _.org_2_086A   0x00086a    program     static ..\Audio-Switch.asm      
             _.org_2_0873   0x000873    program     static ..\Audio-Switch.asm      
             _.org_2_0876   0x000876    program     static ..\Audio-Switch.asm      
             _.org_2_087B   0x00087b    program     static ..\Audio-Switch.asm      
             _.org_2_0885   0x000885    program     static ..\Audio-Switch.asm      
             _.org_2_0888   0x000888    program     static ..\Audio-Switch.asm      
             _.org_2_088D   0x00088d    program     static ..\Audio-Switch.asm      
             _.org_2_0896   0x000896    program     static ..\Audio-Switch.asm      
             _.org_2_0899   0x000899    program     static ..\Audio-Switch.asm      
             _.org_2_089E   0x00089e    program     static ..\Audio-Switch.asm      
             _.org_2_08A7   0x0008a7    program     static ..\Audio-Switch.asm      
             _.org_2_08AA   0x0008aa    program     static ..\Audio-Switch.asm      
             _.org_2_08AF   0x0008af    program     static ..\Audio-Switch.asm      
             _.org_2_08B8   0x0008b8    program     static ..\Audio-Switch.asm      
             _.org_2_08BB   0x0008bb    program     static ..\Audio-Switch.asm      
             _.org_2_08C0   0x0008c0    program     static ..\Audio-Switch.asm      
             _.org_2_08C9   0x0008c9    program     static ..\Audio-Switch.asm      
             _.org_2_08CC   0x0008cc    program     static ..\Audio-Switch.asm      
             _.org_2_08D1   0x0008d1    program     static ..\Audio-Switch.asm      
             _.org_2_08DA   0x0008da    program     static ..\Audio-Switch.asm      
             _.org_2_08DD   0x0008dd    program     static ..\Audio-Switch.asm      
             _.org_2_08E2   0x0008e2    program     static ..\Audio-Switch.asm      
             _.org_2_08EB   0x0008eb    program     static ..\Audio-Switch.asm      
             _.org_2_08EE   0x0008ee    program     static ..\Audio-Switch.asm      
             _.org_2_08F3   0x0008f3    program     static ..\Audio-Switch.asm      
             _.org_2_08FC   0x0008fc    program     static ..\Audio-Switch.asm      
             _.org_2_08FF   0x0008ff    program     static ..\Audio-Switch.asm      
             _.org_2_0904   0x000904    program     static ..\Audio-Switch.asm      
             _.org_2_090D   0x00090d    program     static ..\Audio-Switch.asm      
             _.org_2_0910   0x000910    program     static ..\Audio-Switch.asm      
             _.org_2_0915   0x000915    program     static ..\Audio-Switch.asm      
             _.org_2_091E   0x00091e    program     static ..\Audio-Switch.asm      
             _.org_2_0921   0x000921    program     static ..\Audio-Switch.asm      
             _.org_2_0926   0x000926    program     static ..\Audio-Switch.asm      
             _LCDLIB_0002   0x0007a1    program     static LCDlib\LCDlib\LCDsnd.asm 
             _LCDLIB_0008   0x00077e    program     static LCDlib\LCDlib\LCDinit.asm
     i2c_AFirstSwitchData   0x0008c2    program     static ..\Audio-Switch.asm      
    i2c_ASecondSwitchAddr   0x0008d3    program     static ..\Audio-Switch.asm      
    i2c_ASecondSwitchData   0x0008e4    program     static ..\Audio-Switch.asm      
     i2c_BFirstSwitchData   0x0008f5    program     static ..\Audio-Switch.asm      
    i2c_BSecondSwitchAddr   0x000906    program     static ..\Audio-Switch.asm      
    i2c_BSecondSwitchData   0x000917    program     static ..\Audio-Switch.asm      
i2c_BottomFirstSwitchAddr   0x0003e6    program     static ..\Audio-Switch.asm      
     i2c_LFirstSwitchData   0x00085b    program     static ..\Audio-Switch.asm      
    i2c_LSecondSwitchAddr   0x00086c    program     static ..\Audio-Switch.asm      
    i2c_LSecondSwitchData   0x00087d    program     static ..\Audio-Switch.asm      
     i2c_RFirstSwitchData   0x00088f    program     static ..\Audio-Switch.asm      
    i2c_RSecondSwitchAddr   0x0008a0    program     static ..\Audio-Switch.asm      
    i2c_RSecondSwitchData   0x0008b1    program     static ..\Audio-Switch.asm      
         i2c_SendMultAddr   0x0003ca    program     static ..\Audio-Switch.asm      
         i2c_SendMultBus0   0x000807    program     static ..\Audio-Switch.asm      
         i2c_SendMultBus1   0x000815    program     static ..\Audio-Switch.asm      
         i2c_SendMultBus2   0x000823    program     static ..\Audio-Switch.asm      
         i2c_SendMultBus3   0x000831    program     static ..\Audio-Switch.asm      
         i2c_SendMultBus4   0x00083f    program     static ..\Audio-Switch.asm      
         i2c_SendMultBus5   0x00084d    program     static ..\Audio-Switch.asm      
                i2c_Start   0x000800    program     static ..\Audio-Switch.asm      
                 i2c_Stop   0x0003c5    program     static ..\Audio-Switch.asm      
   i2c_TopFirstSwitchAddr   0x0003d8    program     static ..\Audio-Switch.asm      
                 init_pwm   0x0004bc    program     static ..\Audio-Switch.asm      
              init_timer0   0x0004cb    program     static ..\Audio-Switch.asm      
                    jloop   0x00076d    program     static LCDlib\LCDlib\Del40us.asm
                    kloop   0x00076e    program     static LCDlib\LCDlib\Del40us.asm
                    lloop   0x000765    program     static LCDlib\LCDlib\Del2ms.asm 
                    mloop   0x000766    program     static LCDlib\LCDlib\Del2ms.asm 
                time_loop   0x0004df    program     static ..\Audio-Switch.asm      
                     Addr   0x000037       data     static LCDlib\LCDlib\LCDaddr.asm
                  BlFlags   0x000029       data     static ..\Audio-Switch.asm      
                  Buttons   0x000024       data     static ..\Audio-Switch.asm      
                     CHAR   0x000032       data     static ..\DisLCD.asm            
                  CharIdx   0x000030       data     static ..\DisLCD.asm            
             CommandFlags   0x00002b       data     static ..\Audio-Switch.asm      
                    Count   0x000037       data     static LCDlib\LCDlib\LCDinit.asm
                    Flags   0x000028       data     static ..\Audio-Switch.asm      
                MuxSource   0x000027       data     static ..\Audio-Switch.asm      
                   NumMin   0x00002f       data     static ..\Audio-Switch.asm      
                   NumSec   0x00002e       data     static ..\Audio-Switch.asm      
                 NumThSec   0x00002d       data     static ..\Audio-Switch.asm      
                 PB_State   0x000025       data     static ..\Audio-Switch.asm      
               PortACount   0x000022       data     static ..\Audio-Switch.asm      
               PortBCount   0x000023       data     static ..\Audio-Switch.asm      
                  PortIdx   0x000031       data     static ..\DisLCD.asm            
               PortLCount   0x000020       data     static ..\Audio-Switch.asm      
               PortRCount   0x000021       data     static ..\Audio-Switch.asm      
                   RFlags   0x00002a       data     static ..\Audio-Switch.asm      
                   RXData   0x000026       data     static ..\Audio-Switch.asm      
                     Save   0x000037       data     static LCDlib\LCDlib\LCDsend.asm
                 SaveLetr   0x000037       data     static LCDlib\LCDlib\LCDletr.asm
               TimerCount   0x00002c       data     static ..\Audio-Switch.asm      
                 _DELV001   0x000035       data     static LCDlib\LCDlib\Del40us.asm
                 _DELV002   0x000036       data     static LCDlib\LCDlib\Del40us.asm
                 _DELV003   0x000033       data     static LCDlib\LCDlib\Del2ms.asm 
                 _DELV004   0x000034       data     static LCDlib\LCDlib\Del2ms.asm 



                              Symbols - Sorted by Address
                     Name    Address   Location    Storage File                     
                ---------  ---------  ---------  --------- ---------                
                  STARTUP   0x000000    program     static ..\Audio-Switch.asm      
                    Start   0x000003    program     static ..\Audio-Switch.asm      
             _.org_1_0008   0x000008    program     static ..\Audio-Switch.asm      
                     Loop   0x000039    program     static ..\Audio-Switch.asm      
              SerialSetup   0x000058    program     static ..\Audio-Switch.asm      
            ReceiveSerial   0x00006c    program     static ..\Audio-Switch.asm      
              ReceiveSer1   0x000075    program     static ..\Audio-Switch.asm      
              CommandMode   0x0000a9    program     static ..\Audio-Switch.asm      
                 CommandL   0x0000be    program     static ..\Audio-Switch.asm      
                 CommandR   0x0000e4    program     static ..\Audio-Switch.asm      
                 CommandA   0x00010a    program     static ..\Audio-Switch.asm      
                 CommandB   0x000130    program     static ..\Audio-Switch.asm      
                     RecS   0x000156    program     static ..\Audio-Switch.asm      
               RecSerStat   0x000158    program     static ..\Audio-Switch.asm      
                     RecP   0x00015a    program     static ..\Audio-Switch.asm      
                    RecIN   0x00015c    program     static ..\Audio-Switch.asm      
                     RecL   0x00015e    program     static ..\Audio-Switch.asm      
                     RecR   0x000160    program     static ..\Audio-Switch.asm      
                     RecA   0x000162    program     static ..\Audio-Switch.asm      
                     RecB   0x000164    program     static ..\Audio-Switch.asm      
                     RecI   0x000166    program     static ..\Audio-Switch.asm      
                  ComRecL   0x000168    program     static ..\Audio-Switch.asm      
                  ComRecR   0x00016a    program     static ..\Audio-Switch.asm      
                  ComRecA   0x00016c    program     static ..\Audio-Switch.asm      
                  ComRecB   0x00016e    program     static ..\Audio-Switch.asm      
                  ComRecE   0x000170    program     static ..\Audio-Switch.asm      
                CommandL0   0x000172    program     static ..\Audio-Switch.asm      
                CommandL1   0x000179    program     static ..\Audio-Switch.asm      
                CommandL2   0x000180    program     static ..\Audio-Switch.asm      
                CommandL3   0x000187    program     static ..\Audio-Switch.asm      
                CommandL4   0x00018e    program     static ..\Audio-Switch.asm      
                CommandL5   0x000195    program     static ..\Audio-Switch.asm      
                CommandL6   0x00019c    program     static ..\Audio-Switch.asm      
                CommandL7   0x0001a3    program     static ..\Audio-Switch.asm      
             CommandLExit   0x0001aa    program     static ..\Audio-Switch.asm      
                CommandR0   0x0001ad    program     static ..\Audio-Switch.asm      
                CommandR1   0x0001b4    program     static ..\Audio-Switch.asm      
                CommandR2   0x0001bb    program     static ..\Audio-Switch.asm      
                CommandR3   0x0001c2    program     static ..\Audio-Switch.asm      
                CommandR4   0x0001c9    program     static ..\Audio-Switch.asm      
                CommandR5   0x0001d0    program     static ..\Audio-Switch.asm      
                CommandR6   0x0001d7    program     static ..\Audio-Switch.asm      
                CommandR7   0x0001de    program     static ..\Audio-Switch.asm      
             CommandRExit   0x0001e5    program     static ..\Audio-Switch.asm      
                CommandA0   0x0001e8    program     static ..\Audio-Switch.asm      
                CommandA1   0x0001ef    program     static ..\Audio-Switch.asm      
                CommandA2   0x0001f6    program     static ..\Audio-Switch.asm      
                CommandA3   0x0001fd    program     static ..\Audio-Switch.asm      
                CommandA4   0x000204    program     static ..\Audio-Switch.asm      
                CommandA5   0x00020b    program     static ..\Audio-Switch.asm      
                CommandA6   0x000212    program     static ..\Audio-Switch.asm      
                CommandA7   0x000219    program     static ..\Audio-Switch.asm      
             CommandAExit   0x000220    program     static ..\Audio-Switch.asm      
                CommandB0   0x000223    program     static ..\Audio-Switch.asm      
                CommandB1   0x00022a    program     static ..\Audio-Switch.asm      
                CommandB2   0x000231    program     static ..\Audio-Switch.asm      
                CommandB3   0x000238    program     static ..\Audio-Switch.asm      
                CommandB4   0x00023f    program     static ..\Audio-Switch.asm      
                CommandB5   0x000246    program     static ..\Audio-Switch.asm      
                CommandB6   0x00024d    program     static ..\Audio-Switch.asm      
                CommandB7   0x000254    program     static ..\Audio-Switch.asm      
             CommandBExit   0x00025b    program     static ..\Audio-Switch.asm      
           ErrSerialOverr   0x00025e    program     static ..\Audio-Switch.asm      
           ErrSerialFrame   0x000262    program     static ..\Audio-Switch.asm      
                  SerialS   0x000265    program     static ..\Audio-Switch.asm      
      SerialStatusDisplay   0x000281    program     static ..\Audio-Switch.asm      
        SerialPortDisplay   0x0002a4    program     static ..\Audio-Switch.asm      
          SerialInDisplay   0x0002c0    program     static ..\Audio-Switch.asm      
                  SerialL   0x000304    program     static ..\Audio-Switch.asm      
                  SerialR   0x00030f    program     static ..\Audio-Switch.asm      
                  SerialA   0x00031a    program     static ..\Audio-Switch.asm      
                  SerialB   0x000325    program     static ..\Audio-Switch.asm      
                    L_Mux   0x000330    program     static ..\Audio-Switch.asm      
                    R_Mux   0x000351    program     static ..\Audio-Switch.asm      
                    A_Mux   0x000372    program     static ..\Audio-Switch.asm      
                    B_Mux   0x000393    program     static ..\Audio-Switch.asm      
        I2CMultiResetHigh   0x0003b4    program     static ..\Audio-Switch.asm      
                 I2CSetup   0x0003b7    program     static ..\Audio-Switch.asm      
                 i2c_Stop   0x0003c5    program     static ..\Audio-Switch.asm      
             _.org_1_03C8   0x0003c8    program     static ..\Audio-Switch.asm      
         i2c_SendMultAddr   0x0003ca    program     static ..\Audio-Switch.asm      
             _.org_1_03CE   0x0003ce    program     static ..\Audio-Switch.asm      
             _.org_1_03D1   0x0003d1    program     static ..\Audio-Switch.asm      
             _.org_1_03D6   0x0003d6    program     static ..\Audio-Switch.asm      
   i2c_TopFirstSwitchAddr   0x0003d8    program     static ..\Audio-Switch.asm      
             _.org_1_03DC   0x0003dc    program     static ..\Audio-Switch.asm      
             _.org_1_03DF   0x0003df    program     static ..\Audio-Switch.asm      
             _.org_1_03E4   0x0003e4    program     static ..\Audio-Switch.asm      
i2c_BottomFirstSwitchAddr   0x0003e6    program     static ..\Audio-Switch.asm      
             _.org_1_03EA   0x0003ea    program     static ..\Audio-Switch.asm      
             _.org_1_03ED   0x0003ed    program     static ..\Audio-Switch.asm      
             _.org_1_03F2   0x0003f2    program     static ..\Audio-Switch.asm      
                   EEREAD   0x0003f4    program     static ..\Audio-Switch.asm      
                 LCDLine1   0x0003fc    program     static ..\Audio-Switch.asm      
                 LCDLine2   0x000408    program     static ..\Audio-Switch.asm      
               PB_L_Count   0x000414    program     static ..\Audio-Switch.asm      
               PB_L_wasUp   0x000419    program     static ..\Audio-Switch.asm      
             PB_L_wasDown   0x00041d    program     static ..\Audio-Switch.asm      
               PB_R_Count   0x00042a    program     static ..\Audio-Switch.asm      
               PB_R_wasUp   0x00042f    program     static ..\Audio-Switch.asm      
             PB_R_wasDown   0x000433    program     static ..\Audio-Switch.asm      
               PB_A_Count   0x000440    program     static ..\Audio-Switch.asm      
               PB_A_wasUp   0x000445    program     static ..\Audio-Switch.asm      
             PB_A_wasDown   0x000449    program     static ..\Audio-Switch.asm      
               PB_B_Count   0x000456    program     static ..\Audio-Switch.asm      
               PB_B_wasUp   0x00045b    program     static ..\Audio-Switch.asm      
             PB_B_wasDown   0x00045f    program     static ..\Audio-Switch.asm      
           EEPROM_L_Write   0x00046c    program     static ..\Audio-Switch.asm      
             _.org_1_047E   0x00047e    program     static ..\Audio-Switch.asm      
           EEPROM_R_Write   0x000480    program     static ..\Audio-Switch.asm      
             _.org_1_0492   0x000492    program     static ..\Audio-Switch.asm      
           EEPROM_A_Write   0x000494    program     static ..\Audio-Switch.asm      
             _.org_1_04A6   0x0004a6    program     static ..\Audio-Switch.asm      
           EEPROM_B_Write   0x0004a8    program     static ..\Audio-Switch.asm      
             _.org_1_04BA   0x0004ba    program     static ..\Audio-Switch.asm      
                 init_pwm   0x0004bc    program     static ..\Audio-Switch.asm      
              init_timer0   0x0004cb    program     static ..\Audio-Switch.asm      
                time_loop   0x0004df    program     static ..\Audio-Switch.asm      
             _.org_1_04E1   0x0004e1    program     static ..\Audio-Switch.asm      
             _.org_1_04EA   0x0004ea    program     static ..\Audio-Switch.asm      
             _.org_1_04F1   0x0004f1    program     static ..\Audio-Switch.asm      
             _.org_1_04F8   0x0004f8    program     static ..\Audio-Switch.asm      
                 LedBlDim   0x000502    program     static ..\Audio-Switch.asm      
             _.org_1_0507   0x000507    program     static ..\Audio-Switch.asm      
             _.org_1_0510   0x000510    program     static ..\Audio-Switch.asm      
             _.org_1_0519   0x000519    program     static ..\Audio-Switch.asm      
             _.org_1_0522   0x000522    program     static ..\Audio-Switch.asm      
              EndLedB1Dim   0x000527    program     static ..\Audio-Switch.asm      
            FullBackLight   0x000528    program     static ..\Audio-Switch.asm      
               PortLNameT   0x000531    program     static ..\DisLCD.asm            
              PortLNameTs   0x000535    program     static ..\DisLCD.asm            
               PortRNameT   0x000538    program     static ..\DisLCD.asm            
              PortRNameTs   0x00053c    program     static ..\DisLCD.asm            
               Port1NameT   0x00053f    program     static ..\DisLCD.asm            
              Port1NameTs   0x000543    program     static ..\DisLCD.asm            
               Port2NameT   0x000546    program     static ..\DisLCD.asm            
              Port2NameTs   0x00054a    program     static ..\DisLCD.asm            
             Input1NameTs   0x00054d    program     static ..\DisLCD.asm            
             Input2NameTs   0x000554    program     static ..\DisLCD.asm            
             Input3NameTs   0x00055b    program     static ..\DisLCD.asm            
             Input4NameTs   0x000562    program     static ..\DisLCD.asm            
             Input5NameTs   0x000569    program     static ..\DisLCD.asm            
             Input6NameTs   0x000570    program     static ..\DisLCD.asm            
             Input7NameTs   0x000577    program     static ..\DisLCD.asm            
             Input8NameTs   0x00057e    program     static ..\DisLCD.asm            
              Input1NumTs   0x000585    program     static ..\DisLCD.asm            
              Input2NumTs   0x000588    program     static ..\DisLCD.asm            
              Input3NumTs   0x00058b    program     static ..\DisLCD.asm            
              Input4NumTs   0x00058e    program     static ..\DisLCD.asm            
              Input5NumTs   0x000591    program     static ..\DisLCD.asm            
              Input6NumTs   0x000594    program     static ..\DisLCD.asm            
              Input7NumTs   0x000597    program     static ..\DisLCD.asm            
              Input8NumTs   0x00059a    program     static ..\DisLCD.asm            
                DisInName   0x00059d    program     extern ..\DisLCD.asm            
               DisInNameS   0x00059f    program     static ..\DisLCD.asm            
               Input1Name   0x0005c4    program     static ..\DisLCD.asm            
              Input1NameT   0x0005c6    program     static ..\DisLCD.asm            
              Input2NameT   0x0005ce    program     static ..\DisLCD.asm            
              Input3NameT   0x0005d6    program     static ..\DisLCD.asm            
              Input4NameT   0x0005de    program     static ..\DisLCD.asm            
              Input5NameT   0x0005e6    program     static ..\DisLCD.asm            
              Input6NameT   0x0005ee    program     static ..\DisLCD.asm            
              Input7NameT   0x0005f6    program     static ..\DisLCD.asm            
              Input8NameT   0x0005fe    program     static ..\DisLCD.asm            
                 DisLName   0x000606    program     extern ..\DisLCD.asm            
                DisLNameS   0x000607    program     static ..\DisLCD.asm            
                 DisRName   0x00060e    program     extern ..\DisLCD.asm            
                DisRNameS   0x00060f    program     static ..\DisLCD.asm            
                 Dis1Name   0x000616    program     extern ..\DisLCD.asm            
                Dis1NameS   0x000617    program     static ..\DisLCD.asm            
                 Dis2Name   0x00061e    program     extern ..\DisLCD.asm            
                Dis2NameS   0x00061f    program     static ..\DisLCD.asm            
              DisOutInDiv   0x000626    program     extern ..\DisLCD.asm            
               DisPortDiv   0x00062a    program     extern ..\DisLCD.asm            
           SerialSendChar   0x00062f    program     static ..\DisLCD.asm            
              _.code_0100   0x000631    program     static ..\DisLCD.asm            
               SerNewLine   0x000635    program     extern ..\DisLCD.asm            
              SerDisLName   0x00063c    program     extern ..\DisLCD.asm            
             SerDisLNameS   0x00063e    program     static ..\DisLCD.asm            
              SerDisRName   0x000647    program     extern ..\DisLCD.asm            
             SerDisRNameS   0x000649    program     static ..\DisLCD.asm            
              SerDis1Name   0x000652    program     extern ..\DisLCD.asm            
             SerDis1NameS   0x000654    program     static ..\DisLCD.asm            
              SerDis2Name   0x00065d    program     extern ..\DisLCD.asm            
             SerDis2NameS   0x00065f    program     static ..\DisLCD.asm            
              SerOutInDiv   0x000668    program     extern ..\DisLCD.asm            
            SerDisPortDiv   0x00066c    program     extern ..\DisLCD.asm            
                 SerComma   0x000673    program     extern ..\DisLCD.asm            
         EndSerialDisplay   0x000677    program     static ..\DisLCD.asm            
             SerDisInName   0x000678    program     extern ..\DisLCD.asm            
            SerDisInNameS   0x00067a    program     static ..\DisLCD.asm            
            SerInput1Name   0x00069f    program     static ..\DisLCD.asm            
           SerInput1NameT   0x0006a1    program     static ..\DisLCD.asm            
           SerInput2NameT   0x0006aa    program     static ..\DisLCD.asm            
           SerInput3NameT   0x0006b3    program     static ..\DisLCD.asm            
           SerInput4NameT   0x0006bc    program     static ..\DisLCD.asm            
           SerInput5NameT   0x0006c5    program     static ..\DisLCD.asm            
           SerInput6NameT   0x0006ce    program     static ..\DisLCD.asm            
           SerInput7NameT   0x0006d7    program     static ..\DisLCD.asm            
           SerInput8NameT   0x0006e0    program     static ..\DisLCD.asm            
              SerDisInNum   0x0006e9    program     extern ..\DisLCD.asm            
             SerDisInNumS   0x0006eb    program     static ..\DisLCD.asm            
             SerInput1Num   0x000710    program     static ..\DisLCD.asm            
            SerInput1NumT   0x000712    program     static ..\DisLCD.asm            
            SerInput2NumT   0x00071b    program     static ..\DisLCD.asm            
            SerInput3NumT   0x000724    program     static ..\DisLCD.asm            
            SerInput4NumT   0x00072d    program     static ..\DisLCD.asm            
            SerInput5NumT   0x000736    program     static ..\DisLCD.asm            
            SerInput6NumT   0x00073f    program     static ..\DisLCD.asm            
            SerInput7NumT   0x000748    program     static ..\DisLCD.asm            
            SerInput8NumT   0x000751    program     static ..\DisLCD.asm            
                  LCDaddr   0x00075a    program     extern LCDlib\LCDlib\LCDaddr.asm
                   Del2ms   0x000763    program     extern LCDlib\LCDlib\Del2ms.asm 
                    lloop   0x000765    program     static LCDlib\LCDlib\Del2ms.asm 
                    mloop   0x000766    program     static LCDlib\LCDlib\Del2ms.asm 
                  Del40us   0x00076b    program     extern LCDlib\LCDlib\Del40us.asm
                    jloop   0x00076d    program     static LCDlib\LCDlib\Del40us.asm
                    kloop   0x00076e    program     static LCDlib\LCDlib\Del40us.asm
                  LCDinit   0x000776    program     extern LCDlib\LCDlib\LCDinit.asm
             _LCDLIB_0008   0x00077e    program     static LCDlib\LCDlib\LCDinit.asm
                   LCDdig   0x00078e    program     extern LCDlib\LCDlib\LCDletr.asm
                  LCDletr   0x000790    program     extern LCDlib\LCDlib\LCDletr.asm
                  LCDsend   0x000797    program     extern LCDlib\LCDlib\LCDsend.asm
                  LCDsndD   0x00079f    program     extern LCDlib\LCDlib\LCDsnd.asm 
             _LCDLIB_0002   0x0007a1    program     static LCDlib\LCDlib\LCDsnd.asm 
                  LCDsndI   0x0007a2    program     extern LCDlib\LCDlib\LCDsnd.asm 
                i2c_Start   0x000800    program     static ..\Audio-Switch.asm      
             _.org_2_0803   0x000803    program     static ..\Audio-Switch.asm      
         i2c_SendMultBus0   0x000807    program     static ..\Audio-Switch.asm      
             _.org_2_080B   0x00080b    program     static ..\Audio-Switch.asm      
             _.org_2_080E   0x00080e    program     static ..\Audio-Switch.asm      
             _.org_2_0813   0x000813    program     static ..\Audio-Switch.asm      
         i2c_SendMultBus1   0x000815    program     static ..\Audio-Switch.asm      
             _.org_2_0819   0x000819    program     static ..\Audio-Switch.asm      
             _.org_2_081C   0x00081c    program     static ..\Audio-Switch.asm      
             _.org_2_0821   0x000821    program     static ..\Audio-Switch.asm      
         i2c_SendMultBus2   0x000823    program     static ..\Audio-Switch.asm      
             _.org_2_0827   0x000827    program     static ..\Audio-Switch.asm      
             _.org_2_082A   0x00082a    program     static ..\Audio-Switch.asm      
             _.org_2_082F   0x00082f    program     static ..\Audio-Switch.asm      
         i2c_SendMultBus3   0x000831    program     static ..\Audio-Switch.asm      
             _.org_2_0835   0x000835    program     static ..\Audio-Switch.asm      
             _.org_2_0838   0x000838    program     static ..\Audio-Switch.asm      
             _.org_2_083D   0x00083d    program     static ..\Audio-Switch.asm      
         i2c_SendMultBus4   0x00083f    program     static ..\Audio-Switch.asm      
             _.org_2_0843   0x000843    program     static ..\Audio-Switch.asm      
             _.org_2_0846   0x000846    program     static ..\Audio-Switch.asm      
             _.org_2_084B   0x00084b    program     static ..\Audio-Switch.asm      
         i2c_SendMultBus5   0x00084d    program     static ..\Audio-Switch.asm      
             _.org_2_0851   0x000851    program     static ..\Audio-Switch.asm      
             _.org_2_0854   0x000854    program     static ..\Audio-Switch.asm      
             _.org_2_0859   0x000859    program     static ..\Audio-Switch.asm      
     i2c_LFirstSwitchData   0x00085b    program     static ..\Audio-Switch.asm      
             _.org_2_0862   0x000862    program     static ..\Audio-Switch.asm      
             _.org_2_0865   0x000865    program     static ..\Audio-Switch.asm      
             _.org_2_086A   0x00086a    program     static ..\Audio-Switch.asm      
    i2c_LSecondSwitchAddr   0x00086c    program     static ..\Audio-Switch.asm      
             _.org_2_0873   0x000873    program     static ..\Audio-Switch.asm      
             _.org_2_0876   0x000876    program     static ..\Audio-Switch.asm      
             _.org_2_087B   0x00087b    program     static ..\Audio-Switch.asm      
    i2c_LSecondSwitchData   0x00087d    program     static ..\Audio-Switch.asm      
             _.org_2_0885   0x000885    program     static ..\Audio-Switch.asm      
             _.org_2_0888   0x000888    program     static ..\Audio-Switch.asm      
             _.org_2_088D   0x00088d    program     static ..\Audio-Switch.asm      
     i2c_RFirstSwitchData   0x00088f    program     static ..\Audio-Switch.asm      
             _.org_2_0896   0x000896    program     static ..\Audio-Switch.asm      
             _.org_2_0899   0x000899    program     static ..\Audio-Switch.asm      
             _.org_2_089E   0x00089e    program     static ..\Audio-Switch.asm      
    i2c_RSecondSwitchAddr   0x0008a0    program     static ..\Audio-Switch.asm      
             _.org_2_08A7   0x0008a7    program     static ..\Audio-Switch.asm      
             _.org_2_08AA   0x0008aa    program     static ..\Audio-Switch.asm      
             _.org_2_08AF   0x0008af    program     static ..\Audio-Switch.asm      
    i2c_RSecondSwitchData   0x0008b1    program     static ..\Audio-Switch.asm      
             _.org_2_08B8   0x0008b8    program     static ..\Audio-Switch.asm      
             _.org_2_08BB   0x0008bb    program     static ..\Audio-Switch.asm      
             _.org_2_08C0   0x0008c0    program     static ..\Audio-Switch.asm      
     i2c_AFirstSwitchData   0x0008c2    program     static ..\Audio-Switch.asm      
             _.org_2_08C9   0x0008c9    program     static ..\Audio-Switch.asm      
             _.org_2_08CC   0x0008cc    program     static ..\Audio-Switch.asm      
             _.org_2_08D1   0x0008d1    program     static ..\Audio-Switch.asm      
    i2c_ASecondSwitchAddr   0x0008d3    program     static ..\Audio-Switch.asm      
             _.org_2_08DA   0x0008da    program     static ..\Audio-Switch.asm      
             _.org_2_08DD   0x0008dd    program     static ..\Audio-Switch.asm      
             _.org_2_08E2   0x0008e2    program     static ..\Audio-Switch.asm      
    i2c_ASecondSwitchData   0x0008e4    program     static ..\Audio-Switch.asm      
             _.org_2_08EB   0x0008eb    program     static ..\Audio-Switch.asm      
             _.org_2_08EE   0x0008ee    program     static ..\Audio-Switch.asm      
             _.org_2_08F3   0x0008f3    program     static ..\Audio-Switch.asm      
     i2c_BFirstSwitchData   0x0008f5    program     static ..\Audio-Switch.asm      
             _.org_2_08FC   0x0008fc    program     static ..\Audio-Switch.asm      
             _.org_2_08FF   0x0008ff    program     static ..\Audio-Switch.asm      
             _.org_2_0904   0x000904    program     static ..\Audio-Switch.asm      
    i2c_BSecondSwitchAddr   0x000906    program     static ..\Audio-Switch.asm      
             _.org_2_090D   0x00090d    program     static ..\Audio-Switch.asm      
             _.org_2_0910   0x000910    program     static ..\Audio-Switch.asm      
             _.org_2_0915   0x000915    program     static ..\Audio-Switch.asm      
    i2c_BSecondSwitchData   0x000917    program     static ..\Audio-Switch.asm      
             _.org_2_091E   0x00091e    program     static ..\Audio-Switch.asm      
             _.org_2_0921   0x000921    program     static ..\Audio-Switch.asm      
             _.org_2_0926   0x000926    program     static ..\Audio-Switch.asm      
     First_Switch_Command   0x000928    program     static ..\Audio-Switch.asm      
                SWITCHTOP   0x00094b    program     static ..\Audio-Switch.asm      
             SWITCHBOTTOM   0x00094d    program     static ..\Audio-Switch.asm      
       Second_Switch_Addr   0x00094f    program     static ..\Audio-Switch.asm      
           Second_MUX_Top   0x000972    program     static ..\Audio-Switch.asm      
        Second_MUX_Bottom   0x000974    program     static ..\Audio-Switch.asm      
          Switch_Port_Num   0x000976    program     static ..\Audio-Switch.asm      
                    MUXS1   0x000999    program     static ..\Audio-Switch.asm      
                    MUXS2   0x00099b    program     static ..\Audio-Switch.asm      
                    MUXS3   0x00099d    program     static ..\Audio-Switch.asm      
                    MUXS4   0x00099f    program     static ..\Audio-Switch.asm      
                    MUXS5   0x0009a1    program     static ..\Audio-Switch.asm      
                    MUXS6   0x0009a3    program     static ..\Audio-Switch.asm      
                    MUXS7   0x0009a5    program     static ..\Audio-Switch.asm      
                    MUXS8   0x0009a7    program     static ..\Audio-Switch.asm      
                   DATAEE   0x00f000    program     static ..\Audio-Switch.asm      
               PortLCount   0x000020       data     static ..\Audio-Switch.asm      
               PortRCount   0x000021       data     static ..\Audio-Switch.asm      
               PortACount   0x000022       data     static ..\Audio-Switch.asm      
               PortBCount   0x000023       data     static ..\Audio-Switch.asm      
                  Buttons   0x000024       data     static ..\Audio-Switch.asm      
                 PB_State   0x000025       data     static ..\Audio-Switch.asm      
                   RXData   0x000026       data     static ..\Audio-Switch.asm      
                MuxSource   0x000027       data     static ..\Audio-Switch.asm      
                    Flags   0x000028       data     static ..\Audio-Switch.asm      
                  BlFlags   0x000029       data     static ..\Audio-Switch.asm      
                   RFlags   0x00002a       data     static ..\Audio-Switch.asm      
             CommandFlags   0x00002b       data     static ..\Audio-Switch.asm      
               TimerCount   0x00002c       data     static ..\Audio-Switch.asm      
                 NumThSec   0x00002d       data     static ..\Audio-Switch.asm      
                   NumSec   0x00002e       data     static ..\Audio-Switch.asm      
                   NumMin   0x00002f       data     static ..\Audio-Switch.asm      
                  CharIdx   0x000030       data     static ..\DisLCD.asm            
                  PortIdx   0x000031       data     static ..\DisLCD.asm            
                     CHAR   0x000032       data     static ..\DisLCD.asm            
                 _DELV003   0x000033       data     static LCDlib\LCDlib\Del2ms.asm 
                 _DELV004   0x000034       data     static LCDlib\LCDlib\Del2ms.asm 
                 _DELV001   0x000035       data     static LCDlib\LCDlib\Del40us.asm
                 _DELV002   0x000036       data     static LCDlib\LCDlib\Del40us.asm
                 SaveLetr   0x000037       data     static LCDlib\LCDlib\LCDletr.asm
                     Save   0x000037       data     static LCDlib\LCDlib\LCDsend.asm
                    Count   0x000037       data     static LCDlib\LCDlib\LCDinit.asm
                     Addr   0x000037       data     static LCDlib\LCDlib\LCDaddr.asm


