MPLINK 5.08, LINKER
Linker Map File - Created Mon Apr 18 17:50:42 2016

                                 Section Info
                  Section       Type    Address   Location Size(Bytes)
                ---------  ---------  ---------  ---------  ---------
                   .org_1       code   0x000000    program   0x000f56
                   .cinit    romdata   0x0007ab    program   0x000004
              .SerLPFMess       code   0x0007ad    program   0x000056
                    MYLIB       code   0x0007d8    program   0x00001c
            .Gain_Strings       code   0x000800    program   0x000e00
           .Gain_Display1       code   0x001000    program   0x000c32
            .DisLPF_FreqT       code   0x001800    program   0x000c04
            .Gain_Display       code   0x002000    program   0x000bd4
           .Audio_switch1       code   0x002800    program   0x000b04
                 .DisGain       code   0x003000    program   0x000a0a
                  .DisLPF       code   0x003505    program   0x000508
                   LCDLIB       code   0x003789    program   0x0000ac
             .SerGainMess       code   0x0037df    program   0x000040
          .DisLPF_Strings       code   0x003800    program   0x000700
                 .Display       code   0x003b80    program   0x00063e
.config_8007_BUILD/DEFAULT/PRODUCTION/_EXT/14       code   0x008007    program   0x000002
.config_8008_BUILD/DEFAULT/PRODUCTION/_EXT/14       code   0x008008    program   0x000002
                   .org_0       code   0x00f000    program   0x000018
                   .udata      udata   0x000620       data   0x000026
                  _DELOV2      udata   0x000646       data   0x000002
                  _DELOV1      udata   0x000648       data   0x000002
                  _LCDOV1      udata   0x00064a       data   0x000001



                              Program Memory Usage 
                               Start         End      
                           ---------   ---------      
                            0x000000    0x0007e5      
                            0x000800    0x000eff      
                            0x001000    0x001618      
                            0x001800    0x001e01      
                            0x002000    0x0025e9      
                            0x002800    0x002d81      
                            0x003000    0x0037fe      
                            0x003800    0x003e9e      
                            0x008007    0x008008      
                            0x00f000    0x00f00b      
            13593 out of 16647 program addresses used, program memory utilization is 81%



                              Symbols - Sorted by Name
                     Name    Address   Location    Storage File                     
                ---------  ---------  ---------  --------- ---------                
                    A_Mux   0x000616    program     static ../Audio-Switch.asm      
                    B_Mux   0x000623    program     static ../Audio-Switch.asm      
            BackLightSubs   0x002873    program     static ../Audio-Switch.asm      
                  ComRecA   0x0001f6    program     static ../Audio-Switch.asm      
                  ComRecB   0x0001fa    program     static ../Audio-Switch.asm      
                  ComRecL   0x0001ee    program     static ../Audio-Switch.asm      
                  ComRecR   0x0001f2    program     static ../Audio-Switch.asm      
                 CommandA   0x0002bf    program     static ../Audio-Switch.asm      
                CommandA0   0x00048e    program     static ../Audio-Switch.asm      
                CommandA1   0x000497    program     static ../Audio-Switch.asm      
                CommandA2   0x0004a0    program     static ../Audio-Switch.asm      
                CommandA3   0x0004a9    program     static ../Audio-Switch.asm      
                CommandA4   0x0004b2    program     static ../Audio-Switch.asm      
                CommandA5   0x0004bb    program     static ../Audio-Switch.asm      
                CommandA6   0x0004c4    program     static ../Audio-Switch.asm      
                CommandA7   0x0004cd    program     static ../Audio-Switch.asm      
                 CommandB   0x0002e9    program     static ../Audio-Switch.asm      
                CommandB0   0x0004dc    program     static ../Audio-Switch.asm      
                CommandB1   0x0004e5    program     static ../Audio-Switch.asm      
                CommandB2   0x0004ee    program     static ../Audio-Switch.asm      
                CommandB3   0x0004f7    program     static ../Audio-Switch.asm      
                CommandB4   0x000500    program     static ../Audio-Switch.asm      
                CommandB5   0x000509    program     static ../Audio-Switch.asm      
                CommandB6   0x000512    program     static ../Audio-Switch.asm      
                CommandB7   0x00051b    program     static ../Audio-Switch.asm      
                 CommandL   0x00026b    program     static ../Audio-Switch.asm      
                CommandL0   0x0003f2    program     static ../Audio-Switch.asm      
                CommandL1   0x0003fb    program     static ../Audio-Switch.asm      
                CommandL2   0x000404    program     static ../Audio-Switch.asm      
                CommandL3   0x00040d    program     static ../Audio-Switch.asm      
                CommandL4   0x000416    program     static ../Audio-Switch.asm      
                CommandL5   0x00041f    program     static ../Audio-Switch.asm      
                CommandL6   0x000428    program     static ../Audio-Switch.asm      
                CommandL7   0x000431    program     static ../Audio-Switch.asm      
              CommandMode   0x000226    program     static ../Audio-Switch.asm      
                 CommandR   0x000295    program     static ../Audio-Switch.asm      
                CommandR0   0x000440    program     static ../Audio-Switch.asm      
                CommandR1   0x000449    program     static ../Audio-Switch.asm      
                CommandR2   0x000452    program     static ../Audio-Switch.asm      
                CommandR3   0x00045b    program     static ../Audio-Switch.asm      
                CommandR4   0x000464    program     static ../Audio-Switch.asm      
                CommandR5   0x00046d    program     static ../Audio-Switch.asm      
                CommandR6   0x000476    program     static ../Audio-Switch.asm      
                CommandR7   0x00047f    program     static ../Audio-Switch.asm      
                Command_A   0x0004d6    program     static ../Audio-Switch.asm      
                Command_B   0x000524    program     static ../Audio-Switch.asm      
                Command_L   0x00043a    program     static ../Audio-Switch.asm      
                Command_R   0x000488    program     static ../Audio-Switch.asm      
                   DATAEE   0x00f000    program     static ../Audio-Switch.asm      
                 Dec_Gain   0x002b21    program     static ../Audio-Switch.asm      
               Dec_Gain_A   0x002b9d    program     static ../Audio-Switch.asm      
               Dec_Gain_B   0x002bac    program     static ../Audio-Switch.asm      
               Dec_Gain_L   0x002b7f    program     static ../Audio-Switch.asm      
               Dec_Gain_R   0x002b8e    program     static ../Audio-Switch.asm      
                  Dec_LPF   0x002b32    program     static ../Audio-Switch.asm      
                Dec_LPF_A   0x002c65    program     static ../Audio-Switch.asm      
                Dec_LPF_B   0x002c74    program     static ../Audio-Switch.asm      
                Dec_LPF_L   0x002c47    program     static ../Audio-Switch.asm      
                Dec_LPF_R   0x002c56    program     static ../Audio-Switch.asm      
                   Del2ms   0x0037ab    program     extern ../LCDlib/LCDlib/Del2ms.asm
                  Del40us   0x0037b4    program     extern ../LCDlib/LCDlib/Del40us.asm
                 Del450ns   0x0037c0    program     extern ../LCDlib/LCDlib/Del450ns.asm
                 Dis1Name   0x003c79    program     extern ../Display.asm           
                Dis1NameS   0x003c7a    program     static ../Display.asm           
                 Dis2Name   0x003c83    program     extern ../Display.asm           
                Dis2NameS   0x003c84    program     static ../Display.asm           
                  DisGain   0x003000    program     extern /home/mwolf/MPLABXProjects/Audio-Switch-mk4/Audio-Switch-mk4.X/DisGain.asm
                 DisGainS   0x003003    program     static /home/mwolf/MPLABXProjects/Audio-Switch-mk4/Audio-Switch-mk4.X/DisGain.asm
                DisInName   0x003bec    program     extern ../Display.asm           
               DisInNameS   0x003bee    program     static ../Display.asm           
                 DisLName   0x003c65    program     extern ../Display.asm           
                DisLNameS   0x003c66    program     static ../Display.asm           
                   DisLPF   0x003505    program     extern /home/mwolf/MPLABXProjects/Audio-Switch-mk4/Audio-Switch-mk4.X/DisLPF.asm
                  DisLPFS   0x003508    program     static /home/mwolf/MPLABXProjects/Audio-Switch-mk4/Audio-Switch-mk4.X/DisLPF.asm
              DisOutInDiv   0x003c8d    program     extern ../Display.asm           
               DisPortDiv   0x003c92    program     extern ../Display.asm           
     DisPortDiv1_Gain_LPF   0x002aa7    program     static ../Audio-Switch.asm      
     DisPortDiv2_Gain_LPF   0x002ab6    program     static ../Audio-Switch.asm      
                 DisRName   0x003c6f    program     extern ../Display.asm           
                DisRNameS   0x003c70    program     static ../Display.asm           
           EEPROM_A_Write   0x002828    program     static ../Audio-Switch.asm      
           EEPROM_B_Write   0x00283c    program     static ../Audio-Switch.asm      
       EEPROM_LPF_A_Write   0x002cab    program     static ../Audio-Switch.asm      
       EEPROM_LPF_B_Write   0x002cbf    program     static ../Audio-Switch.asm      
       EEPROM_LPF_L_Write   0x002c83    program     static ../Audio-Switch.asm      
       EEPROM_LPF_R_Write   0x002c97    program     static ../Audio-Switch.asm      
           EEPROM_L_Write   0x002800    program     static ../Audio-Switch.asm      
       EEPROM_Pot_A_Write   0x002be3    program     static ../Audio-Switch.asm      
       EEPROM_Pot_B_Write   0x002bf7    program     static ../Audio-Switch.asm      
       EEPROM_Pot_L_Write   0x002bbb    program     static ../Audio-Switch.asm      
       EEPROM_Pot_R_Write   0x002bcf    program     static ../Audio-Switch.asm      
           EEPROM_R_Write   0x002814    program     static ../Audio-Switch.asm      
                   EEREAD   0x000730    program     static ../Audio-Switch.asm      
              EndLedB1Dim   0x0028c3    program     static ../Audio-Switch.asm      
         EndSerialDisplay   0x003ce8    program     static ../Display.asm           
               EnterCommT   0x003e0c    program     static ../Display.asm           
              EnterCommTs   0x003e18    program     static ../Display.asm           
           ErrSerialFrame   0x000538    program     static ../Audio-Switch.asm      
           ErrSerialOverr   0x000535    program     static ../Audio-Switch.asm      
            FullBackLight   0x0028c4    program     static ../Audio-Switch.asm      
                  Gain0Ts   0x000800    program     static /home/mwolf/MPLABXProjects/Audio-Switch-mk4/Audio-Switch-mk4.X/DisGain.asm
               Gain0Value   0x002000    program     static /home/mwolf/MPLABXProjects/Audio-Switch-mk4/Audio-Switch-mk4.X/DisGain.asm
              Gain0ValueT   0x002002    program     static /home/mwolf/MPLABXProjects/Audio-Switch-mk4/Audio-Switch-mk4.X/DisGain.asm
                Gain100Ts   0x000abc    program     static /home/mwolf/MPLABXProjects/Audio-Switch-mk4/Audio-Switch-mk4.X/DisGain.asm
            Gain100ValueT   0x0024b2    program     static /home/mwolf/MPLABXProjects/Audio-Switch-mk4/Audio-Switch-mk4.X/DisGain.asm
                Gain101Ts   0x000ac3    program     static /home/mwolf/MPLABXProjects/Audio-Switch-mk4/Audio-Switch-mk4.X/DisGain.asm
            Gain101ValueT   0x0024be    program     static /home/mwolf/MPLABXProjects/Audio-Switch-mk4/Audio-Switch-mk4.X/DisGain.asm
                Gain102Ts   0x000aca    program     static /home/mwolf/MPLABXProjects/Audio-Switch-mk4/Audio-Switch-mk4.X/DisGain.asm
            Gain102ValueT   0x0024ca    program     static /home/mwolf/MPLABXProjects/Audio-Switch-mk4/Audio-Switch-mk4.X/DisGain.asm
                Gain103Ts   0x000ad1    program     static /home/mwolf/MPLABXProjects/Audio-Switch-mk4/Audio-Switch-mk4.X/DisGain.asm
            Gain103ValueT   0x0024d6    program     static /home/mwolf/MPLABXProjects/Audio-Switch-mk4/Audio-Switch-mk4.X/DisGain.asm
                Gain104Ts   0x000ad8    program     static /home/mwolf/MPLABXProjects/Audio-Switch-mk4/Audio-Switch-mk4.X/DisGain.asm
            Gain104ValueT   0x0024e2    program     static /home/mwolf/MPLABXProjects/Audio-Switch-mk4/Audio-Switch-mk4.X/DisGain.asm
                Gain105Ts   0x000adf    program     static /home/mwolf/MPLABXProjects/Audio-Switch-mk4/Audio-Switch-mk4.X/DisGain.asm
            Gain105ValueT   0x0024ee    program     static /home/mwolf/MPLABXProjects/Audio-Switch-mk4/Audio-Switch-mk4.X/DisGain.asm
                Gain106Ts   0x000ae6    program     static /home/mwolf/MPLABXProjects/Audio-Switch-mk4/Audio-Switch-mk4.X/DisGain.asm
            Gain106ValueT   0x0024fa    program     static /home/mwolf/MPLABXProjects/Audio-Switch-mk4/Audio-Switch-mk4.X/DisGain.asm
                Gain107Ts   0x000aed    program     static /home/mwolf/MPLABXProjects/Audio-Switch-mk4/Audio-Switch-mk4.X/DisGain.asm
            Gain107ValueT   0x002506    program     static /home/mwolf/MPLABXProjects/Audio-Switch-mk4/Audio-Switch-mk4.X/DisGain.asm
                Gain108Ts   0x000af4    program     static /home/mwolf/MPLABXProjects/Audio-Switch-mk4/Audio-Switch-mk4.X/DisGain.asm
            Gain108ValueT   0x002512    program     static /home/mwolf/MPLABXProjects/Audio-Switch-mk4/Audio-Switch-mk4.X/DisGain.asm
                Gain109Ts   0x000afb    program     static /home/mwolf/MPLABXProjects/Audio-Switch-mk4/Audio-Switch-mk4.X/DisGain.asm
            Gain109ValueT   0x00251e    program     static /home/mwolf/MPLABXProjects/Audio-Switch-mk4/Audio-Switch-mk4.X/DisGain.asm
                 Gain10Ts   0x000846    program     static /home/mwolf/MPLABXProjects/Audio-Switch-mk4/Audio-Switch-mk4.X/DisGain.asm
             Gain10ValueT   0x00207a    program     static /home/mwolf/MPLABXProjects/Audio-Switch-mk4/Audio-Switch-mk4.X/DisGain.asm
                Gain110Ts   0x000b02    program     static /home/mwolf/MPLABXProjects/Audio-Switch-mk4/Audio-Switch-mk4.X/DisGain.asm
            Gain110ValueT   0x00252a    program     static /home/mwolf/MPLABXProjects/Audio-Switch-mk4/Audio-Switch-mk4.X/DisGain.asm
                Gain111Ts   0x000b09    program     static /home/mwolf/MPLABXProjects/Audio-Switch-mk4/Audio-Switch-mk4.X/DisGain.asm
            Gain111ValueT   0x002536    program     static /home/mwolf/MPLABXProjects/Audio-Switch-mk4/Audio-Switch-mk4.X/DisGain.asm
                Gain112Ts   0x000b10    program     static /home/mwolf/MPLABXProjects/Audio-Switch-mk4/Audio-Switch-mk4.X/DisGain.asm
            Gain112ValueT   0x002542    program     static /home/mwolf/MPLABXProjects/Audio-Switch-mk4/Audio-Switch-mk4.X/DisGain.asm
                Gain113Ts   0x000b17    program     static /home/mwolf/MPLABXProjects/Audio-Switch-mk4/Audio-Switch-mk4.X/DisGain.asm
            Gain113ValueT   0x00254e    program     static /home/mwolf/MPLABXProjects/Audio-Switch-mk4/Audio-Switch-mk4.X/DisGain.asm
                Gain114Ts   0x000b1e    program     static /home/mwolf/MPLABXProjects/Audio-Switch-mk4/Audio-Switch-mk4.X/DisGain.asm
            Gain114ValueT   0x00255a    program     static /home/mwolf/MPLABXProjects/Audio-Switch-mk4/Audio-Switch-mk4.X/DisGain.asm
                Gain115Ts   0x000b25    program     static /home/mwolf/MPLABXProjects/Audio-Switch-mk4/Audio-Switch-mk4.X/DisGain.asm
            Gain115ValueT   0x002566    program     static /home/mwolf/MPLABXProjects/Audio-Switch-mk4/Audio-Switch-mk4.X/DisGain.asm
                Gain116Ts   0x000b2c    program     static /home/mwolf/MPLABXProjects/Audio-Switch-mk4/Audio-Switch-mk4.X/DisGain.asm
            Gain116ValueT   0x002572    program     static /home/mwolf/MPLABXProjects/Audio-Switch-mk4/Audio-Switch-mk4.X/DisGain.asm
                Gain117Ts   0x000b33    program     static /home/mwolf/MPLABXProjects/Audio-Switch-mk4/Audio-Switch-mk4.X/DisGain.asm
            Gain117ValueT   0x00257e    program     static /home/mwolf/MPLABXProjects/Audio-Switch-mk4/Audio-Switch-mk4.X/DisGain.asm
                Gain118Ts   0x000b3a    program     static /home/mwolf/MPLABXProjects/Audio-Switch-mk4/Audio-Switch-mk4.X/DisGain.asm
            Gain118ValueT   0x00258a    program     static /home/mwolf/MPLABXProjects/Audio-Switch-mk4/Audio-Switch-mk4.X/DisGain.asm
                Gain119Ts   0x000b41    program     static /home/mwolf/MPLABXProjects/Audio-Switch-mk4/Audio-Switch-mk4.X/DisGain.asm
            Gain119ValueT   0x002596    program     static /home/mwolf/MPLABXProjects/Audio-Switch-mk4/Audio-Switch-mk4.X/DisGain.asm
                 Gain11Ts   0x00084d    program     static /home/mwolf/MPLABXProjects/Audio-Switch-mk4/Audio-Switch-mk4.X/DisGain.asm
             Gain11ValueT   0x002086    program     static /home/mwolf/MPLABXProjects/Audio-Switch-mk4/Audio-Switch-mk4.X/DisGain.asm
                Gain120Ts   0x000b48    program     static /home/mwolf/MPLABXProjects/Audio-Switch-mk4/Audio-Switch-mk4.X/DisGain.asm
            Gain120ValueT   0x0025a2    program     static /home/mwolf/MPLABXProjects/Audio-Switch-mk4/Audio-Switch-mk4.X/DisGain.asm
                Gain121Ts   0x000b4f    program     static /home/mwolf/MPLABXProjects/Audio-Switch-mk4/Audio-Switch-mk4.X/DisGain.asm
            Gain121ValueT   0x0025ae    program     static /home/mwolf/MPLABXProjects/Audio-Switch-mk4/Audio-Switch-mk4.X/DisGain.asm
                Gain122Ts   0x000b56    program     static /home/mwolf/MPLABXProjects/Audio-Switch-mk4/Audio-Switch-mk4.X/DisGain.asm
            Gain122ValueT   0x0025ba    program     static /home/mwolf/MPLABXProjects/Audio-Switch-mk4/Audio-Switch-mk4.X/DisGain.asm
                Gain123Ts   0x000b5d    program     static /home/mwolf/MPLABXProjects/Audio-Switch-mk4/Audio-Switch-mk4.X/DisGain.asm
            Gain123ValueT   0x0025c6    program     static /home/mwolf/MPLABXProjects/Audio-Switch-mk4/Audio-Switch-mk4.X/DisGain.asm
                Gain124Ts   0x000b64    program     static /home/mwolf/MPLABXProjects/Audio-Switch-mk4/Audio-Switch-mk4.X/DisGain.asm
            Gain124ValueT   0x0025d2    program     static /home/mwolf/MPLABXProjects/Audio-Switch-mk4/Audio-Switch-mk4.X/DisGain.asm
                Gain125Ts   0x000b6b    program     static /home/mwolf/MPLABXProjects/Audio-Switch-mk4/Audio-Switch-mk4.X/DisGain.asm
            Gain125ValueT   0x0025de    program     static /home/mwolf/MPLABXProjects/Audio-Switch-mk4/Audio-Switch-mk4.X/DisGain.asm
                Gain126Ts   0x000b72    program     static /home/mwolf/MPLABXProjects/Audio-Switch-mk4/Audio-Switch-mk4.X/DisGain.asm
            Gain126ValueT   0x001000    program     static /home/mwolf/MPLABXProjects/Audio-Switch-mk4/Audio-Switch-mk4.X/DisGain.asm
                Gain127Ts   0x000b79    program     static /home/mwolf/MPLABXProjects/Audio-Switch-mk4/Audio-Switch-mk4.X/DisGain.asm
            Gain127ValueT   0x00100d    program     static /home/mwolf/MPLABXProjects/Audio-Switch-mk4/Audio-Switch-mk4.X/DisGain.asm
                Gain128Ts   0x000b80    program     static /home/mwolf/MPLABXProjects/Audio-Switch-mk4/Audio-Switch-mk4.X/DisGain.asm
            Gain128ValueT   0x001019    program     static /home/mwolf/MPLABXProjects/Audio-Switch-mk4/Audio-Switch-mk4.X/DisGain.asm
                Gain129Ts   0x000b87    program     static /home/mwolf/MPLABXProjects/Audio-Switch-mk4/Audio-Switch-mk4.X/DisGain.asm
            Gain129ValueT   0x001025    program     static /home/mwolf/MPLABXProjects/Audio-Switch-mk4/Audio-Switch-mk4.X/DisGain.asm
                 Gain12Ts   0x000854    program     static /home/mwolf/MPLABXProjects/Audio-Switch-mk4/Audio-Switch-mk4.X/DisGain.asm
             Gain12ValueT   0x002092    program     static /home/mwolf/MPLABXProjects/Audio-Switch-mk4/Audio-Switch-mk4.X/DisGain.asm
                Gain130Ts   0x000b8e    program     static /home/mwolf/MPLABXProjects/Audio-Switch-mk4/Audio-Switch-mk4.X/DisGain.asm
            Gain130ValueT   0x001031    program     static /home/mwolf/MPLABXProjects/Audio-Switch-mk4/Audio-Switch-mk4.X/DisGain.asm
                Gain131Ts   0x000b95    program     static /home/mwolf/MPLABXProjects/Audio-Switch-mk4/Audio-Switch-mk4.X/DisGain.asm
            Gain131ValueT   0x00103d    program     static /home/mwolf/MPLABXProjects/Audio-Switch-mk4/Audio-Switch-mk4.X/DisGain.asm
                Gain132Ts   0x000b9c    program     static /home/mwolf/MPLABXProjects/Audio-Switch-mk4/Audio-Switch-mk4.X/DisGain.asm
            Gain132ValueT   0x001049    program     static /home/mwolf/MPLABXProjects/Audio-Switch-mk4/Audio-Switch-mk4.X/DisGain.asm
                Gain133Ts   0x000ba3    program     static /home/mwolf/MPLABXProjects/Audio-Switch-mk4/Audio-Switch-mk4.X/DisGain.asm
            Gain133ValueT   0x001055    program     static /home/mwolf/MPLABXProjects/Audio-Switch-mk4/Audio-Switch-mk4.X/DisGain.asm
                Gain134Ts   0x000baa    program     static /home/mwolf/MPLABXProjects/Audio-Switch-mk4/Audio-Switch-mk4.X/DisGain.asm
            Gain134ValueT   0x001061    program     static /home/mwolf/MPLABXProjects/Audio-Switch-mk4/Audio-Switch-mk4.X/DisGain.asm
                Gain135Ts   0x000bb1    program     static /home/mwolf/MPLABXProjects/Audio-Switch-mk4/Audio-Switch-mk4.X/DisGain.asm
            Gain135ValueT   0x00106d    program     static /home/mwolf/MPLABXProjects/Audio-Switch-mk4/Audio-Switch-mk4.X/DisGain.asm
                Gain136Ts   0x000bb8    program     static /home/mwolf/MPLABXProjects/Audio-Switch-mk4/Audio-Switch-mk4.X/DisGain.asm
            Gain136ValueT   0x001079    program     static /home/mwolf/MPLABXProjects/Audio-Switch-mk4/Audio-Switch-mk4.X/DisGain.asm
                Gain137Ts   0x000bbf    program     static /home/mwolf/MPLABXProjects/Audio-Switch-mk4/Audio-Switch-mk4.X/DisGain.asm
            Gain137ValueT   0x001085    program     static /home/mwolf/MPLABXProjects/Audio-Switch-mk4/Audio-Switch-mk4.X/DisGain.asm
                Gain138Ts   0x000bc6    program     static /home/mwolf/MPLABXProjects/Audio-Switch-mk4/Audio-Switch-mk4.X/DisGain.asm
            Gain138ValueT   0x001091    program     static /home/mwolf/MPLABXProjects/Audio-Switch-mk4/Audio-Switch-mk4.X/DisGain.asm
                Gain139Ts   0x000bcd    program     static /home/mwolf/MPLABXProjects/Audio-Switch-mk4/Audio-Switch-mk4.X/DisGain.asm
            Gain139ValueT   0x00109d    program     static /home/mwolf/MPLABXProjects/Audio-Switch-mk4/Audio-Switch-mk4.X/DisGain.asm
                 Gain13Ts   0x00085b    program     static /home/mwolf/MPLABXProjects/Audio-Switch-mk4/Audio-Switch-mk4.X/DisGain.asm
             Gain13ValueT   0x00209e    program     static /home/mwolf/MPLABXProjects/Audio-Switch-mk4/Audio-Switch-mk4.X/DisGain.asm
                Gain140Ts   0x000bd4    program     static /home/mwolf/MPLABXProjects/Audio-Switch-mk4/Audio-Switch-mk4.X/DisGain.asm
            Gain140ValueT   0x0010a9    program     static /home/mwolf/MPLABXProjects/Audio-Switch-mk4/Audio-Switch-mk4.X/DisGain.asm
                Gain141Ts   0x000bdb    program     static /home/mwolf/MPLABXProjects/Audio-Switch-mk4/Audio-Switch-mk4.X/DisGain.asm
            Gain141ValueT   0x0010b5    program     static /home/mwolf/MPLABXProjects/Audio-Switch-mk4/Audio-Switch-mk4.X/DisGain.asm
                Gain142Ts   0x000be2    program     static /home/mwolf/MPLABXProjects/Audio-Switch-mk4/Audio-Switch-mk4.X/DisGain.asm
            Gain142ValueT   0x0010c1    program     static /home/mwolf/MPLABXProjects/Audio-Switch-mk4/Audio-Switch-mk4.X/DisGain.asm
                Gain143Ts   0x000be9    program     static /home/mwolf/MPLABXProjects/Audio-Switch-mk4/Audio-Switch-mk4.X/DisGain.asm
            Gain143ValueT   0x0010cd    program     static /home/mwolf/MPLABXProjects/Audio-Switch-mk4/Audio-Switch-mk4.X/DisGain.asm
                Gain144Ts   0x000bf0    program     static /home/mwolf/MPLABXProjects/Audio-Switch-mk4/Audio-Switch-mk4.X/DisGain.asm
            Gain144ValueT   0x0010d9    program     static /home/mwolf/MPLABXProjects/Audio-Switch-mk4/Audio-Switch-mk4.X/DisGain.asm
                Gain145Ts   0x000bf7    program     static /home/mwolf/MPLABXProjects/Audio-Switch-mk4/Audio-Switch-mk4.X/DisGain.asm
            Gain145ValueT   0x0010e5    program     static /home/mwolf/MPLABXProjects/Audio-Switch-mk4/Audio-Switch-mk4.X/DisGain.asm
                Gain146Ts   0x000bfe    program     static /home/mwolf/MPLABXProjects/Audio-Switch-mk4/Audio-Switch-mk4.X/DisGain.asm
            Gain146ValueT   0x0010f1    program     static /home/mwolf/MPLABXProjects/Audio-Switch-mk4/Audio-Switch-mk4.X/DisGain.asm
                Gain147Ts   0x000c05    program     static /home/mwolf/MPLABXProjects/Audio-Switch-mk4/Audio-Switch-mk4.X/DisGain.asm
            Gain147ValueT   0x0010fd    program     static /home/mwolf/MPLABXProjects/Audio-Switch-mk4/Audio-Switch-mk4.X/DisGain.asm
                Gain148Ts   0x000c0c    program     static /home/mwolf/MPLABXProjects/Audio-Switch-mk4/Audio-Switch-mk4.X/DisGain.asm
            Gain148ValueT   0x001109    program     static /home/mwolf/MPLABXProjects/Audio-Switch-mk4/Audio-Switch-mk4.X/DisGain.asm
                Gain149Ts   0x000c13    program     static /home/mwolf/MPLABXProjects/Audio-Switch-mk4/Audio-Switch-mk4.X/DisGain.asm
            Gain149ValueT   0x001115    program     static /home/mwolf/MPLABXProjects/Audio-Switch-mk4/Audio-Switch-mk4.X/DisGain.asm
                 Gain14Ts   0x000862    program     static /home/mwolf/MPLABXProjects/Audio-Switch-mk4/Audio-Switch-mk4.X/DisGain.asm
             Gain14ValueT   0x0020aa    program     static /home/mwolf/MPLABXProjects/Audio-Switch-mk4/Audio-Switch-mk4.X/DisGain.asm
                Gain150Ts   0x000c1a    program     static /home/mwolf/MPLABXProjects/Audio-Switch-mk4/Audio-Switch-mk4.X/DisGain.asm
            Gain150ValueT   0x001121    program     static /home/mwolf/MPLABXProjects/Audio-Switch-mk4/Audio-Switch-mk4.X/DisGain.asm
                Gain151Ts   0x000c21    program     static /home/mwolf/MPLABXProjects/Audio-Switch-mk4/Audio-Switch-mk4.X/DisGain.asm
            Gain151ValueT   0x00112d    program     static /home/mwolf/MPLABXProjects/Audio-Switch-mk4/Audio-Switch-mk4.X/DisGain.asm
                Gain152Ts   0x000c28    program     static /home/mwolf/MPLABXProjects/Audio-Switch-mk4/Audio-Switch-mk4.X/DisGain.asm
            Gain152ValueT   0x001139    program     static /home/mwolf/MPLABXProjects/Audio-Switch-mk4/Audio-Switch-mk4.X/DisGain.asm
                Gain153Ts   0x000c2f    program     static /home/mwolf/MPLABXProjects/Audio-Switch-mk4/Audio-Switch-mk4.X/DisGain.asm
            Gain153ValueT   0x001145    program     static /home/mwolf/MPLABXProjects/Audio-Switch-mk4/Audio-Switch-mk4.X/DisGain.asm
                Gain154Ts   0x000c36    program     static /home/mwolf/MPLABXProjects/Audio-Switch-mk4/Audio-Switch-mk4.X/DisGain.asm
            Gain154ValueT   0x001151    program     static /home/mwolf/MPLABXProjects/Audio-Switch-mk4/Audio-Switch-mk4.X/DisGain.asm
                Gain155Ts   0x000c3d    program     static /home/mwolf/MPLABXProjects/Audio-Switch-mk4/Audio-Switch-mk4.X/DisGain.asm
            Gain155ValueT   0x00115d    program     static /home/mwolf/MPLABXProjects/Audio-Switch-mk4/Audio-Switch-mk4.X/DisGain.asm
                Gain156Ts   0x000c44    program     static /home/mwolf/MPLABXProjects/Audio-Switch-mk4/Audio-Switch-mk4.X/DisGain.asm
            Gain156ValueT   0x001169    program     static /home/mwolf/MPLABXProjects/Audio-Switch-mk4/Audio-Switch-mk4.X/DisGain.asm
                Gain157Ts   0x000c4b    program     static /home/mwolf/MPLABXProjects/Audio-Switch-mk4/Audio-Switch-mk4.X/DisGain.asm
            Gain157ValueT   0x001175    program     static /home/mwolf/MPLABXProjects/Audio-Switch-mk4/Audio-Switch-mk4.X/DisGain.asm
                Gain158Ts   0x000c52    program     static /home/mwolf/MPLABXProjects/Audio-Switch-mk4/Audio-Switch-mk4.X/DisGain.asm
            Gain158ValueT   0x001181    program     static /home/mwolf/MPLABXProjects/Audio-Switch-mk4/Audio-Switch-mk4.X/DisGain.asm
                Gain159Ts   0x000c59    program     static /home/mwolf/MPLABXProjects/Audio-Switch-mk4/Audio-Switch-mk4.X/DisGain.asm
            Gain159ValueT   0x00118d    program     static /home/mwolf/MPLABXProjects/Audio-Switch-mk4/Audio-Switch-mk4.X/DisGain.asm
                 Gain15Ts   0x000869    program     static /home/mwolf/MPLABXProjects/Audio-Switch-mk4/Audio-Switch-mk4.X/DisGain.asm
             Gain15ValueT   0x0020b6    program     static /home/mwolf/MPLABXProjects/Audio-Switch-mk4/Audio-Switch-mk4.X/DisGain.asm
                Gain160Ts   0x000c60    program     static /home/mwolf/MPLABXProjects/Audio-Switch-mk4/Audio-Switch-mk4.X/DisGain.asm
            Gain160ValueT   0x001199    program     static /home/mwolf/MPLABXProjects/Audio-Switch-mk4/Audio-Switch-mk4.X/DisGain.asm
                Gain161Ts   0x000c67    program     static /home/mwolf/MPLABXProjects/Audio-Switch-mk4/Audio-Switch-mk4.X/DisGain.asm
            Gain161ValueT   0x0011a5    program     static /home/mwolf/MPLABXProjects/Audio-Switch-mk4/Audio-Switch-mk4.X/DisGain.asm
                Gain162Ts   0x000c6e    program     static /home/mwolf/MPLABXProjects/Audio-Switch-mk4/Audio-Switch-mk4.X/DisGain.asm
            Gain162ValueT   0x0011b1    program     static /home/mwolf/MPLABXProjects/Audio-Switch-mk4/Audio-Switch-mk4.X/DisGain.asm
                Gain163Ts   0x000c75    program     static /home/mwolf/MPLABXProjects/Audio-Switch-mk4/Audio-Switch-mk4.X/DisGain.asm
            Gain163ValueT   0x0011bd    program     static /home/mwolf/MPLABXProjects/Audio-Switch-mk4/Audio-Switch-mk4.X/DisGain.asm
                Gain164Ts   0x000c7c    program     static /home/mwolf/MPLABXProjects/Audio-Switch-mk4/Audio-Switch-mk4.X/DisGain.asm
            Gain164ValueT   0x0011c9    program     static /home/mwolf/MPLABXProjects/Audio-Switch-mk4/Audio-Switch-mk4.X/DisGain.asm
                Gain165Ts   0x000c83    program     static /home/mwolf/MPLABXProjects/Audio-Switch-mk4/Audio-Switch-mk4.X/DisGain.asm
            Gain165ValueT   0x0011d5    program     static /home/mwolf/MPLABXProjects/Audio-Switch-mk4/Audio-Switch-mk4.X/DisGain.asm
                Gain166Ts   0x000c8a    program     static /home/mwolf/MPLABXProjects/Audio-Switch-mk4/Audio-Switch-mk4.X/DisGain.asm
            Gain166ValueT   0x0011e1    program     static /home/mwolf/MPLABXProjects/Audio-Switch-mk4/Audio-Switch-mk4.X/DisGain.asm
                Gain167Ts   0x000c91    program     static /home/mwolf/MPLABXProjects/Audio-Switch-mk4/Audio-Switch-mk4.X/DisGain.asm
            Gain167ValueT   0x0011ed    program     static /home/mwolf/MPLABXProjects/Audio-Switch-mk4/Audio-Switch-mk4.X/DisGain.asm
                Gain168Ts   0x000c98    program     static /home/mwolf/MPLABXProjects/Audio-Switch-mk4/Audio-Switch-mk4.X/DisGain.asm
            Gain168ValueT   0x0011f9    program     static /home/mwolf/MPLABXProjects/Audio-Switch-mk4/Audio-Switch-mk4.X/DisGain.asm
                Gain169Ts   0x000c9f    program     static /home/mwolf/MPLABXProjects/Audio-Switch-mk4/Audio-Switch-mk4.X/DisGain.asm
            Gain169ValueT   0x001205    program     static /home/mwolf/MPLABXProjects/Audio-Switch-mk4/Audio-Switch-mk4.X/DisGain.asm
                 Gain16Ts   0x000870    program     static /home/mwolf/MPLABXProjects/Audio-Switch-mk4/Audio-Switch-mk4.X/DisGain.asm
             Gain16ValueT   0x0020c2    program     static /home/mwolf/MPLABXProjects/Audio-Switch-mk4/Audio-Switch-mk4.X/DisGain.asm
                Gain170Ts   0x000ca6    program     static /home/mwolf/MPLABXProjects/Audio-Switch-mk4/Audio-Switch-mk4.X/DisGain.asm
            Gain170ValueT   0x001211    program     static /home/mwolf/MPLABXProjects/Audio-Switch-mk4/Audio-Switch-mk4.X/DisGain.asm
                Gain171Ts   0x000cad    program     static /home/mwolf/MPLABXProjects/Audio-Switch-mk4/Audio-Switch-mk4.X/DisGain.asm
            Gain171ValueT   0x00121d    program     static /home/mwolf/MPLABXProjects/Audio-Switch-mk4/Audio-Switch-mk4.X/DisGain.asm
                Gain172Ts   0x000cb4    program     static /home/mwolf/MPLABXProjects/Audio-Switch-mk4/Audio-Switch-mk4.X/DisGain.asm
            Gain172ValueT   0x001229    program     static /home/mwolf/MPLABXProjects/Audio-Switch-mk4/Audio-Switch-mk4.X/DisGain.asm
                Gain173Ts   0x000cbb    program     static /home/mwolf/MPLABXProjects/Audio-Switch-mk4/Audio-Switch-mk4.X/DisGain.asm
            Gain173ValueT   0x001235    program     static /home/mwolf/MPLABXProjects/Audio-Switch-mk4/Audio-Switch-mk4.X/DisGain.asm
                Gain174Ts   0x000cc2    program     static /home/mwolf/MPLABXProjects/Audio-Switch-mk4/Audio-Switch-mk4.X/DisGain.asm
            Gain174ValueT   0x001241    program     static /home/mwolf/MPLABXProjects/Audio-Switch-mk4/Audio-Switch-mk4.X/DisGain.asm
                Gain175Ts   0x000cc9    program     static /home/mwolf/MPLABXProjects/Audio-Switch-mk4/Audio-Switch-mk4.X/DisGain.asm
            Gain175ValueT   0x00124d    program     static /home/mwolf/MPLABXProjects/Audio-Switch-mk4/Audio-Switch-mk4.X/DisGain.asm
                Gain176Ts   0x000cd0    program     static /home/mwolf/MPLABXProjects/Audio-Switch-mk4/Audio-Switch-mk4.X/DisGain.asm
            Gain176ValueT   0x001259    program     static /home/mwolf/MPLABXProjects/Audio-Switch-mk4/Audio-Switch-mk4.X/DisGain.asm
                Gain177Ts   0x000cd7    program     static /home/mwolf/MPLABXProjects/Audio-Switch-mk4/Audio-Switch-mk4.X/DisGain.asm
            Gain177ValueT   0x001265    program     static /home/mwolf/MPLABXProjects/Audio-Switch-mk4/Audio-Switch-mk4.X/DisGain.asm
                Gain178Ts   0x000cde    program     static /home/mwolf/MPLABXProjects/Audio-Switch-mk4/Audio-Switch-mk4.X/DisGain.asm
            Gain178ValueT   0x001271    program     static /home/mwolf/MPLABXProjects/Audio-Switch-mk4/Audio-Switch-mk4.X/DisGain.asm
                Gain179Ts   0x000ce5    program     static /home/mwolf/MPLABXProjects/Audio-Switch-mk4/Audio-Switch-mk4.X/DisGain.asm
            Gain179ValueT   0x00127d    program     static /home/mwolf/MPLABXProjects/Audio-Switch-mk4/Audio-Switch-mk4.X/DisGain.asm
                 Gain17Ts   0x000877    program     static /home/mwolf/MPLABXProjects/Audio-Switch-mk4/Audio-Switch-mk4.X/DisGain.asm
             Gain17ValueT   0x0020ce    program     static /home/mwolf/MPLABXProjects/Audio-Switch-mk4/Audio-Switch-mk4.X/DisGain.asm
                Gain180Ts   0x000cec    program     static /home/mwolf/MPLABXProjects/Audio-Switch-mk4/Audio-Switch-mk4.X/DisGain.asm
            Gain180ValueT   0x001289    program     static /home/mwolf/MPLABXProjects/Audio-Switch-mk4/Audio-Switch-mk4.X/DisGain.asm
                Gain181Ts   0x000cf3    program     static /home/mwolf/MPLABXProjects/Audio-Switch-mk4/Audio-Switch-mk4.X/DisGain.asm
            Gain181ValueT   0x001295    program     static /home/mwolf/MPLABXProjects/Audio-Switch-mk4/Audio-Switch-mk4.X/DisGain.asm
                Gain182Ts   0x000cfa    program     static /home/mwolf/MPLABXProjects/Audio-Switch-mk4/Audio-Switch-mk4.X/DisGain.asm
            Gain182ValueT   0x0012a1    program     static /home/mwolf/MPLABXProjects/Audio-Switch-mk4/Audio-Switch-mk4.X/DisGain.asm
                Gain183Ts   0x000d01    program     static /home/mwolf/MPLABXProjects/Audio-Switch-mk4/Audio-Switch-mk4.X/DisGain.asm
            Gain183ValueT   0x0012ad    program     static /home/mwolf/MPLABXProjects/Audio-Switch-mk4/Audio-Switch-mk4.X/DisGain.asm
                Gain184Ts   0x000d08    program     static /home/mwolf/MPLABXProjects/Audio-Switch-mk4/Audio-Switch-mk4.X/DisGain.asm
            Gain184ValueT   0x0012b9    program     static /home/mwolf/MPLABXProjects/Audio-Switch-mk4/Audio-Switch-mk4.X/DisGain.asm
                Gain185Ts   0x000d0f    program     static /home/mwolf/MPLABXProjects/Audio-Switch-mk4/Audio-Switch-mk4.X/DisGain.asm
            Gain185ValueT   0x0012c5    program     static /home/mwolf/MPLABXProjects/Audio-Switch-mk4/Audio-Switch-mk4.X/DisGain.asm
                Gain186Ts   0x000d16    program     static /home/mwolf/MPLABXProjects/Audio-Switch-mk4/Audio-Switch-mk4.X/DisGain.asm
            Gain186ValueT   0x0012d1    program     static /home/mwolf/MPLABXProjects/Audio-Switch-mk4/Audio-Switch-mk4.X/DisGain.asm
                Gain187Ts   0x000d1d    program     static /home/mwolf/MPLABXProjects/Audio-Switch-mk4/Audio-Switch-mk4.X/DisGain.asm
            Gain187ValueT   0x0012dd    program     static /home/mwolf/MPLABXProjects/Audio-Switch-mk4/Audio-Switch-mk4.X/DisGain.asm
                Gain188Ts   0x000d24    program     static /home/mwolf/MPLABXProjects/Audio-Switch-mk4/Audio-Switch-mk4.X/DisGain.asm
            Gain188ValueT   0x0012e9    program     static /home/mwolf/MPLABXProjects/Audio-Switch-mk4/Audio-Switch-mk4.X/DisGain.asm
                Gain189Ts   0x000d2b    program     static /home/mwolf/MPLABXProjects/Audio-Switch-mk4/Audio-Switch-mk4.X/DisGain.asm
            Gain189ValueT   0x0012f5    program     static /home/mwolf/MPLABXProjects/Audio-Switch-mk4/Audio-Switch-mk4.X/DisGain.asm
                 Gain18Ts   0x00087e    program     static /home/mwolf/MPLABXProjects/Audio-Switch-mk4/Audio-Switch-mk4.X/DisGain.asm
             Gain18ValueT   0x0020da    program     static /home/mwolf/MPLABXProjects/Audio-Switch-mk4/Audio-Switch-mk4.X/DisGain.asm
                Gain190Ts   0x000d32    program     static /home/mwolf/MPLABXProjects/Audio-Switch-mk4/Audio-Switch-mk4.X/DisGain.asm
            Gain190ValueT   0x001301    program     static /home/mwolf/MPLABXProjects/Audio-Switch-mk4/Audio-Switch-mk4.X/DisGain.asm
                Gain191Ts   0x000d39    program     static /home/mwolf/MPLABXProjects/Audio-Switch-mk4/Audio-Switch-mk4.X/DisGain.asm
            Gain191ValueT   0x00130d    program     static /home/mwolf/MPLABXProjects/Audio-Switch-mk4/Audio-Switch-mk4.X/DisGain.asm
                Gain192Ts   0x000d40    program     static /home/mwolf/MPLABXProjects/Audio-Switch-mk4/Audio-Switch-mk4.X/DisGain.asm
            Gain192ValueT   0x001319    program     static /home/mwolf/MPLABXProjects/Audio-Switch-mk4/Audio-Switch-mk4.X/DisGain.asm
                Gain193Ts   0x000d47    program     static /home/mwolf/MPLABXProjects/Audio-Switch-mk4/Audio-Switch-mk4.X/DisGain.asm
            Gain193ValueT   0x001325    program     static /home/mwolf/MPLABXProjects/Audio-Switch-mk4/Audio-Switch-mk4.X/DisGain.asm
                Gain194Ts   0x000d4e    program     static /home/mwolf/MPLABXProjects/Audio-Switch-mk4/Audio-Switch-mk4.X/DisGain.asm
            Gain194ValueT   0x001331    program     static /home/mwolf/MPLABXProjects/Audio-Switch-mk4/Audio-Switch-mk4.X/DisGain.asm
                Gain195Ts   0x000d55    program     static /home/mwolf/MPLABXProjects/Audio-Switch-mk4/Audio-Switch-mk4.X/DisGain.asm
            Gain195ValueT   0x00133d    program     static /home/mwolf/MPLABXProjects/Audio-Switch-mk4/Audio-Switch-mk4.X/DisGain.asm
                Gain196Ts   0x000d5c    program     static /home/mwolf/MPLABXProjects/Audio-Switch-mk4/Audio-Switch-mk4.X/DisGain.asm
            Gain196ValueT   0x001349    program     static /home/mwolf/MPLABXProjects/Audio-Switch-mk4/Audio-Switch-mk4.X/DisGain.asm
                Gain197Ts   0x000d63    program     static /home/mwolf/MPLABXProjects/Audio-Switch-mk4/Audio-Switch-mk4.X/DisGain.asm
            Gain197ValueT   0x001355    program     static /home/mwolf/MPLABXProjects/Audio-Switch-mk4/Audio-Switch-mk4.X/DisGain.asm
                Gain198Ts   0x000d6a    program     static /home/mwolf/MPLABXProjects/Audio-Switch-mk4/Audio-Switch-mk4.X/DisGain.asm
            Gain198ValueT   0x001361    program     static /home/mwolf/MPLABXProjects/Audio-Switch-mk4/Audio-Switch-mk4.X/DisGain.asm
                Gain199Ts   0x000d71    program     static /home/mwolf/MPLABXProjects/Audio-Switch-mk4/Audio-Switch-mk4.X/DisGain.asm
            Gain199ValueT   0x00136d    program     static /home/mwolf/MPLABXProjects/Audio-Switch-mk4/Audio-Switch-mk4.X/DisGain.asm
                 Gain19Ts   0x000885    program     static /home/mwolf/MPLABXProjects/Audio-Switch-mk4/Audio-Switch-mk4.X/DisGain.asm
             Gain19ValueT   0x0020e6    program     static /home/mwolf/MPLABXProjects/Audio-Switch-mk4/Audio-Switch-mk4.X/DisGain.asm
                  Gain1Ts   0x000807    program     static /home/mwolf/MPLABXProjects/Audio-Switch-mk4/Audio-Switch-mk4.X/DisGain.asm
              Gain1ValueT   0x00200e    program     static /home/mwolf/MPLABXProjects/Audio-Switch-mk4/Audio-Switch-mk4.X/DisGain.asm
                Gain200Ts   0x000d78    program     static /home/mwolf/MPLABXProjects/Audio-Switch-mk4/Audio-Switch-mk4.X/DisGain.asm
            Gain200ValueT   0x001379    program     static /home/mwolf/MPLABXProjects/Audio-Switch-mk4/Audio-Switch-mk4.X/DisGain.asm
                Gain201Ts   0x000d7f    program     static /home/mwolf/MPLABXProjects/Audio-Switch-mk4/Audio-Switch-mk4.X/DisGain.asm
            Gain201ValueT   0x001385    program     static /home/mwolf/MPLABXProjects/Audio-Switch-mk4/Audio-Switch-mk4.X/DisGain.asm
                Gain202Ts   0x000d86    program     static /home/mwolf/MPLABXProjects/Audio-Switch-mk4/Audio-Switch-mk4.X/DisGain.asm
            Gain202ValueT   0x001391    program     static /home/mwolf/MPLABXProjects/Audio-Switch-mk4/Audio-Switch-mk4.X/DisGain.asm
                Gain203Ts   0x000d8d    program     static /home/mwolf/MPLABXProjects/Audio-Switch-mk4/Audio-Switch-mk4.X/DisGain.asm
            Gain203ValueT   0x00139d    program     static /home/mwolf/MPLABXProjects/Audio-Switch-mk4/Audio-Switch-mk4.X/DisGain.asm
                Gain204Ts   0x000d94    program     static /home/mwolf/MPLABXProjects/Audio-Switch-mk4/Audio-Switch-mk4.X/DisGain.asm
            Gain204ValueT   0x0013a9    program     static /home/mwolf/MPLABXProjects/Audio-Switch-mk4/Audio-Switch-mk4.X/DisGain.asm
                Gain205Ts   0x000d9b    program     static /home/mwolf/MPLABXProjects/Audio-Switch-mk4/Audio-Switch-mk4.X/DisGain.asm
            Gain205ValueT   0x0013b5    program     static /home/mwolf/MPLABXProjects/Audio-Switch-mk4/Audio-Switch-mk4.X/DisGain.asm
                Gain206Ts   0x000da2    program     static /home/mwolf/MPLABXProjects/Audio-Switch-mk4/Audio-Switch-mk4.X/DisGain.asm
            Gain206ValueT   0x0013c1    program     static /home/mwolf/MPLABXProjects/Audio-Switch-mk4/Audio-Switch-mk4.X/DisGain.asm
                Gain207Ts   0x000da9    program     static /home/mwolf/MPLABXProjects/Audio-Switch-mk4/Audio-Switch-mk4.X/DisGain.asm
            Gain207ValueT   0x0013cd    program     static /home/mwolf/MPLABXProjects/Audio-Switch-mk4/Audio-Switch-mk4.X/DisGain.asm
                Gain208Ts   0x000db0    program     static /home/mwolf/MPLABXProjects/Audio-Switch-mk4/Audio-Switch-mk4.X/DisGain.asm
            Gain208ValueT   0x0013d9    program     static /home/mwolf/MPLABXProjects/Audio-Switch-mk4/Audio-Switch-mk4.X/DisGain.asm
                Gain209Ts   0x000db7    program     static /home/mwolf/MPLABXProjects/Audio-Switch-mk4/Audio-Switch-mk4.X/DisGain.asm
            Gain209ValueT   0x0013e5    program     static /home/mwolf/MPLABXProjects/Audio-Switch-mk4/Audio-Switch-mk4.X/DisGain.asm
                 Gain20Ts   0x00088c    program     static /home/mwolf/MPLABXProjects/Audio-Switch-mk4/Audio-Switch-mk4.X/DisGain.asm
             Gain20ValueT   0x0020f2    program     static /home/mwolf/MPLABXProjects/Audio-Switch-mk4/Audio-Switch-mk4.X/DisGain.asm
                Gain210Ts   0x000dbe    program     static /home/mwolf/MPLABXProjects/Audio-Switch-mk4/Audio-Switch-mk4.X/DisGain.asm
            Gain210ValueT   0x0013f1    program     static /home/mwolf/MPLABXProjects/Audio-Switch-mk4/Audio-Switch-mk4.X/DisGain.asm
                Gain211Ts   0x000dc5    program     static /home/mwolf/MPLABXProjects/Audio-Switch-mk4/Audio-Switch-mk4.X/DisGain.asm
            Gain211ValueT   0x0013fd    program     static /home/mwolf/MPLABXProjects/Audio-Switch-mk4/Audio-Switch-mk4.X/DisGain.asm
                Gain212Ts   0x000dcc    program     static /home/mwolf/MPLABXProjects/Audio-Switch-mk4/Audio-Switch-mk4.X/DisGain.asm
            Gain212ValueT   0x001409    program     static /home/mwolf/MPLABXProjects/Audio-Switch-mk4/Audio-Switch-mk4.X/DisGain.asm
                Gain213Ts   0x000dd3    program     static /home/mwolf/MPLABXProjects/Audio-Switch-mk4/Audio-Switch-mk4.X/DisGain.asm
            Gain213ValueT   0x001415    program     static /home/mwolf/MPLABXProjects/Audio-Switch-mk4/Audio-Switch-mk4.X/DisGain.asm
                Gain214Ts   0x000dda    program     static /home/mwolf/MPLABXProjects/Audio-Switch-mk4/Audio-Switch-mk4.X/DisGain.asm
            Gain214ValueT   0x001421    program     static /home/mwolf/MPLABXProjects/Audio-Switch-mk4/Audio-Switch-mk4.X/DisGain.asm
                Gain215Ts   0x000de1    program     static /home/mwolf/MPLABXProjects/Audio-Switch-mk4/Audio-Switch-mk4.X/DisGain.asm
            Gain215ValueT   0x00142d    program     static /home/mwolf/MPLABXProjects/Audio-Switch-mk4/Audio-Switch-mk4.X/DisGain.asm
                Gain216Ts   0x000de8    program     static /home/mwolf/MPLABXProjects/Audio-Switch-mk4/Audio-Switch-mk4.X/DisGain.asm
            Gain216ValueT   0x001439    program     static /home/mwolf/MPLABXProjects/Audio-Switch-mk4/Audio-Switch-mk4.X/DisGain.asm
                Gain217Ts   0x000def    program     static /home/mwolf/MPLABXProjects/Audio-Switch-mk4/Audio-Switch-mk4.X/DisGain.asm
            Gain217ValueT   0x001445    program     static /home/mwolf/MPLABXProjects/Audio-Switch-mk4/Audio-Switch-mk4.X/DisGain.asm
                Gain218Ts   0x000df6    program     static /home/mwolf/MPLABXProjects/Audio-Switch-mk4/Audio-Switch-mk4.X/DisGain.asm
            Gain218ValueT   0x001451    program     static /home/mwolf/MPLABXProjects/Audio-Switch-mk4/Audio-Switch-mk4.X/DisGain.asm
                Gain219Ts   0x000dfd    program     static /home/mwolf/MPLABXProjects/Audio-Switch-mk4/Audio-Switch-mk4.X/DisGain.asm
            Gain219ValueT   0x00145d    program     static /home/mwolf/MPLABXProjects/Audio-Switch-mk4/Audio-Switch-mk4.X/DisGain.asm
                 Gain21Ts   0x000893    program     static /home/mwolf/MPLABXProjects/Audio-Switch-mk4/Audio-Switch-mk4.X/DisGain.asm
             Gain21ValueT   0x0020fe    program     static /home/mwolf/MPLABXProjects/Audio-Switch-mk4/Audio-Switch-mk4.X/DisGain.asm
                Gain220Ts   0x000e04    program     static /home/mwolf/MPLABXProjects/Audio-Switch-mk4/Audio-Switch-mk4.X/DisGain.asm
            Gain220ValueT   0x001469    program     static /home/mwolf/MPLABXProjects/Audio-Switch-mk4/Audio-Switch-mk4.X/DisGain.asm
                Gain221Ts   0x000e0b    program     static /home/mwolf/MPLABXProjects/Audio-Switch-mk4/Audio-Switch-mk4.X/DisGain.asm
            Gain221ValueT   0x001475    program     static /home/mwolf/MPLABXProjects/Audio-Switch-mk4/Audio-Switch-mk4.X/DisGain.asm
                Gain222Ts   0x000e12    program     static /home/mwolf/MPLABXProjects/Audio-Switch-mk4/Audio-Switch-mk4.X/DisGain.asm
            Gain222ValueT   0x001481    program     static /home/mwolf/MPLABXProjects/Audio-Switch-mk4/Audio-Switch-mk4.X/DisGain.asm
                Gain223Ts   0x000e19    program     static /home/mwolf/MPLABXProjects/Audio-Switch-mk4/Audio-Switch-mk4.X/DisGain.asm
            Gain223ValueT   0x00148d    program     static /home/mwolf/MPLABXProjects/Audio-Switch-mk4/Audio-Switch-mk4.X/DisGain.asm
                Gain224Ts   0x000e20    program     static /home/mwolf/MPLABXProjects/Audio-Switch-mk4/Audio-Switch-mk4.X/DisGain.asm
            Gain224ValueT   0x001499    program     static /home/mwolf/MPLABXProjects/Audio-Switch-mk4/Audio-Switch-mk4.X/DisGain.asm
                Gain225Ts   0x000e27    program     static /home/mwolf/MPLABXProjects/Audio-Switch-mk4/Audio-Switch-mk4.X/DisGain.asm
            Gain225ValueT   0x0014a5    program     static /home/mwolf/MPLABXProjects/Audio-Switch-mk4/Audio-Switch-mk4.X/DisGain.asm
                Gain226Ts   0x000e2e    program     static /home/mwolf/MPLABXProjects/Audio-Switch-mk4/Audio-Switch-mk4.X/DisGain.asm
            Gain226ValueT   0x0014b1    program     static /home/mwolf/MPLABXProjects/Audio-Switch-mk4/Audio-Switch-mk4.X/DisGain.asm
                Gain227Ts   0x000e35    program     static /home/mwolf/MPLABXProjects/Audio-Switch-mk4/Audio-Switch-mk4.X/DisGain.asm
            Gain227ValueT   0x0014bd    program     static /home/mwolf/MPLABXProjects/Audio-Switch-mk4/Audio-Switch-mk4.X/DisGain.asm
                Gain228Ts   0x000e3c    program     static /home/mwolf/MPLABXProjects/Audio-Switch-mk4/Audio-Switch-mk4.X/DisGain.asm
            Gain228ValueT   0x0014c9    program     static /home/mwolf/MPLABXProjects/Audio-Switch-mk4/Audio-Switch-mk4.X/DisGain.asm
                Gain229Ts   0x000e43    program     static /home/mwolf/MPLABXProjects/Audio-Switch-mk4/Audio-Switch-mk4.X/DisGain.asm
            Gain229ValueT   0x0014d5    program     static /home/mwolf/MPLABXProjects/Audio-Switch-mk4/Audio-Switch-mk4.X/DisGain.asm
                 Gain22Ts   0x00089a    program     static /home/mwolf/MPLABXProjects/Audio-Switch-mk4/Audio-Switch-mk4.X/DisGain.asm
             Gain22ValueT   0x00210a    program     static /home/mwolf/MPLABXProjects/Audio-Switch-mk4/Audio-Switch-mk4.X/DisGain.asm
                Gain230Ts   0x000e4a    program     static /home/mwolf/MPLABXProjects/Audio-Switch-mk4/Audio-Switch-mk4.X/DisGain.asm
            Gain230ValueT   0x0014e1    program     static /home/mwolf/MPLABXProjects/Audio-Switch-mk4/Audio-Switch-mk4.X/DisGain.asm
                Gain231Ts   0x000e51    program     static /home/mwolf/MPLABXProjects/Audio-Switch-mk4/Audio-Switch-mk4.X/DisGain.asm
            Gain231ValueT   0x0014ed    program     static /home/mwolf/MPLABXProjects/Audio-Switch-mk4/Audio-Switch-mk4.X/DisGain.asm
                Gain232Ts   0x000e58    program     static /home/mwolf/MPLABXProjects/Audio-Switch-mk4/Audio-Switch-mk4.X/DisGain.asm
            Gain232ValueT   0x0014f9    program     static /home/mwolf/MPLABXProjects/Audio-Switch-mk4/Audio-Switch-mk4.X/DisGain.asm
                Gain233Ts   0x000e5f    program     static /home/mwolf/MPLABXProjects/Audio-Switch-mk4/Audio-Switch-mk4.X/DisGain.asm
            Gain233ValueT   0x001505    program     static /home/mwolf/MPLABXProjects/Audio-Switch-mk4/Audio-Switch-mk4.X/DisGain.asm
                Gain234Ts   0x000e66    program     static /home/mwolf/MPLABXProjects/Audio-Switch-mk4/Audio-Switch-mk4.X/DisGain.asm
            Gain234ValueT   0x001511    program     static /home/mwolf/MPLABXProjects/Audio-Switch-mk4/Audio-Switch-mk4.X/DisGain.asm
                Gain235Ts   0x000e6d    program     static /home/mwolf/MPLABXProjects/Audio-Switch-mk4/Audio-Switch-mk4.X/DisGain.asm
            Gain235ValueT   0x00151d    program     static /home/mwolf/MPLABXProjects/Audio-Switch-mk4/Audio-Switch-mk4.X/DisGain.asm
                Gain236Ts   0x000e74    program     static /home/mwolf/MPLABXProjects/Audio-Switch-mk4/Audio-Switch-mk4.X/DisGain.asm
            Gain236ValueT   0x001529    program     static /home/mwolf/MPLABXProjects/Audio-Switch-mk4/Audio-Switch-mk4.X/DisGain.asm
                Gain237Ts   0x000e7b    program     static /home/mwolf/MPLABXProjects/Audio-Switch-mk4/Audio-Switch-mk4.X/DisGain.asm
            Gain237ValueT   0x001535    program     static /home/mwolf/MPLABXProjects/Audio-Switch-mk4/Audio-Switch-mk4.X/DisGain.asm
                Gain238Ts   0x000e82    program     static /home/mwolf/MPLABXProjects/Audio-Switch-mk4/Audio-Switch-mk4.X/DisGain.asm
            Gain238ValueT   0x001541    program     static /home/mwolf/MPLABXProjects/Audio-Switch-mk4/Audio-Switch-mk4.X/DisGain.asm
                Gain239Ts   0x000e89    program     static /home/mwolf/MPLABXProjects/Audio-Switch-mk4/Audio-Switch-mk4.X/DisGain.asm
            Gain239ValueT   0x00154d    program     static /home/mwolf/MPLABXProjects/Audio-Switch-mk4/Audio-Switch-mk4.X/DisGain.asm
                 Gain23Ts   0x0008a1    program     static /home/mwolf/MPLABXProjects/Audio-Switch-mk4/Audio-Switch-mk4.X/DisGain.asm
             Gain23ValueT   0x002116    program     static /home/mwolf/MPLABXProjects/Audio-Switch-mk4/Audio-Switch-mk4.X/DisGain.asm
                Gain240Ts   0x000e90    program     static /home/mwolf/MPLABXProjects/Audio-Switch-mk4/Audio-Switch-mk4.X/DisGain.asm
            Gain240ValueT   0x001559    program     static /home/mwolf/MPLABXProjects/Audio-Switch-mk4/Audio-Switch-mk4.X/DisGain.asm
                Gain241Ts   0x000e97    program     static /home/mwolf/MPLABXProjects/Audio-Switch-mk4/Audio-Switch-mk4.X/DisGain.asm
            Gain241ValueT   0x001565    program     static /home/mwolf/MPLABXProjects/Audio-Switch-mk4/Audio-Switch-mk4.X/DisGain.asm
                Gain242Ts   0x000e9e    program     static /home/mwolf/MPLABXProjects/Audio-Switch-mk4/Audio-Switch-mk4.X/DisGain.asm
            Gain242ValueT   0x001571    program     static /home/mwolf/MPLABXProjects/Audio-Switch-mk4/Audio-Switch-mk4.X/DisGain.asm
                Gain243Ts   0x000ea5    program     static /home/mwolf/MPLABXProjects/Audio-Switch-mk4/Audio-Switch-mk4.X/DisGain.asm
            Gain243ValueT   0x00157d    program     static /home/mwolf/MPLABXProjects/Audio-Switch-mk4/Audio-Switch-mk4.X/DisGain.asm
                Gain244Ts   0x000eac    program     static /home/mwolf/MPLABXProjects/Audio-Switch-mk4/Audio-Switch-mk4.X/DisGain.asm
            Gain244ValueT   0x001589    program     static /home/mwolf/MPLABXProjects/Audio-Switch-mk4/Audio-Switch-mk4.X/DisGain.asm
                Gain245Ts   0x000eb3    program     static /home/mwolf/MPLABXProjects/Audio-Switch-mk4/Audio-Switch-mk4.X/DisGain.asm
            Gain245ValueT   0x001595    program     static /home/mwolf/MPLABXProjects/Audio-Switch-mk4/Audio-Switch-mk4.X/DisGain.asm
                Gain246Ts   0x000eba    program     static /home/mwolf/MPLABXProjects/Audio-Switch-mk4/Audio-Switch-mk4.X/DisGain.asm
            Gain246ValueT   0x0015a1    program     static /home/mwolf/MPLABXProjects/Audio-Switch-mk4/Audio-Switch-mk4.X/DisGain.asm
                Gain247Ts   0x000ec1    program     static /home/mwolf/MPLABXProjects/Audio-Switch-mk4/Audio-Switch-mk4.X/DisGain.asm
            Gain247ValueT   0x0015ad    program     static /home/mwolf/MPLABXProjects/Audio-Switch-mk4/Audio-Switch-mk4.X/DisGain.asm
                Gain248Ts   0x000ec8    program     static /home/mwolf/MPLABXProjects/Audio-Switch-mk4/Audio-Switch-mk4.X/DisGain.asm
            Gain248ValueT   0x0015b9    program     static /home/mwolf/MPLABXProjects/Audio-Switch-mk4/Audio-Switch-mk4.X/DisGain.asm
                Gain249Ts   0x000ecf    program     static /home/mwolf/MPLABXProjects/Audio-Switch-mk4/Audio-Switch-mk4.X/DisGain.asm
            Gain249ValueT   0x0015c5    program     static /home/mwolf/MPLABXProjects/Audio-Switch-mk4/Audio-Switch-mk4.X/DisGain.asm
                 Gain24Ts   0x0008a8    program     static /home/mwolf/MPLABXProjects/Audio-Switch-mk4/Audio-Switch-mk4.X/DisGain.asm
             Gain24ValueT   0x002122    program     static /home/mwolf/MPLABXProjects/Audio-Switch-mk4/Audio-Switch-mk4.X/DisGain.asm
                Gain250Ts   0x000ed6    program     static /home/mwolf/MPLABXProjects/Audio-Switch-mk4/Audio-Switch-mk4.X/DisGain.asm
            Gain250ValueT   0x0015d1    program     static /home/mwolf/MPLABXProjects/Audio-Switch-mk4/Audio-Switch-mk4.X/DisGain.asm
                Gain251Ts   0x000edd    program     static /home/mwolf/MPLABXProjects/Audio-Switch-mk4/Audio-Switch-mk4.X/DisGain.asm
            Gain251ValueT   0x0015dd    program     static /home/mwolf/MPLABXProjects/Audio-Switch-mk4/Audio-Switch-mk4.X/DisGain.asm
                Gain252Ts   0x000ee4    program     static /home/mwolf/MPLABXProjects/Audio-Switch-mk4/Audio-Switch-mk4.X/DisGain.asm
            Gain252ValueT   0x0015e9    program     static /home/mwolf/MPLABXProjects/Audio-Switch-mk4/Audio-Switch-mk4.X/DisGain.asm
                Gain253Ts   0x000eeb    program     static /home/mwolf/MPLABXProjects/Audio-Switch-mk4/Audio-Switch-mk4.X/DisGain.asm
            Gain253ValueT   0x0015f5    program     static /home/mwolf/MPLABXProjects/Audio-Switch-mk4/Audio-Switch-mk4.X/DisGain.asm
                Gain254Ts   0x000ef2    program     static /home/mwolf/MPLABXProjects/Audio-Switch-mk4/Audio-Switch-mk4.X/DisGain.asm
            Gain254ValueT   0x001601    program     static /home/mwolf/MPLABXProjects/Audio-Switch-mk4/Audio-Switch-mk4.X/DisGain.asm
                Gain255Ts   0x000ef9    program     static /home/mwolf/MPLABXProjects/Audio-Switch-mk4/Audio-Switch-mk4.X/DisGain.asm
            Gain255ValueT   0x00160d    program     static /home/mwolf/MPLABXProjects/Audio-Switch-mk4/Audio-Switch-mk4.X/DisGain.asm
                 Gain25Ts   0x0008af    program     static /home/mwolf/MPLABXProjects/Audio-Switch-mk4/Audio-Switch-mk4.X/DisGain.asm
             Gain25ValueT   0x00212e    program     static /home/mwolf/MPLABXProjects/Audio-Switch-mk4/Audio-Switch-mk4.X/DisGain.asm
                 Gain26Ts   0x0008b6    program     static /home/mwolf/MPLABXProjects/Audio-Switch-mk4/Audio-Switch-mk4.X/DisGain.asm
             Gain26ValueT   0x00213a    program     static /home/mwolf/MPLABXProjects/Audio-Switch-mk4/Audio-Switch-mk4.X/DisGain.asm
                 Gain27Ts   0x0008bd    program     static /home/mwolf/MPLABXProjects/Audio-Switch-mk4/Audio-Switch-mk4.X/DisGain.asm
             Gain27ValueT   0x002146    program     static /home/mwolf/MPLABXProjects/Audio-Switch-mk4/Audio-Switch-mk4.X/DisGain.asm
                 Gain28Ts   0x0008c4    program     static /home/mwolf/MPLABXProjects/Audio-Switch-mk4/Audio-Switch-mk4.X/DisGain.asm
             Gain28ValueT   0x002152    program     static /home/mwolf/MPLABXProjects/Audio-Switch-mk4/Audio-Switch-mk4.X/DisGain.asm
                 Gain29Ts   0x0008cb    program     static /home/mwolf/MPLABXProjects/Audio-Switch-mk4/Audio-Switch-mk4.X/DisGain.asm
             Gain29ValueT   0x00215e    program     static /home/mwolf/MPLABXProjects/Audio-Switch-mk4/Audio-Switch-mk4.X/DisGain.asm
                  Gain2Ts   0x00080e    program     static /home/mwolf/MPLABXProjects/Audio-Switch-mk4/Audio-Switch-mk4.X/DisGain.asm
              Gain2ValueT   0x00201a    program     static /home/mwolf/MPLABXProjects/Audio-Switch-mk4/Audio-Switch-mk4.X/DisGain.asm
                 Gain30Ts   0x0008d2    program     static /home/mwolf/MPLABXProjects/Audio-Switch-mk4/Audio-Switch-mk4.X/DisGain.asm
             Gain30ValueT   0x00216a    program     static /home/mwolf/MPLABXProjects/Audio-Switch-mk4/Audio-Switch-mk4.X/DisGain.asm
                 Gain31Ts   0x0008d9    program     static /home/mwolf/MPLABXProjects/Audio-Switch-mk4/Audio-Switch-mk4.X/DisGain.asm
             Gain31ValueT   0x002176    program     static /home/mwolf/MPLABXProjects/Audio-Switch-mk4/Audio-Switch-mk4.X/DisGain.asm
                 Gain32Ts   0x0008e0    program     static /home/mwolf/MPLABXProjects/Audio-Switch-mk4/Audio-Switch-mk4.X/DisGain.asm
             Gain32ValueT   0x002182    program     static /home/mwolf/MPLABXProjects/Audio-Switch-mk4/Audio-Switch-mk4.X/DisGain.asm
                 Gain33Ts   0x0008e7    program     static /home/mwolf/MPLABXProjects/Audio-Switch-mk4/Audio-Switch-mk4.X/DisGain.asm
             Gain33ValueT   0x00218e    program     static /home/mwolf/MPLABXProjects/Audio-Switch-mk4/Audio-Switch-mk4.X/DisGain.asm
                 Gain34Ts   0x0008ee    program     static /home/mwolf/MPLABXProjects/Audio-Switch-mk4/Audio-Switch-mk4.X/DisGain.asm
             Gain34ValueT   0x00219a    program     static /home/mwolf/MPLABXProjects/Audio-Switch-mk4/Audio-Switch-mk4.X/DisGain.asm
                 Gain35Ts   0x0008f5    program     static /home/mwolf/MPLABXProjects/Audio-Switch-mk4/Audio-Switch-mk4.X/DisGain.asm
             Gain35ValueT   0x0021a6    program     static /home/mwolf/MPLABXProjects/Audio-Switch-mk4/Audio-Switch-mk4.X/DisGain.asm
                 Gain36Ts   0x0008fc    program     static /home/mwolf/MPLABXProjects/Audio-Switch-mk4/Audio-Switch-mk4.X/DisGain.asm
             Gain36ValueT   0x0021b2    program     static /home/mwolf/MPLABXProjects/Audio-Switch-mk4/Audio-Switch-mk4.X/DisGain.asm
                 Gain37Ts   0x000903    program     static /home/mwolf/MPLABXProjects/Audio-Switch-mk4/Audio-Switch-mk4.X/DisGain.asm
             Gain37ValueT   0x0021be    program     static /home/mwolf/MPLABXProjects/Audio-Switch-mk4/Audio-Switch-mk4.X/DisGain.asm
                 Gain38Ts   0x00090a    program     static /home/mwolf/MPLABXProjects/Audio-Switch-mk4/Audio-Switch-mk4.X/DisGain.asm
             Gain38ValueT   0x0021ca    program     static /home/mwolf/MPLABXProjects/Audio-Switch-mk4/Audio-Switch-mk4.X/DisGain.asm
                 Gain39Ts   0x000911    program     static /home/mwolf/MPLABXProjects/Audio-Switch-mk4/Audio-Switch-mk4.X/DisGain.asm
             Gain39ValueT   0x0021d6    program     static /home/mwolf/MPLABXProjects/Audio-Switch-mk4/Audio-Switch-mk4.X/DisGain.asm
                  Gain3Ts   0x000815    program     static /home/mwolf/MPLABXProjects/Audio-Switch-mk4/Audio-Switch-mk4.X/DisGain.asm
              Gain3ValueT   0x002026    program     static /home/mwolf/MPLABXProjects/Audio-Switch-mk4/Audio-Switch-mk4.X/DisGain.asm
                 Gain40Ts   0x000918    program     static /home/mwolf/MPLABXProjects/Audio-Switch-mk4/Audio-Switch-mk4.X/DisGain.asm
             Gain40ValueT   0x0021e2    program     static /home/mwolf/MPLABXProjects/Audio-Switch-mk4/Audio-Switch-mk4.X/DisGain.asm
                 Gain41Ts   0x00091f    program     static /home/mwolf/MPLABXProjects/Audio-Switch-mk4/Audio-Switch-mk4.X/DisGain.asm
             Gain41ValueT   0x0021ee    program     static /home/mwolf/MPLABXProjects/Audio-Switch-mk4/Audio-Switch-mk4.X/DisGain.asm
                 Gain42Ts   0x000926    program     static /home/mwolf/MPLABXProjects/Audio-Switch-mk4/Audio-Switch-mk4.X/DisGain.asm
             Gain42ValueT   0x0021fa    program     static /home/mwolf/MPLABXProjects/Audio-Switch-mk4/Audio-Switch-mk4.X/DisGain.asm
                 Gain43Ts   0x00092d    program     static /home/mwolf/MPLABXProjects/Audio-Switch-mk4/Audio-Switch-mk4.X/DisGain.asm
             Gain43ValueT   0x002206    program     static /home/mwolf/MPLABXProjects/Audio-Switch-mk4/Audio-Switch-mk4.X/DisGain.asm
                 Gain44Ts   0x000934    program     static /home/mwolf/MPLABXProjects/Audio-Switch-mk4/Audio-Switch-mk4.X/DisGain.asm
             Gain44ValueT   0x002212    program     static /home/mwolf/MPLABXProjects/Audio-Switch-mk4/Audio-Switch-mk4.X/DisGain.asm
                 Gain45Ts   0x00093b    program     static /home/mwolf/MPLABXProjects/Audio-Switch-mk4/Audio-Switch-mk4.X/DisGain.asm
             Gain45ValueT   0x00221e    program     static /home/mwolf/MPLABXProjects/Audio-Switch-mk4/Audio-Switch-mk4.X/DisGain.asm
                 Gain46Ts   0x000942    program     static /home/mwolf/MPLABXProjects/Audio-Switch-mk4/Audio-Switch-mk4.X/DisGain.asm
             Gain46ValueT   0x00222a    program     static /home/mwolf/MPLABXProjects/Audio-Switch-mk4/Audio-Switch-mk4.X/DisGain.asm
                 Gain47Ts   0x000949    program     static /home/mwolf/MPLABXProjects/Audio-Switch-mk4/Audio-Switch-mk4.X/DisGain.asm
             Gain47ValueT   0x002236    program     static /home/mwolf/MPLABXProjects/Audio-Switch-mk4/Audio-Switch-mk4.X/DisGain.asm
                 Gain48Ts   0x000950    program     static /home/mwolf/MPLABXProjects/Audio-Switch-mk4/Audio-Switch-mk4.X/DisGain.asm
             Gain48ValueT   0x002242    program     static /home/mwolf/MPLABXProjects/Audio-Switch-mk4/Audio-Switch-mk4.X/DisGain.asm
                 Gain49Ts   0x000957    program     static /home/mwolf/MPLABXProjects/Audio-Switch-mk4/Audio-Switch-mk4.X/DisGain.asm
             Gain49ValueT   0x00224e    program     static /home/mwolf/MPLABXProjects/Audio-Switch-mk4/Audio-Switch-mk4.X/DisGain.asm
                  Gain4Ts   0x00081c    program     static /home/mwolf/MPLABXProjects/Audio-Switch-mk4/Audio-Switch-mk4.X/DisGain.asm
              Gain4ValueT   0x002032    program     static /home/mwolf/MPLABXProjects/Audio-Switch-mk4/Audio-Switch-mk4.X/DisGain.asm
                 Gain50Ts   0x00095e    program     static /home/mwolf/MPLABXProjects/Audio-Switch-mk4/Audio-Switch-mk4.X/DisGain.asm
             Gain50ValueT   0x00225a    program     static /home/mwolf/MPLABXProjects/Audio-Switch-mk4/Audio-Switch-mk4.X/DisGain.asm
                 Gain51Ts   0x000965    program     static /home/mwolf/MPLABXProjects/Audio-Switch-mk4/Audio-Switch-mk4.X/DisGain.asm
             Gain51ValueT   0x002266    program     static /home/mwolf/MPLABXProjects/Audio-Switch-mk4/Audio-Switch-mk4.X/DisGain.asm
                 Gain52Ts   0x00096c    program     static /home/mwolf/MPLABXProjects/Audio-Switch-mk4/Audio-Switch-mk4.X/DisGain.asm
             Gain52ValueT   0x002272    program     static /home/mwolf/MPLABXProjects/Audio-Switch-mk4/Audio-Switch-mk4.X/DisGain.asm
                 Gain53Ts   0x000973    program     static /home/mwolf/MPLABXProjects/Audio-Switch-mk4/Audio-Switch-mk4.X/DisGain.asm
             Gain53ValueT   0x00227e    program     static /home/mwolf/MPLABXProjects/Audio-Switch-mk4/Audio-Switch-mk4.X/DisGain.asm
                 Gain54Ts   0x00097a    program     static /home/mwolf/MPLABXProjects/Audio-Switch-mk4/Audio-Switch-mk4.X/DisGain.asm
             Gain54ValueT   0x00228a    program     static /home/mwolf/MPLABXProjects/Audio-Switch-mk4/Audio-Switch-mk4.X/DisGain.asm
                 Gain55Ts   0x000981    program     static /home/mwolf/MPLABXProjects/Audio-Switch-mk4/Audio-Switch-mk4.X/DisGain.asm
             Gain55ValueT   0x002296    program     static /home/mwolf/MPLABXProjects/Audio-Switch-mk4/Audio-Switch-mk4.X/DisGain.asm
                 Gain56Ts   0x000988    program     static /home/mwolf/MPLABXProjects/Audio-Switch-mk4/Audio-Switch-mk4.X/DisGain.asm
             Gain56ValueT   0x0022a2    program     static /home/mwolf/MPLABXProjects/Audio-Switch-mk4/Audio-Switch-mk4.X/DisGain.asm
                 Gain57Ts   0x00098f    program     static /home/mwolf/MPLABXProjects/Audio-Switch-mk4/Audio-Switch-mk4.X/DisGain.asm
             Gain57ValueT   0x0022ae    program     static /home/mwolf/MPLABXProjects/Audio-Switch-mk4/Audio-Switch-mk4.X/DisGain.asm
                 Gain58Ts   0x000996    program     static /home/mwolf/MPLABXProjects/Audio-Switch-mk4/Audio-Switch-mk4.X/DisGain.asm
             Gain58ValueT   0x0022ba    program     static /home/mwolf/MPLABXProjects/Audio-Switch-mk4/Audio-Switch-mk4.X/DisGain.asm
                 Gain59Ts   0x00099d    program     static /home/mwolf/MPLABXProjects/Audio-Switch-mk4/Audio-Switch-mk4.X/DisGain.asm
             Gain59ValueT   0x0022c6    program     static /home/mwolf/MPLABXProjects/Audio-Switch-mk4/Audio-Switch-mk4.X/DisGain.asm
                  Gain5Ts   0x000823    program     static /home/mwolf/MPLABXProjects/Audio-Switch-mk4/Audio-Switch-mk4.X/DisGain.asm
              Gain5ValueT   0x00203e    program     static /home/mwolf/MPLABXProjects/Audio-Switch-mk4/Audio-Switch-mk4.X/DisGain.asm
                 Gain60Ts   0x0009a4    program     static /home/mwolf/MPLABXProjects/Audio-Switch-mk4/Audio-Switch-mk4.X/DisGain.asm
             Gain60ValueT   0x0022d2    program     static /home/mwolf/MPLABXProjects/Audio-Switch-mk4/Audio-Switch-mk4.X/DisGain.asm
                 Gain61Ts   0x0009ab    program     static /home/mwolf/MPLABXProjects/Audio-Switch-mk4/Audio-Switch-mk4.X/DisGain.asm
             Gain61ValueT   0x0022de    program     static /home/mwolf/MPLABXProjects/Audio-Switch-mk4/Audio-Switch-mk4.X/DisGain.asm
                 Gain62Ts   0x0009b2    program     static /home/mwolf/MPLABXProjects/Audio-Switch-mk4/Audio-Switch-mk4.X/DisGain.asm
             Gain62ValueT   0x0022ea    program     static /home/mwolf/MPLABXProjects/Audio-Switch-mk4/Audio-Switch-mk4.X/DisGain.asm
                 Gain63Ts   0x0009b9    program     static /home/mwolf/MPLABXProjects/Audio-Switch-mk4/Audio-Switch-mk4.X/DisGain.asm
             Gain63ValueT   0x0022f6    program     static /home/mwolf/MPLABXProjects/Audio-Switch-mk4/Audio-Switch-mk4.X/DisGain.asm
                 Gain64Ts   0x0009c0    program     static /home/mwolf/MPLABXProjects/Audio-Switch-mk4/Audio-Switch-mk4.X/DisGain.asm
             Gain64ValueT   0x002302    program     static /home/mwolf/MPLABXProjects/Audio-Switch-mk4/Audio-Switch-mk4.X/DisGain.asm
                 Gain65Ts   0x0009c7    program     static /home/mwolf/MPLABXProjects/Audio-Switch-mk4/Audio-Switch-mk4.X/DisGain.asm
             Gain65ValueT   0x00230e    program     static /home/mwolf/MPLABXProjects/Audio-Switch-mk4/Audio-Switch-mk4.X/DisGain.asm
                 Gain66Ts   0x0009ce    program     static /home/mwolf/MPLABXProjects/Audio-Switch-mk4/Audio-Switch-mk4.X/DisGain.asm
             Gain66ValueT   0x00231a    program     static /home/mwolf/MPLABXProjects/Audio-Switch-mk4/Audio-Switch-mk4.X/DisGain.asm
                 Gain67Ts   0x0009d5    program     static /home/mwolf/MPLABXProjects/Audio-Switch-mk4/Audio-Switch-mk4.X/DisGain.asm
             Gain67ValueT   0x002326    program     static /home/mwolf/MPLABXProjects/Audio-Switch-mk4/Audio-Switch-mk4.X/DisGain.asm
                 Gain68Ts   0x0009dc    program     static /home/mwolf/MPLABXProjects/Audio-Switch-mk4/Audio-Switch-mk4.X/DisGain.asm
             Gain68ValueT   0x002332    program     static /home/mwolf/MPLABXProjects/Audio-Switch-mk4/Audio-Switch-mk4.X/DisGain.asm
                 Gain69Ts   0x0009e3    program     static /home/mwolf/MPLABXProjects/Audio-Switch-mk4/Audio-Switch-mk4.X/DisGain.asm
             Gain69ValueT   0x00233e    program     static /home/mwolf/MPLABXProjects/Audio-Switch-mk4/Audio-Switch-mk4.X/DisGain.asm
                  Gain6Ts   0x00082a    program     static /home/mwolf/MPLABXProjects/Audio-Switch-mk4/Audio-Switch-mk4.X/DisGain.asm
              Gain6ValueT   0x00204a    program     static /home/mwolf/MPLABXProjects/Audio-Switch-mk4/Audio-Switch-mk4.X/DisGain.asm
                 Gain70Ts   0x0009ea    program     static /home/mwolf/MPLABXProjects/Audio-Switch-mk4/Audio-Switch-mk4.X/DisGain.asm
             Gain70ValueT   0x00234a    program     static /home/mwolf/MPLABXProjects/Audio-Switch-mk4/Audio-Switch-mk4.X/DisGain.asm
                 Gain71Ts   0x0009f1    program     static /home/mwolf/MPLABXProjects/Audio-Switch-mk4/Audio-Switch-mk4.X/DisGain.asm
             Gain71ValueT   0x002356    program     static /home/mwolf/MPLABXProjects/Audio-Switch-mk4/Audio-Switch-mk4.X/DisGain.asm
                 Gain72Ts   0x0009f8    program     static /home/mwolf/MPLABXProjects/Audio-Switch-mk4/Audio-Switch-mk4.X/DisGain.asm
             Gain72ValueT   0x002362    program     static /home/mwolf/MPLABXProjects/Audio-Switch-mk4/Audio-Switch-mk4.X/DisGain.asm
                 Gain73Ts   0x0009ff    program     static /home/mwolf/MPLABXProjects/Audio-Switch-mk4/Audio-Switch-mk4.X/DisGain.asm
             Gain73ValueT   0x00236e    program     static /home/mwolf/MPLABXProjects/Audio-Switch-mk4/Audio-Switch-mk4.X/DisGain.asm
                 Gain74Ts   0x000a06    program     static /home/mwolf/MPLABXProjects/Audio-Switch-mk4/Audio-Switch-mk4.X/DisGain.asm
             Gain74ValueT   0x00237a    program     static /home/mwolf/MPLABXProjects/Audio-Switch-mk4/Audio-Switch-mk4.X/DisGain.asm
                 Gain75Ts   0x000a0d    program     static /home/mwolf/MPLABXProjects/Audio-Switch-mk4/Audio-Switch-mk4.X/DisGain.asm
             Gain75ValueT   0x002386    program     static /home/mwolf/MPLABXProjects/Audio-Switch-mk4/Audio-Switch-mk4.X/DisGain.asm
                 Gain76Ts   0x000a14    program     static /home/mwolf/MPLABXProjects/Audio-Switch-mk4/Audio-Switch-mk4.X/DisGain.asm
             Gain76ValueT   0x002392    program     static /home/mwolf/MPLABXProjects/Audio-Switch-mk4/Audio-Switch-mk4.X/DisGain.asm
                 Gain77Ts   0x000a1b    program     static /home/mwolf/MPLABXProjects/Audio-Switch-mk4/Audio-Switch-mk4.X/DisGain.asm
             Gain77ValueT   0x00239e    program     static /home/mwolf/MPLABXProjects/Audio-Switch-mk4/Audio-Switch-mk4.X/DisGain.asm
                 Gain78Ts   0x000a22    program     static /home/mwolf/MPLABXProjects/Audio-Switch-mk4/Audio-Switch-mk4.X/DisGain.asm
             Gain78ValueT   0x0023aa    program     static /home/mwolf/MPLABXProjects/Audio-Switch-mk4/Audio-Switch-mk4.X/DisGain.asm
                 Gain79Ts   0x000a29    program     static /home/mwolf/MPLABXProjects/Audio-Switch-mk4/Audio-Switch-mk4.X/DisGain.asm
             Gain79ValueT   0x0023b6    program     static /home/mwolf/MPLABXProjects/Audio-Switch-mk4/Audio-Switch-mk4.X/DisGain.asm
                  Gain7Ts   0x000831    program     static /home/mwolf/MPLABXProjects/Audio-Switch-mk4/Audio-Switch-mk4.X/DisGain.asm
              Gain7ValueT   0x002056    program     static /home/mwolf/MPLABXProjects/Audio-Switch-mk4/Audio-Switch-mk4.X/DisGain.asm
                 Gain80Ts   0x000a30    program     static /home/mwolf/MPLABXProjects/Audio-Switch-mk4/Audio-Switch-mk4.X/DisGain.asm
             Gain80ValueT   0x0023c2    program     static /home/mwolf/MPLABXProjects/Audio-Switch-mk4/Audio-Switch-mk4.X/DisGain.asm
                 Gain81Ts   0x000a37    program     static /home/mwolf/MPLABXProjects/Audio-Switch-mk4/Audio-Switch-mk4.X/DisGain.asm
             Gain81ValueT   0x0023ce    program     static /home/mwolf/MPLABXProjects/Audio-Switch-mk4/Audio-Switch-mk4.X/DisGain.asm
                 Gain82Ts   0x000a3e    program     static /home/mwolf/MPLABXProjects/Audio-Switch-mk4/Audio-Switch-mk4.X/DisGain.asm
             Gain82ValueT   0x0023da    program     static /home/mwolf/MPLABXProjects/Audio-Switch-mk4/Audio-Switch-mk4.X/DisGain.asm
                 Gain83Ts   0x000a45    program     static /home/mwolf/MPLABXProjects/Audio-Switch-mk4/Audio-Switch-mk4.X/DisGain.asm
             Gain83ValueT   0x0023e6    program     static /home/mwolf/MPLABXProjects/Audio-Switch-mk4/Audio-Switch-mk4.X/DisGain.asm
                 Gain84Ts   0x000a4c    program     static /home/mwolf/MPLABXProjects/Audio-Switch-mk4/Audio-Switch-mk4.X/DisGain.asm
             Gain84ValueT   0x0023f2    program     static /home/mwolf/MPLABXProjects/Audio-Switch-mk4/Audio-Switch-mk4.X/DisGain.asm
                 Gain85Ts   0x000a53    program     static /home/mwolf/MPLABXProjects/Audio-Switch-mk4/Audio-Switch-mk4.X/DisGain.asm
             Gain85ValueT   0x0023fe    program     static /home/mwolf/MPLABXProjects/Audio-Switch-mk4/Audio-Switch-mk4.X/DisGain.asm
                 Gain86Ts   0x000a5a    program     static /home/mwolf/MPLABXProjects/Audio-Switch-mk4/Audio-Switch-mk4.X/DisGain.asm
             Gain86ValueT   0x00240a    program     static /home/mwolf/MPLABXProjects/Audio-Switch-mk4/Audio-Switch-mk4.X/DisGain.asm
                 Gain87Ts   0x000a61    program     static /home/mwolf/MPLABXProjects/Audio-Switch-mk4/Audio-Switch-mk4.X/DisGain.asm
             Gain87ValueT   0x002416    program     static /home/mwolf/MPLABXProjects/Audio-Switch-mk4/Audio-Switch-mk4.X/DisGain.asm
                 Gain88Ts   0x000a68    program     static /home/mwolf/MPLABXProjects/Audio-Switch-mk4/Audio-Switch-mk4.X/DisGain.asm
             Gain88ValueT   0x002422    program     static /home/mwolf/MPLABXProjects/Audio-Switch-mk4/Audio-Switch-mk4.X/DisGain.asm
                 Gain89Ts   0x000a6f    program     static /home/mwolf/MPLABXProjects/Audio-Switch-mk4/Audio-Switch-mk4.X/DisGain.asm
             Gain89ValueT   0x00242e    program     static /home/mwolf/MPLABXProjects/Audio-Switch-mk4/Audio-Switch-mk4.X/DisGain.asm
                  Gain8Ts   0x000838    program     static /home/mwolf/MPLABXProjects/Audio-Switch-mk4/Audio-Switch-mk4.X/DisGain.asm
              Gain8ValueT   0x002062    program     static /home/mwolf/MPLABXProjects/Audio-Switch-mk4/Audio-Switch-mk4.X/DisGain.asm
                 Gain90Ts   0x000a76    program     static /home/mwolf/MPLABXProjects/Audio-Switch-mk4/Audio-Switch-mk4.X/DisGain.asm
             Gain90ValueT   0x00243a    program     static /home/mwolf/MPLABXProjects/Audio-Switch-mk4/Audio-Switch-mk4.X/DisGain.asm
                 Gain91Ts   0x000a7d    program     static /home/mwolf/MPLABXProjects/Audio-Switch-mk4/Audio-Switch-mk4.X/DisGain.asm
             Gain91ValueT   0x002446    program     static /home/mwolf/MPLABXProjects/Audio-Switch-mk4/Audio-Switch-mk4.X/DisGain.asm
                 Gain92Ts   0x000a84    program     static /home/mwolf/MPLABXProjects/Audio-Switch-mk4/Audio-Switch-mk4.X/DisGain.asm
             Gain92ValueT   0x002452    program     static /home/mwolf/MPLABXProjects/Audio-Switch-mk4/Audio-Switch-mk4.X/DisGain.asm
                 Gain93Ts   0x000a8b    program     static /home/mwolf/MPLABXProjects/Audio-Switch-mk4/Audio-Switch-mk4.X/DisGain.asm
             Gain93ValueT   0x00245e    program     static /home/mwolf/MPLABXProjects/Audio-Switch-mk4/Audio-Switch-mk4.X/DisGain.asm
                 Gain94Ts   0x000a92    program     static /home/mwolf/MPLABXProjects/Audio-Switch-mk4/Audio-Switch-mk4.X/DisGain.asm
             Gain94ValueT   0x00246a    program     static /home/mwolf/MPLABXProjects/Audio-Switch-mk4/Audio-Switch-mk4.X/DisGain.asm
                 Gain95Ts   0x000a99    program     static /home/mwolf/MPLABXProjects/Audio-Switch-mk4/Audio-Switch-mk4.X/DisGain.asm
             Gain95ValueT   0x002476    program     static /home/mwolf/MPLABXProjects/Audio-Switch-mk4/Audio-Switch-mk4.X/DisGain.asm
                 Gain96Ts   0x000aa0    program     static /home/mwolf/MPLABXProjects/Audio-Switch-mk4/Audio-Switch-mk4.X/DisGain.asm
             Gain96ValueT   0x002482    program     static /home/mwolf/MPLABXProjects/Audio-Switch-mk4/Audio-Switch-mk4.X/DisGain.asm
                 Gain97Ts   0x000aa7    program     static /home/mwolf/MPLABXProjects/Audio-Switch-mk4/Audio-Switch-mk4.X/DisGain.asm
             Gain97ValueT   0x00248e    program     static /home/mwolf/MPLABXProjects/Audio-Switch-mk4/Audio-Switch-mk4.X/DisGain.asm
                 Gain98Ts   0x000aae    program     static /home/mwolf/MPLABXProjects/Audio-Switch-mk4/Audio-Switch-mk4.X/DisGain.asm
             Gain98ValueT   0x00249a    program     static /home/mwolf/MPLABXProjects/Audio-Switch-mk4/Audio-Switch-mk4.X/DisGain.asm
                 Gain99Ts   0x000ab5    program     static /home/mwolf/MPLABXProjects/Audio-Switch-mk4/Audio-Switch-mk4.X/DisGain.asm
[...]
                  LPF69Ts   0x0039e3    program     static /home/mwolf/MPLABXProjects/Audio-Switch-mk4/Audio-Switch-mk4.X/DisLPF.asm
                  LPF70Ts   0x0039ea    program     static /home/mwolf/MPLABXProjects/Audio-Switch-mk4/Audio-Switch-mk4.X/DisLPF.asm
                  LPF71Ts   0x0039f1    program     static /home/mwolf/MPLABXProjects/Audio-Switch-mk4/Audio-Switch-mk4.X/DisLPF.asm
                  LPF72Ts   0x0039f8    program     static /home/mwolf/MPLABXProjects/Audio-Switch-mk4/Audio-Switch-mk4.X/DisLPF.asm
                  LPF73Ts   0x0039ff    program     static /home/mwolf/MPLABXProjects/Audio-Switch-mk4/Audio-Switch-mk4.X/DisLPF.asm
                  LPF74Ts   0x003a06    program     static /home/mwolf/MPLABXProjects/Audio-Switch-mk4/Audio-Switch-mk4.X/DisLPF.asm
                  LPF75Ts   0x003a0d    program     static /home/mwolf/MPLABXProjects/Audio-Switch-mk4/Audio-Switch-mk4.X/DisLPF.asm
                  LPF76Ts   0x003a14    program     static /home/mwolf/MPLABXProjects/Audio-Switch-mk4/Audio-Switch-mk4.X/DisLPF.asm
                  LPF77Ts   0x003a1b    program     static /home/mwolf/MPLABXProjects/Audio-Switch-mk4/Audio-Switch-mk4.X/DisLPF.asm
                  LPF78Ts   0x003a22    program     static /home/mwolf/MPLABXProjects/Audio-Switch-mk4/Audio-Switch-mk4.X/DisLPF.asm
                  LPF79Ts   0x003a29    program     static /home/mwolf/MPLABXProjects/Audio-Switch-mk4/Audio-Switch-mk4.X/DisLPF.asm
                  LPF80Ts   0x003a30    program     static /home/mwolf/MPLABXProjects/Audio-Switch-mk4/Audio-Switch-mk4.X/DisLPF.asm
                  LPF81Ts   0x003a37    program     static /home/mwolf/MPLABXProjects/Audio-Switch-mk4/Audio-Switch-mk4.X/DisLPF.asm
                  LPF82Ts   0x003a3e    program     static /home/mwolf/MPLABXProjects/Audio-Switch-mk4/Audio-Switch-mk4.X/DisLPF.asm
                  LPF83Ts   0x003a45    program     static /home/mwolf/MPLABXProjects/Audio-Switch-mk4/Audio-Switch-mk4.X/DisLPF.asm
                  LPF84Ts   0x003a4c    program     static /home/mwolf/MPLABXProjects/Audio-Switch-mk4/Audio-Switch-mk4.X/DisLPF.asm
                  LPF85Ts   0x003a53    program     static /home/mwolf/MPLABXProjects/Audio-Switch-mk4/Audio-Switch-mk4.X/DisLPF.asm
                  LPF86Ts   0x003a5a    program     static /home/mwolf/MPLABXProjects/Audio-Switch-mk4/Audio-Switch-mk4.X/DisLPF.asm
                  LPF87Ts   0x003a61    program     static /home/mwolf/MPLABXProjects/Audio-Switch-mk4/Audio-Switch-mk4.X/DisLPF.asm
                  LPF88Ts   0x003a68    program     static /home/mwolf/MPLABXProjects/Audio-Switch-mk4/Audio-Switch-mk4.X/DisLPF.asm
                  LPF89Ts   0x003a6f    program     static /home/mwolf/MPLABXProjects/Audio-Switch-mk4/Audio-Switch-mk4.X/DisLPF.asm
                  LPF90Ts   0x003a76    program     static /home/mwolf/MPLABXProjects/Audio-Switch-mk4/Audio-Switch-mk4.X/DisLPF.asm
                  LPF91Ts   0x003a7d    program     static /home/mwolf/MPLABXProjects/Audio-Switch-mk4/Audio-Switch-mk4.X/DisLPF.asm
                  LPF92Ts   0x003a84    program     static /home/mwolf/MPLABXProjects/Audio-Switch-mk4/Audio-Switch-mk4.X/DisLPF.asm
                  LPF93Ts   0x003a8b    program     static /home/mwolf/MPLABXProjects/Audio-Switch-mk4/Audio-Switch-mk4.X/DisLPF.asm
                  LPF94Ts   0x003a92    program     static /home/mwolf/MPLABXProjects/Audio-Switch-mk4/Audio-Switch-mk4.X/DisLPF.asm
                  LPF95Ts   0x003a99    program     static /home/mwolf/MPLABXProjects/Audio-Switch-mk4/Audio-Switch-mk4.X/DisLPF.asm
                  LPF96Ts   0x003aa0    program     static /home/mwolf/MPLABXProjects/Audio-Switch-mk4/Audio-Switch-mk4.X/DisLPF.asm
                  LPF97Ts   0x003aa7    program     static /home/mwolf/MPLABXProjects/Audio-Switch-mk4/Audio-Switch-mk4.X/DisLPF.asm
                  LPF98Ts   0x003aae    program     static /home/mwolf/MPLABXProjects/Audio-Switch-mk4/Audio-Switch-mk4.X/DisLPF.asm
                  LPF99Ts   0x003ab5    program     static /home/mwolf/MPLABXProjects/Audio-Switch-mk4/Audio-Switch-mk4.X/DisLPF.asm
                 LPF100Ts   0x003abc    program     static /home/mwolf/MPLABXProjects/Audio-Switch-mk4/Audio-Switch-mk4.X/DisLPF.asm
                 LPF101Ts   0x003ac3    program     static /home/mwolf/MPLABXProjects/Audio-Switch-mk4/Audio-Switch-mk4.X/DisLPF.asm
                 LPF102Ts   0x003aca    program     static /home/mwolf/MPLABXProjects/Audio-Switch-mk4/Audio-Switch-mk4.X/DisLPF.asm
                 LPF103Ts   0x003ad1    program     static /home/mwolf/MPLABXProjects/Audio-Switch-mk4/Audio-Switch-mk4.X/DisLPF.asm
                 LPF104Ts   0x003ad8    program     static /home/mwolf/MPLABXProjects/Audio-Switch-mk4/Audio-Switch-mk4.X/DisLPF.asm
                 LPF105Ts   0x003adf    program     static /home/mwolf/MPLABXProjects/Audio-Switch-mk4/Audio-Switch-mk4.X/DisLPF.asm
                 LPF106Ts   0x003ae6    program     static /home/mwolf/MPLABXProjects/Audio-Switch-mk4/Audio-Switch-mk4.X/DisLPF.asm
                 LPF107Ts   0x003aed    program     static /home/mwolf/MPLABXProjects/Audio-Switch-mk4/Audio-Switch-mk4.X/DisLPF.asm
                 LPF108Ts   0x003af4    program     static /home/mwolf/MPLABXProjects/Audio-Switch-mk4/Audio-Switch-mk4.X/DisLPF.asm
                 LPF109Ts   0x003afb    program     static /home/mwolf/MPLABXProjects/Audio-Switch-mk4/Audio-Switch-mk4.X/DisLPF.asm
                 LPF110Ts   0x003b02    program     static /home/mwolf/MPLABXProjects/Audio-Switch-mk4/Audio-Switch-mk4.X/DisLPF.asm
                 LPF111Ts   0x003b09    program     static /home/mwolf/MPLABXProjects/Audio-Switch-mk4/Audio-Switch-mk4.X/DisLPF.asm
                 LPF112Ts   0x003b10    program     static /home/mwolf/MPLABXProjects/Audio-Switch-mk4/Audio-Switch-mk4.X/DisLPF.asm
                 LPF113Ts   0x003b17    program     static /home/mwolf/MPLABXProjects/Audio-Switch-mk4/Audio-Switch-mk4.X/DisLPF.asm
                 LPF114Ts   0x003b1e    program     static /home/mwolf/MPLABXProjects/Audio-Switch-mk4/Audio-Switch-mk4.X/DisLPF.asm
                 LPF115Ts   0x003b25    program     static /home/mwolf/MPLABXProjects/Audio-Switch-mk4/Audio-Switch-mk4.X/DisLPF.asm
                 LPF116Ts   0x003b2c    program     static /home/mwolf/MPLABXProjects/Audio-Switch-mk4/Audio-Switch-mk4.X/DisLPF.asm
                 LPF117Ts   0x003b33    program     static /home/mwolf/MPLABXProjects/Audio-Switch-mk4/Audio-Switch-mk4.X/DisLPF.asm
                 LPF118Ts   0x003b3a    program     static /home/mwolf/MPLABXProjects/Audio-Switch-mk4/Audio-Switch-mk4.X/DisLPF.asm
                 LPF119Ts   0x003b41    program     static /home/mwolf/MPLABXProjects/Audio-Switch-mk4/Audio-Switch-mk4.X/DisLPF.asm
                 LPF120Ts   0x003b48    program     static /home/mwolf/MPLABXProjects/Audio-Switch-mk4/Audio-Switch-mk4.X/DisLPF.asm
                 LPF121Ts   0x003b4f    program     static /home/mwolf/MPLABXProjects/Audio-Switch-mk4/Audio-Switch-mk4.X/DisLPF.asm
                 LPF122Ts   0x003b56    program     static /home/mwolf/MPLABXProjects/Audio-Switch-mk4/Audio-Switch-mk4.X/DisLPF.asm
                 LPF123Ts   0x003b5d    program     static /home/mwolf/MPLABXProjects/Audio-Switch-mk4/Audio-Switch-mk4.X/DisLPF.asm
                 LPF124Ts   0x003b64    program     static /home/mwolf/MPLABXProjects/Audio-Switch-mk4/Audio-Switch-mk4.X/DisLPF.asm
                 LPF125Ts   0x003b6b    program     static /home/mwolf/MPLABXProjects/Audio-Switch-mk4/Audio-Switch-mk4.X/DisLPF.asm
                 LPF126Ts   0x003b72    program     static /home/mwolf/MPLABXProjects/Audio-Switch-mk4/Audio-Switch-mk4.X/DisLPF.asm
                 LPF127Ts   0x003b79    program     static /home/mwolf/MPLABXProjects/Audio-Switch-mk4/Audio-Switch-mk4.X/DisLPF.asm
               PortLNameT   0x003b80    program     static ../Display.asm           
              PortLNameTs   0x003b84    program     static ../Display.asm           
               PortRNameT   0x003b87    program     static ../Display.asm           
              PortRNameTs   0x003b8b    program     static ../Display.asm           
               Port1NameT   0x003b8e    program     static ../Display.asm           
              Port1NameTs   0x003b92    program     static ../Display.asm           
               Port2NameT   0x003b95    program     static ../Display.asm           
              Port2NameTs   0x003b99    program     static ../Display.asm           
             Input1NameTs   0x003b9c    program     static ../Display.asm           
             Input2NameTs   0x003ba3    program     static ../Display.asm           
             Input3NameTs   0x003baa    program     static ../Display.asm           
             Input4NameTs   0x003bb1    program     static ../Display.asm           
             Input5NameTs   0x003bb8    program     static ../Display.asm           
             Input6NameTs   0x003bbf    program     static ../Display.asm           
             Input7NameTs   0x003bc6    program     static ../Display.asm           
             Input8NameTs   0x003bcd    program     static ../Display.asm           
              Input1NumTs   0x003bd4    program     static ../Display.asm           
              Input2NumTs   0x003bd7    program     static ../Display.asm           
              Input3NumTs   0x003bda    program     static ../Display.asm           
              Input4NumTs   0x003bdd    program     static ../Display.asm           
              Input5NumTs   0x003be0    program     static ../Display.asm           
              Input6NumTs   0x003be3    program     static ../Display.asm           
              Input7NumTs   0x003be6    program     static ../Display.asm           
              Input8NumTs   0x003be9    program     static ../Display.asm           
                DisInName   0x003bec    program     extern ../Display.asm           
               DisInNameS   0x003bee    program     static ../Display.asm           
               Input1Name   0x003c13    program     static ../Display.asm           
              Input1NameT   0x003c15    program     static ../Display.asm           
              Input2NameT   0x003c1f    program     static ../Display.asm           
              Input3NameT   0x003c29    program     static ../Display.asm           
              Input4NameT   0x003c33    program     static ../Display.asm           
              Input5NameT   0x003c3d    program     static ../Display.asm           
              Input6NameT   0x003c47    program     static ../Display.asm           
              Input7NameT   0x003c51    program     static ../Display.asm           
              Input8NameT   0x003c5b    program     static ../Display.asm           
                 DisLName   0x003c65    program     extern ../Display.asm           
                DisLNameS   0x003c66    program     static ../Display.asm           
                 DisRName   0x003c6f    program     extern ../Display.asm           
                DisRNameS   0x003c70    program     static ../Display.asm           
                 Dis1Name   0x003c79    program     extern ../Display.asm           
                Dis1NameS   0x003c7a    program     static ../Display.asm           
                 Dis2Name   0x003c83    program     extern ../Display.asm           
                Dis2NameS   0x003c84    program     static ../Display.asm           
              DisOutInDiv   0x003c8d    program     extern ../Display.asm           
               DisPortDiv   0x003c92    program     extern ../Display.asm           
           SerialSendChar   0x003c99    program     extern ../Display.asm           
           _.Display_011B   0x003c9b    program     static ../Display.asm           
               SerNewLine   0x003c9f    program     extern ../Display.asm           
              SerDisLName   0x003ca6    program     extern ../Display.asm           
             SerDisLNameS   0x003ca8    program     static ../Display.asm           
              SerDisRName   0x003cb3    program     extern ../Display.asm           
             SerDisRNameS   0x003cb5    program     static ../Display.asm           
              SerDis1Name   0x003cc0    program     extern ../Display.asm           
             SerDis1NameS   0x003cc2    program     static ../Display.asm           
              SerDis2Name   0x003ccd    program     extern ../Display.asm           
             SerDis2NameS   0x003ccf    program     static ../Display.asm           
              SerOutInDiv   0x003cda    program     extern ../Display.asm           
            SerDisPortDiv   0x003cde    program     extern ../Display.asm           
                 SerComma   0x003ce4    program     extern ../Display.asm           
         EndSerialDisplay   0x003ce8    program     static ../Display.asm           
             SerDisInName   0x003ce9    program     extern ../Display.asm           
            SerDisInNameS   0x003cec    program     static ../Display.asm           
            SerInput1Name   0x003d11    program     static ../Display.asm           
           SerInput1NameT   0x003d14    program     static ../Display.asm           
           SerInput2NameT   0x003d20    program     static ../Display.asm           
           SerInput3NameT   0x003d2c    program     static ../Display.asm           
           SerInput4NameT   0x003d38    program     static ../Display.asm           
           SerInput5NameT   0x003d44    program     static ../Display.asm           
           SerInput6NameT   0x003d50    program     static ../Display.asm           
           SerInput7NameT   0x003d5c    program     static ../Display.asm           
           SerInput8NameT   0x003d68    program     static ../Display.asm           
              SerDisInNum   0x003d74    program     extern ../Display.asm           
             SerDisInNumS   0x003d77    program     static ../Display.asm           
             SerInput1Num   0x003d9c    program     static ../Display.asm           
            SerInput1NumT   0x003d9f    program     static ../Display.asm           
            SerInput2NumT   0x003dab    program     static ../Display.asm           
            SerInput3NumT   0x003db7    program     static ../Display.asm           
            SerInput4NumT   0x003dc3    program     static ../Display.asm           
            SerInput5NumT   0x003dcf    program     static ../Display.asm           
            SerInput6NumT   0x003ddb    program     static ../Display.asm           
            SerInput7NumT   0x003de7    program     static ../Display.asm           
            SerInput8NumT   0x003df3    program     static ../Display.asm           
         SerMessEnterComm   0x003dff    program     extern ../Display.asm           
               EnterCommT   0x003e0c    program     static ../Display.asm           
              EnterCommTs   0x003e18    program     static ../Display.asm           
          SerMessCommPort   0x003e28    program     extern ../Display.asm           
         SerMessCommPortT   0x003e35    program     static ../Display.asm           
        SerMessCommPortTs   0x003e41    program     static ../Display.asm           
            SerMessCommIn   0x003e4a    program     extern ../Display.asm           
           SerMessCommInT   0x003e57    program     static ../Display.asm           
          SerMessCommInTs   0x003e63    program     static ../Display.asm           
           SerMessCommEnd   0x003e73    program     extern ../Display.asm           
          SerMessCommEndT   0x003e80    program     static ../Display.asm           
         SerMessCommEndTs   0x003e8c    program     static ../Display.asm           
                   DATAEE   0x00f000    program     static ../Audio-Switch.asm      
               PortLCount   0x000620       data     static ../Audio-Switch.asm      
               PortRCount   0x000621       data     static ../Audio-Switch.asm      
               PortACount   0x000622       data     static ../Audio-Switch.asm      
               PortBCount   0x000623       data     static ../Audio-Switch.asm      
                  Buttons   0x000624       data     static ../Audio-Switch.asm      
                 PB_State   0x000625       data     static ../Audio-Switch.asm      
                   RXData   0x000626       data     static ../Audio-Switch.asm      
                MuxSource   0x000627       data     static ../Audio-Switch.asm      
                    Flags   0x000628       data     static ../Audio-Switch.asm      
                  BlFlags   0x000629       data     static ../Audio-Switch.asm      
             CommandFlags   0x00062a       data     static ../Audio-Switch.asm      
               TimerCount   0x00062b       data     static ../Audio-Switch.asm      
                 NumThSec   0x00062c       data     static ../Audio-Switch.asm      
                   NumSec   0x00062d       data     static ../Audio-Switch.asm      
                   NumMin   0x00062e       data     static ../Audio-Switch.asm      
             Pcf8574_Data   0x00062f       data     static ../Audio-Switch.asm      
              Pot_L_Value   0x000630       data     static ../Audio-Switch.asm      
              Pot_R_Value   0x000631       data     static ../Audio-Switch.asm      
              Pot_A_Value   0x000632       data     static ../Audio-Switch.asm      
              Pot_B_Value   0x000633       data     static ../Audio-Switch.asm      
              LPF_L_Value   0x000634       data     static ../Audio-Switch.asm      
              LPF_R_Value   0x000635       data     static ../Audio-Switch.asm      
              LPF_A_Value   0x000636       data     static ../Audio-Switch.asm      
              LPF_B_Value   0x000637       data     static ../Audio-Switch.asm      
           Gain_LPF_Flags   0x000638       data     static ../Audio-Switch.asm      
         GainLPFCom_Flags   0x000639       data     static ../Audio-Switch.asm      
                     Save   0x00063a       data     static ../Audio-Switch.asm      
                  Address   0x00063b       data     static ../Audio-Switch.asm      
                     Temp   0x00063c       data     static ../Audio-Switch.asm      
                     Test   0x00063d       data     static ../Audio-Switch.asm      
                  Reverse   0x00063e       data     static ../Audio-Switch.asm      
                 SaveLetr   0x00063f       data     static ../Myletr.asm            
              GainCharIdx   0x000640       data     static /home/mwolf/MPLABXProjects/Audio-Switch-mk4/Audio-Switch-mk4.X/DisGain.asm
                  GainIdx   0x000641       data     static /home/mwolf/MPLABXProjects/Audio-Switch-mk4/Audio-Switch-mk4.X/DisGain.asm
               LPFCharIdx   0x000642       data     static /home/mwolf/MPLABXProjects/Audio-Switch-mk4/Audio-Switch-mk4.X/DisLPF.asm
                   LPFIdx   0x000643       data     static /home/mwolf/MPLABXProjects/Audio-Switch-mk4/Audio-Switch-mk4.X/DisLPF.asm
                  CharIdx   0x000644       data     static ../Display.asm           
                  PortIdx   0x000645       data     static ../Display.asm           
                 _DELV003   0x000646       data     static ../LCDlib/LCDlib/Del2ms.asm
                 _DELV004   0x000647       data     static ../LCDlib/LCDlib/Del2ms.asm
                 _DELV001   0x000648       data     static ../LCDlib/LCDlib/Del40us.asm
                 _DELV002   0x000649       data     static ../LCDlib/LCDlib/Del40us.asm
                     Save   0x00064a       data     static ../LCDlib/LCDlib/LCDsend.asm
                    Count   0x00064a       data     static ../MyInit.asm            
                     Addr   0x00064a       data     static ../LCDlib/LCDlib/LCDaddr.asm


